
> @workspace/cad-ingest@0.0.0 txgio-ingest P:\legacy-design-tools-wave0\lib\cad-ingest
> tsx src/txgio/cli.ts "--" "--county=48259"

[txgio-ingest] downloading https://data.geographic.texas.gov/0fa04328-872e-481c-b453-126a74777593/resources/stratmap25-landparcels_48259_lp.zip
[txgio-ingest] saved C:\Users\cente\AppData\Local\Temp\txgio-ingest-IcxX6y\stratmap25-landparcels_48259_lp.zip
[txgio-ingest] extracting shp/stratmap25-landparcels_48259_kendall_202503.dbf (65153090 bytes)
[txgio-ingest] extracting shp/stratmap25-landparcels_48259_kendall_202503.prj (145 bytes)
[txgio-ingest] extracting shp/stratmap25-landparcels_48259_kendall_202503.shp (16941996 bytes)
[txgio-ingest] projection: GCS_WGS_1984 geographic (stratmap25-landparcels_48259_kendall_202503.prj)
[txgio-ingest] county=48259 (Kendall) source=https://data.geographic.texas.gov/0fa04328-872e-481c-b453-126a74777593/resources/stratmap25-landparcels_48259_lp.zip
[txgio-ingest] shapefile: C:\Users\cente\AppData\Local\Temp\txgio-ingest-IcxX6y\stratmap25-landparcels_48259_kendall_202503.shp
[txgio-ingest] vintage=stratmap25-landparcels_48259_kendall_202503
[txgio-ingest] replacing existing 48259 rows (36240 present) — delete + load run in ONE transaction
[txgio-ingest] inserted 25000 rows...
[txgio-ingest] ---- ingest summary ----
[txgio-ingest] county:           48259 (Kendall)
[txgio-ingest] loaded before:    yes
[txgio-ingest] source file:      stratmap25-landparcels_48259_lp.zip
[txgio-ingest] source vintage:   stratmap25-landparcels_48259_kendall_202503
[txgio-ingest] source CRS:       wgs84-geographic
[txgio-ingest] features read:    30388
[txgio-ingest] features parsed:  29986
[txgio-ingest] features load: 29986
[txgio-ingest] rows delete:  36240
[txgio-ingest] rows insert:  36240 (one per intersecting grid cell)
[txgio-ingest] features skipped: 402 (no polygon geometry)
[txgio-ingest] duration:         117.2s
[txgio-ingest] skip samples:     feature 29821: empty geometry | feature 29822: empty geometry | feature 29823: empty geometry | feature 29824: empty geometry | feature 29825: empty geometry

(node:130136) Warning: SECURITY WARNING: The SSL modes 'prefer', 'require', and 'verify-ca' are treated as aliases for 'verify-full'.
In the next major version (pg-connection-string v3.0.0 and pg v9.0.0), these modes will adopt standard libpq semantics, which have weaker security guarantees.

To prepare for this change:
- If you want the current behavior, explicitly use 'sslmode=verify-full'
- If you want libpq compatibility now, use 'uselibpqcompat=true&sslmode=require'

See https://www.postgresql.org/docs/current/libpq-ssl.html for libpq SSL mode definitions.
(Use `node --trace-warnings ...` to show where the warning was created)
