2026-09-02T02:07:18.959Z selftest PASS (0 failures)
2026-09-02T02:07:35.486Z selftest FAIL (3 failures)
2026-09-02T02:07:41.279Z selftest PASS (0 failures)
2026-09-02T02:07:55.385Z bake 48021 (Bastrop) START — heavy index range scan on place_layer_snapshots
2026-09-02T02:08:15.207Z bake 48021 DONE in 20s parcels=77799
2026-09-02T02:08:15.208Z bake 48055 (Caldwell) START — heavy index range scan on place_layer_snapshots
2026-09-02T02:08:36.524Z bake 48055 DONE in 21s parcels=48649
2026-09-02T02:08:36.524Z bake 48209 (Hays) START — heavy index range scan on place_layer_snapshots
2026-09-02T02:10:07.033Z bake 48209 DONE in 91s parcels=173050
2026-09-02T02:10:07.033Z bake 48309 (McLennan) START — heavy index range scan on place_layer_snapshots
2026-09-02T02:10:46.549Z bake 48309 DONE in 40s parcels=114255
2026-09-02T02:10:46.549Z bake 48453 (Travis) START — heavy index range scan on place_layer_snapshots
2026-09-02T02:14:29.331Z bake 48453 DONE in 223s parcels=500307
2026-09-02T02:14:29.331Z bake 48491 (Williamson) START — heavy index range scan on place_layer_snapshots
2026-09-02T02:18:41.832Z bake 48491 DONE in 253s parcels=602050
2026-09-02T02:18:53.743Z juris 48021 START
2026-09-02T02:19:30.259Z juris 48021 DONE in 37s
2026-09-02T02:19:30.260Z juris 48055 START
2026-09-02T02:19:46.195Z juris 48055 DONE in 16s
2026-09-02T02:19:46.195Z juris 48209 START
2026-09-02T02:20:22.634Z juris 48209 DONE in 36s
2026-09-02T02:20:22.634Z juris 48309 START
2026-09-02T02:20:34.601Z juris 48309 DONE in 12s
2026-09-02T02:20:34.602Z juris 48453 START
2026-09-02T02:22:44.430Z juris 48453 DONE in 130s
2026-09-02T02:22:44.431Z juris 48491 START
2026-09-02T02:27:00.362Z juris 48491 DONE in 256s
2026-09-02T02:28:10.682Z atoms 48021 START
2026-09-02T02:28:52.875Z atoms 48021 DONE in 42s
2026-09-02T02:28:52.875Z atoms 48055 START
2026-09-02T02:29:01.255Z atoms 48055 DONE in 8s
2026-09-02T02:29:01.255Z atoms 48209 START
2026-09-02T02:29:19.051Z atoms 48209 DONE in 18s
2026-09-02T02:29:19.052Z atoms 48309 START
2026-09-02T02:29:23.824Z atoms 48309 DONE in 5s
2026-09-02T02:29:23.825Z atoms 48453 START
2026-09-02T02:30:25.283Z atoms 48453 DONE in 61s
2026-09-02T02:30:25.283Z atoms 48491 START
2026-09-02T02:31:01.005Z atoms 48491 DONE in 36s
2026-09-02T02:39:29.624Z selftest PASS (0 failures)
2026-09-02T02:39:30.267Z zoningdiv 48021 START
2026-09-02T02:39:56.308Z zoningdiv 48021 DONE in 26s
2026-09-02T02:39:56.309Z zoningdiv 48055 START
2026-09-02T02:40:08.338Z zoningdiv 48055 DONE in 12s
2026-09-02T02:40:08.338Z zoningdiv 48209 START
2026-09-02T02:41:27.222Z zoningdiv 48209 DONE in 79s
2026-09-02T02:41:27.222Z zoningdiv 48309 START
2026-09-02T02:42:03.962Z zoningdiv 48309 DONE in 37s
2026-09-02T02:42:03.962Z zoningdiv 48453 START
2026-09-02T02:43:47.879Z zoningdiv 48453 DONE in 104s
2026-09-02T02:43:47.879Z zoningdiv 48491 START
2026-09-02T02:46:07.323Z zoningdiv 48491 DONE in 139s
