
> @workspace/cad-ingest@0.0.0 txgio-ingest P:\legacy-design-tools-wave0\lib\cad-ingest
> tsx src/txgio/cli.ts "--" "--county=48379"

[txgio-ingest] downloading https://data.geographic.texas.gov/0fa04328-872e-481c-b453-126a74777593/resources/stratmap25-landparcels_48379_lp.zip
[txgio-ingest] saved C:\Users\cente\AppData\Local\Temp\txgio-ingest-zNGqOi\stratmap25-landparcels_48379_lp.zip
[txgio-ingest] extracting shp/stratmap25-landparcels_48379_rains_202503.dbf (26398146 bytes)
[txgio-ingest] extracting shp/stratmap25-landparcels_48379_rains_202503.prj (145 bytes)
[txgio-ingest] extracting shp/stratmap25-landparcels_48379_rains_202503.shp (2193284 bytes)
[txgio-ingest] projection: GCS_WGS_1984 geographic (stratmap25-landparcels_48379_rains_202503.prj)
[txgio-ingest] county=48379 (Rains) source=https://data.geographic.texas.gov/0fa04328-872e-481c-b453-126a74777593/resources/stratmap25-landparcels_48379_lp.zip
[txgio-ingest] shapefile: C:\Users\cente\AppData\Local\Temp\txgio-ingest-zNGqOi\stratmap25-landparcels_48379_rains_202503.shp
[txgio-ingest] vintage=stratmap25-landparcels_48379_rains_202503
[txgio-ingest] replacing existing 48379 rows (14622 present) — delete + load run in ONE transaction
[txgio-ingest] ---- ingest summary ----
[txgio-ingest] county:           48379 (Rains)
[txgio-ingest] loaded before:    yes
[txgio-ingest] source file:      stratmap25-landparcels_48379_lp.zip
[txgio-ingest] source vintage:   stratmap25-landparcels_48379_rains_202503
[txgio-ingest] source CRS:       wgs84-geographic
[txgio-ingest] features read:    12312
[txgio-ingest] features parsed:  12301
[txgio-ingest] features load: 12301
[txgio-ingest] rows delete:  14622
[txgio-ingest] rows insert:  14622 (one per intersecting grid cell)
[txgio-ingest] features skipped: 11 (no polygon geometry)
[txgio-ingest] duration:         35.0s
[txgio-ingest] skip samples:     feature 4: empty geometry | feature 15: empty geometry | feature 17: empty geometry | feature 18: empty geometry | feature 19: empty geometry

(node:134956) Warning: SECURITY WARNING: The SSL modes 'prefer', 'require', and 'verify-ca' are treated as aliases for 'verify-full'.
In the next major version (pg-connection-string v3.0.0 and pg v9.0.0), these modes will adopt standard libpq semantics, which have weaker security guarantees.

To prepare for this change:
- If you want the current behavior, explicitly use 'sslmode=verify-full'
- If you want libpq compatibility now, use 'uselibpqcompat=true&sslmode=require'

See https://www.postgresql.org/docs/current/libpq-ssl.html for libpq SSL mode definitions.
(Use `node --trace-warnings ...` to show where the warning was created)
