---
pid: 62880
cwd: "P:\\tmp\\ldt-dfw-ingest"
command: "Set-Location p:\\tmp\\ldt-dfw-ingest\npnpm --filter @workspace/cad-ingest stratmap-landuse -- --county=48085 2>&1 | Tee-Object -FilePath p:\\doc_repo\\_inbox\\2026-08-04_collin_stratmap_landuse_apply.log"
title: "Apply stratmap-landuse ingest for Collin County 48085"
status: succeeded
started_at: 2026-08-04T23:37:26.946Z
running_for_ms: 146860   
---

> @workspace/cad-ingest@0.0.0 stratmap-landuse P:\tmp\ldt-dfw-ingest\lib\cad-ingest
> tsx src/txgio/landuse-cli.ts "--county=48085"

[stratmap-landuse] downloading https://data.geographic.texas.gov/0fa04328-872e-481c-b453-126a74777593/resources/stratmap25-landparcels_48085_lp.zip
[stratmap-landuse] saved C:\Users\cente\AppData\Local\Temp\stratmap-landuse-2Pqqef\stratmap25-landparcels_48085_lp.zip
[stratmap-landuse] extracting shp/stratmap25-landparcels_48085_collin_202503.dbf (846821010 bytes)
[stratmap-landuse] extracting shp/stratmap25-landparcels_48085_collin_202503.prj (145 bytes)
[stratmap-landuse] extracting shp/stratmap25-landparcels_48085_collin_202503.shp (95806652 bytes)
[stratmap-landuse] county=48085 (Collin) source=https://data.geographic.texas.gov/0fa04328-872e-481c-b453-126a74777593/resources/stratmap25-landparcels_48085_lp.zip
[stratmap-landuse] dbf: C:\Users\cente\AppData\Local\Temp\stratmap-landuse-2Pqqef\stratmap25-landparcels_48085_collin_202503.dbf
[stratmap-landuse] vintage=stratmap25-landparcels_48085_collin_202503
node.exe : (node:54244) Warning: SECURITY WARNING: The SSL modes 'prefer', 'require', and 'verify-ca' are treated as 
aliases for 'verify-full'.
At C:\Users\cente\AppData\Roaming\npm\pnpm.ps1:24 char:5
+     & "node$exe"  "$basedir/node_modules/pnpm/bin/pnpm.cjs" $args
+     ~~~~~~~~~~~~~~~~~~~~~~~~~~~~~~~~~~~~~~~~~~~~~~~~~~~~~~~~~~~~~
    + CategoryInfo          : NotSpecified: ((node:54244) Wa... 'verify-full'.:String) [], RemoteException
    + FullyQualifiedErrorId : NativeCommandError
 
In the next major version (pg-connection-string v3.0.0 and pg v9.0.0), these modes will adopt standard libpq 
semantics, which have weaker security guarantees.
To prepare for this change:
- If you want the current behavior, explicitly use 'sslmode=verify-full'
- If you want libpq compatibility now, use 'uselibpqcompat=true&sslmode=require'
See https://www.postgresql.org/docs/current/libpq-ssl.html for libpq SSL mode definitions.
(Use `node --trace-warnings ...` to show where the warning was created)
[stratmap-landuse] upserted 50000 rows...
[stratmap-landuse] upserted 100000 rows...
[stratmap-landuse] upserted 150000 rows...
[stratmap-landuse] upserted 200000 rows...
[stratmap-landuse] upserted 250000 rows...
[stratmap-landuse] upserted 300000 rows...
[stratmap-landuse] upserted 350000 rows...
[stratmap-landuse] ---- land-use ingest summary ----
[stratmap-landuse] county:           48085 (Collin)
[stratmap-landuse] source file:      stratmap25-landparcels_48085_lp.zip
[stratmap-landuse] source vintage:   stratmap25-landparcels_48085_collin_202503
[stratmap-landuse] rows read:        387738
[stratmap-landuse] rows parsed:      387334
[stratmap-landuse]   with land-use:  385439 (STAT_LAND_ present)
[stratmap-landuse]   land-use null:  1895 (blank STAT_LAND_ - left null)
[stratmap-landuse] rows upserted:    387334
[stratmap-landuse] rows skipped:     0 (no Prop_ID / no TAX_YEAR)
[stratmap-landuse] duplicate rows:   404 (same prop+year in file)
[stratmap-landuse] duration:         144.9s

---
exit_code: 0
elapsed_ms: 146860
ended_at: 2026-08-04T23:39:53.806Z
---
