
> @workspace/cad-ingest@0.0.0 txgio-ingest P:\legacy-design-tools-wave0\lib\cad-ingest
> tsx src/txgio/cli.ts "--" "--county=48469"

[txgio-ingest] downloading https://data.geographic.texas.gov/0fa04328-872e-481c-b453-126a74777593/resources/stratmap25-landparcels_48469_lp.zip
[txgio-ingest] saved C:\Users\cente\AppData\Local\Temp\txgio-ingest-h5MuDX\stratmap25-landparcels_48469_lp.zip
[txgio-ingest] extracting shp/stratmap25-landparcels_48469_victoria_202503.dbf (96704194 bytes)
[txgio-ingest] extracting shp/stratmap25-landparcels_48469_victoria_202503.prj (145 bytes)
[txgio-ingest] extracting shp/stratmap25-landparcels_48469_victoria_202503.shp (15539856 bytes)
[txgio-ingest] projection: GCS_WGS_1984 geographic (stratmap25-landparcels_48469_victoria_202503.prj)
[txgio-ingest] county=48469 (Victoria) source=https://data.geographic.texas.gov/0fa04328-872e-481c-b453-126a74777593/resources/stratmap25-landparcels_48469_lp.zip
[txgio-ingest] shapefile: C:\Users\cente\AppData\Local\Temp\txgio-ingest-h5MuDX\stratmap25-landparcels_48469_victoria_202503.shp
[txgio-ingest] vintage=stratmap25-landparcels_48469_victoria_202503
[txgio-ingest] replacing existing 48469 rows (54388 present) — delete + load run in ONE transaction
[txgio-ingest] inserted 25000 rows...
[txgio-ingest] inserted 50000 rows...
[txgio-ingest] ---- ingest summary ----
[txgio-ingest] county:           48469 (Victoria)
[txgio-ingest] loaded before:    yes
[txgio-ingest] source file:      stratmap25-landparcels_48469_lp.zip
[txgio-ingest] source vintage:   stratmap25-landparcels_48469_victoria_202503
[txgio-ingest] source CRS:       wgs84-geographic
[txgio-ingest] features read:    45104
[txgio-ingest] features parsed:  45104
[txgio-ingest] features load: 45104
[txgio-ingest] rows delete:  54388
[txgio-ingest] rows insert:  54388 (one per intersecting grid cell)
[txgio-ingest] features skipped: 0 (no polygon geometry)
[txgio-ingest] duration:         150.7s

(node:137556) Warning: SECURITY WARNING: The SSL modes 'prefer', 'require', and 'verify-ca' are treated as aliases for 'verify-full'.
In the next major version (pg-connection-string v3.0.0 and pg v9.0.0), these modes will adopt standard libpq semantics, which have weaker security guarantees.

To prepare for this change:
- If you want the current behavior, explicitly use 'sslmode=verify-full'
- If you want libpq compatibility now, use 'uselibpqcompat=true&sslmode=require'

See https://www.postgresql.org/docs/current/libpq-ssl.html for libpq SSL mode definitions.
(Use `node --trace-warnings ...` to show where the warning was created)
