---
pid: 38648
cwd: "P:\\tmp\\engine-dfw-bake\\packages\\engine-core"
command: "Set-Location p:\\tmp\\engine-dfw-bake\\packages\\engine-core\nnpx tsx scripts/bake-property-atom-county.mjs --county=48085 2>&1 | Tee-Object -FilePath p:\\doc_repo\\_inbox\\2026-08-04_collin_property_atom_apply.log"
title: "Apply bake-property-atom-county for Collin County"
status: succeeded
started_at: 2026-08-05T00:36:07.035Z
running_for_ms: 2881882  
---
{"event":"breadth-county-bake.start","county":"48085","name":"Collin","denominator":387334,"offset":0,"limit":"all","dryRun":false}
{"event":"breadth.progress","county":"48085","parcelsSeen":2000,"atomsWritten":2000,"zoningAbsenceRate":1,"wallMs":11618}
{"event":"breadth.progress","county":"48085","parcelsSeen":4000,"atomsWritten":4000,"zoningAbsenceRate":1,"wallMs":17927}
{"event":"breadth.progress","county":"48085","parcelsSeen":6000,"atomsWritten":6000,"zoningAbsenceRate":1,"wallMs":24089}
{"event":"breadth.progress","county":"48085","parcelsSeen":8000,"atomsWritten":8000,"zoningAbsenceRate":1,"wallMs":30285}
{"event":"breadth.progress","county":"48085","parcelsSeen":10000,"atomsWritten":10000,"zoningAbsenceRate":1,"wallMs":36535}
{"event":"breadth.progress","county":"48085","parcelsSeen":12000,"atomsWritten":12000,"zoningAbsenceRate":1,"wallMs":42382}
{"event":"breadth.progress","county":"48085","parcelsSeen":14000,"atomsWritten":14000,"zoningAbsenceRate":1,"wallMs":48270}
{"event":"breadth.progress","county":"48085","parcelsSeen":16000,"atomsWritten":16000,"zoningAbsenceRate":1,"wallMs":54138}
{"event":"breadth.progress","county":"48085","parcelsSeen":18000,"atomsWritten":18000,"zoningAbsenceRate":1,"wallMs":60341}
{"event":"breadth.progress","county":"48085","parcelsSeen":20000,"atomsWritten":20000,"zoningAbsenceRate":1,"wallMs":66353}
{"event":"breadth.progress","county":"48085","parcelsSeen":22000,"atomsWritten":22000,"zoningAbsenceRate":1,"wallMs":72272}
{"event":"breadth.progress","county":"48085","parcelsSeen":24000,"atomsWritten":24000,"zoningAbsenceRate":1,"wallMs":78231}
{"event":"breadth.progress","county":"48085","parcelsSeen":26000,"atomsWritten":26000,"zoningAbsenceRate":1,"wallMs":84268}
{"event":"breadth.progress","county":"48085","parcelsSeen":28000,"atomsWritten":28000,"zoningAbsenceRate":1,"wallMs":90761}
{"event":"breadth.progress","county":"48085","parcelsSeen":30000,"atomsWritten":30000,"zoningAbsenceRate":1,"wallMs":99729}
{"event":"breadth.progress","county":"48085","parcelsSeen":32000,"atomsWritten":32000,"zoningAbsenceRate":1,"wallMs":108251}
{"event":"breadth.progress","county":"48085","parcelsSeen":34000,"atomsWritten":34000,"zoningAbsenceRate":1,"wallMs":115996}
{"event":"breadth.progress","county":"48085","parcelsSeen":36000,"atomsWritten":36000,"zoningAbsenceRate":1,"wallMs":122914}
{"event":"breadth.progress","county":"48085","parcelsSeen":38000,"atomsWritten":38000,"zoningAbsenceRate":1,"wallMs":129149}
{"event":"breadth.progress","county":"48085","parcelsSeen":40000,"atomsWritten":40000,"zoningAbsenceRate":1,"wallMs":136436}
{"event":"breadth.progress","county":"48085","parcelsSeen":42000,"atomsWritten":42000,"zoningAbsenceRate":1,"wallMs":143795}
{"event":"breadth.progress","county":"48085","parcelsSeen":44000,"atomsWritten":44000,"zoningAbsenceRate":1,"wallMs":151165}
{"event":"breadth.progress","county":"48085","parcelsSeen":46000,"atomsWritten":46000,"zoningAbsenceRate":1,"wallMs":158649}
{"event":"breadth.progress","county":"48085","parcelsSeen":48000,"atomsWritten":48000,"zoningAbsenceRate":1,"wallMs":166344}
{"event":"breadth.progress","county":"48085","parcelsSeen":50000,"atomsWritten":50000,"zoningAbsenceRate":1,"wallMs":174124}
{"event":"breadth.progress","county":"48085","parcelsSeen":52000,"atomsWritten":52000,"zoningAbsenceRate":1,"wallMs":181967}
{"event":"breadth.progress","county":"48085","parcelsSeen":54000,"atomsWritten":54000,"zoningAbsenceRate":1,"wallMs":189990}
{"event":"breadth.progress","county":"48085","parcelsSeen":56000,"atomsWritten":56000,"zoningAbsenceRate":1,"wallMs":197959}
{"event":"breadth.progress","county":"48085","parcelsSeen":58000,"atomsWritten":58000,"zoningAbsenceRate":1,"wallMs":206081}
{"event":"breadth.progress","county":"48085","parcelsSeen":60000,"atomsWritten":60000,"zoningAbsenceRate":1,"wallMs":214679}
{"event":"breadth.progress","county":"48085","parcelsSeen":62000,"atomsWritten":62000,"zoningAbsenceRate":1,"wallMs":223496}
{"event":"breadth.progress","county":"48085","parcelsSeen":64000,"atomsWritten":64000,"zoningAbsenceRate":1,"wallMs":231982}
{"event":"breadth.progress","county":"48085","parcelsSeen":66000,"atomsWritten":66000,"zoningAbsenceRate":1,"wallMs":240587}
{"event":"breadth.progress","county":"48085","parcelsSeen":68000,"atomsWritten":68000,"zoningAbsenceRate":1,"wallMs":249524}
{"event":"breadth.progress","county":"48085","parcelsSeen":70000,"atomsWritten":70000,"zoningAbsenceRate":1,"wallMs":258262}
{"event":"breadth.progress","county":"48085","parcelsSeen":72000,"atomsWritten":72000,"zoningAbsenceRate":1,"wallMs":267045}
{"event":"breadth.progress","county":"48085","parcelsSeen":74000,"atomsWritten":74000,"zoningAbsenceRate":1,"wallMs":275966}
{"event":"breadth.progress","county":"48085","parcelsSeen":76000,"atomsWritten":76000,"zoningAbsenceRate":1,"wallMs":284919}
{"event":"breadth.progress","county":"48085","parcelsSeen":78000,"atomsWritten":78000,"zoningAbsenceRate":1,"wallMs":294071}
{"event":"breadth.progress","county":"48085","parcelsSeen":80000,"atomsWritten":80000,"zoningAbsenceRate":1,"wallMs":303336}
{"event":"breadth.progress","county":"48085","parcelsSeen":82000,"atomsWritten":82000,"zoningAbsenceRate":1,"wallMs":312469}
{"event":"breadth.progress","county":"48085","parcelsSeen":84000,"atomsWritten":84000,"zoningAbsenceRate":1,"wallMs":321919}
{"event":"breadth.progress","county":"48085","parcelsSeen":86000,"atomsWritten":86000,"zoningAbsenceRate":1,"wallMs":331407}
{"event":"breadth.progress","county":"48085","parcelsSeen":88000,"atomsWritten":88000,"zoningAbsenceRate":1,"wallMs":340835}
{"event":"breadth.progress","county":"48085","parcelsSeen":90000,"atomsWritten":90000,"zoningAbsenceRate":1,"wallMs":350709}
{"event":"breadth.progress","county":"48085","parcelsSeen":92000,"atomsWritten":92000,"zoningAbsenceRate":1,"wallMs":360404}
{"event":"breadth.progress","county":"48085","parcelsSeen":94000,"atomsWritten":94000,"zoningAbsenceRate":1,"wallMs":370794}
{"event":"breadth.progress","county":"48085","parcelsSeen":96000,"atomsWritten":96000,"zoningAbsenceRate":1,"wallMs":380599}
{"event":"breadth.progress","county":"48085","parcelsSeen":98000,"atomsWritten":98000,"zoningAbsenceRate":1,"wallMs":391150}
{"event":"breadth.progress","county":"48085","parcelsSeen":100000,"atomsWritten":100000,"zoningAbsenceRate":1,"wallMs":401244}
{"event":"breadth.progress","county":"48085","parcelsSeen":102000,"atomsWritten":102000,"zoningAbsenceRate":1,"wallMs":411362}
{"event":"breadth.progress","county":"48085","parcelsSeen":104000,"atomsWritten":104000,"zoningAbsenceRate":1,"wallMs":425882}
{"event":"breadth.progress","county":"48085","parcelsSeen":106000,"atomsWritten":106000,"zoningAbsenceRate":1,"wallMs":437529}
{"event":"breadth.progress","county":"48085","parcelsSeen":108000,"atomsWritten":108000,"zoningAbsenceRate":1,"wallMs":448003}
{"event":"breadth.progress","county":"48085","parcelsSeen":110000,"atomsWritten":110000,"zoningAbsenceRate":1,"wallMs":458943}
{"event":"breadth.progress","county":"48085","parcelsSeen":112000,"atomsWritten":112000,"zoningAbsenceRate":1,"wallMs":469801}
{"event":"breadth.progress","county":"48085","parcelsSeen":114000,"atomsWritten":114000,"zoningAbsenceRate":1,"wallMs":480720}
{"event":"breadth.progress","county":"48085","parcelsSeen":116000,"atomsWritten":116000,"zoningAbsenceRate":1,"wallMs":492279}
{"event":"breadth.progress","county":"48085","parcelsSeen":118000,"atomsWritten":118000,"zoningAbsenceRate":1,"wallMs":503914}
{"event":"breadth.progress","county":"48085","parcelsSeen":120000,"atomsWritten":120000,"zoningAbsenceRate":1,"wallMs":518761}
{"event":"breadth.progress","county":"48085","parcelsSeen":122000,"atomsWritten":122000,"zoningAbsenceRate":1,"wallMs":532226}
{"event":"breadth.progress","county":"48085","parcelsSeen":124000,"atomsWritten":124000,"zoningAbsenceRate":1,"wallMs":544142}
{"event":"breadth.progress","county":"48085","parcelsSeen":126000,"atomsWritten":126000,"zoningAbsenceRate":1,"wallMs":556213}
{"event":"breadth.progress","county":"48085","parcelsSeen":128000,"atomsWritten":128000,"zoningAbsenceRate":1,"wallMs":568113}
{"event":"breadth.progress","county":"48085","parcelsSeen":130000,"atomsWritten":130000,"zoningAbsenceRate":1,"wallMs":580456}
{"event":"breadth.progress","county":"48085","parcelsSeen":132000,"atomsWritten":132000,"zoningAbsenceRate":1,"wallMs":592610}
{"event":"breadth.progress","county":"48085","parcelsSeen":134000,"atomsWritten":134000,"zoningAbsenceRate":1,"wallMs":604821}
{"event":"breadth.progress","county":"48085","parcelsSeen":136000,"atomsWritten":136000,"zoningAbsenceRate":1,"wallMs":617211}
{"event":"breadth.progress","county":"48085","parcelsSeen":138000,"atomsWritten":138000,"zoningAbsenceRate":1,"wallMs":629611}
{"event":"breadth.progress","county":"48085","parcelsSeen":140000,"atomsWritten":140000,"zoningAbsenceRate":1,"wallMs":642094}
{"event":"breadth.progress","county":"48085","parcelsSeen":142000,"atomsWritten":142000,"zoningAbsenceRate":1,"wallMs":654343}
{"event":"breadth.progress","county":"48085","parcelsSeen":144000,"atomsWritten":144000,"zoningAbsenceRate":1,"wallMs":667794}
{"event":"breadth.progress","county":"48085","parcelsSeen":146000,"atomsWritten":146000,"zoningAbsenceRate":1,"wallMs":680859}
{"event":"breadth.progress","county":"48085","parcelsSeen":148000,"atomsWritten":148000,"zoningAbsenceRate":1,"wallMs":693711}
{"event":"breadth.progress","county":"48085","parcelsSeen":150000,"atomsWritten":150000,"zoningAbsenceRate":1,"wallMs":707024}
{"event":"breadth.progress","county":"48085","parcelsSeen":152000,"atomsWritten":152000,"zoningAbsenceRate":1,"wallMs":721202}
{"event":"breadth.progress","county":"48085","parcelsSeen":154000,"atomsWritten":154000,"zoningAbsenceRate":1,"wallMs":734609}
{"event":"breadth.progress","county":"48085","parcelsSeen":156000,"atomsWritten":156000,"zoningAbsenceRate":1,"wallMs":750749}
{"event":"breadth.progress","county":"48085","parcelsSeen":158000,"atomsWritten":158000,"zoningAbsenceRate":1,"wallMs":766148}
{"event":"breadth.progress","county":"48085","parcelsSeen":160000,"atomsWritten":160000,"zoningAbsenceRate":1,"wallMs":779222}
{"event":"breadth.progress","county":"48085","parcelsSeen":162000,"atomsWritten":162000,"zoningAbsenceRate":1,"wallMs":792649}
{"event":"breadth.progress","county":"48085","parcelsSeen":164000,"atomsWritten":164000,"zoningAbsenceRate":1,"wallMs":806097}
{"event":"breadth.progress","county":"48085","parcelsSeen":166000,"atomsWritten":166000,"zoningAbsenceRate":1,"wallMs":819879}
{"event":"breadth.progress","county":"48085","parcelsSeen":168000,"atomsWritten":168000,"zoningAbsenceRate":1,"wallMs":833696}
{"event":"breadth.progress","county":"48085","parcelsSeen":170000,"atomsWritten":170000,"zoningAbsenceRate":1,"wallMs":847506}
{"event":"breadth.progress","county":"48085","parcelsSeen":172000,"atomsWritten":172000,"zoningAbsenceRate":1,"wallMs":861439}
{"event":"breadth.progress","county":"48085","parcelsSeen":174000,"atomsWritten":174000,"zoningAbsenceRate":1,"wallMs":875687}
{"event":"breadth.progress","county":"48085","parcelsSeen":176000,"atomsWritten":176000,"zoningAbsenceRate":1,"wallMs":889760}
{"event":"breadth.progress","county":"48085","parcelsSeen":178000,"atomsWritten":178000,"zoningAbsenceRate":1,"wallMs":903932}
{"event":"breadth.progress","county":"48085","parcelsSeen":180000,"atomsWritten":180000,"zoningAbsenceRate":1,"wallMs":918496}
{"event":"breadth.progress","county":"48085","parcelsSeen":182000,"atomsWritten":182000,"zoningAbsenceRate":1,"wallMs":932997}
{"event":"breadth.progress","county":"48085","parcelsSeen":184000,"atomsWritten":184000,"zoningAbsenceRate":1,"wallMs":947589}
{"event":"breadth.progress","county":"48085","parcelsSeen":186000,"atomsWritten":186000,"zoningAbsenceRate":1,"wallMs":962361}
{"event":"breadth.progress","county":"48085","parcelsSeen":188000,"atomsWritten":188000,"zoningAbsenceRate":1,"wallMs":977317}
{"event":"breadth.progress","county":"48085","parcelsSeen":190000,"atomsWritten":190000,"zoningAbsenceRate":1,"wallMs":992229}
{"event":"breadth.progress","county":"48085","parcelsSeen":192000,"atomsWritten":192000,"zoningAbsenceRate":1,"wallMs":1007257}
{"event":"breadth.progress","county":"48085","parcelsSeen":194000,"atomsWritten":194000,"zoningAbsenceRate":1,"wallMs":1022244}
{"event":"breadth.progress","county":"48085","parcelsSeen":196000,"atomsWritten":196000,"zoningAbsenceRate":1,"wallMs":1037381}
{"event":"breadth.progress","county":"48085","parcelsSeen":198000,"atomsWritten":198000,"zoningAbsenceRate":1,"wallMs":1052643}
{"event":"breadth.progress","county":"48085","parcelsSeen":200000,"atomsWritten":200000,"zoningAbsenceRate":1,"wallMs":1067955}
{"event":"breadth.progress","county":"48085","parcelsSeen":202000,"atomsWritten":202000,"zoningAbsenceRate":1,"wallMs":1083218}
{"event":"breadth.progress","county":"48085","parcelsSeen":204000,"atomsWritten":204000,"zoningAbsenceRate":1,"wallMs":1098993}
{"event":"breadth.progress","county":"48085","parcelsSeen":206000,"atomsWritten":206000,"zoningAbsenceRate":1,"wallMs":1114669}
{"event":"breadth.progress","county":"48085","parcelsSeen":208000,"atomsWritten":208000,"zoningAbsenceRate":1,"wallMs":1130454}
{"event":"breadth.progress","county":"48085","parcelsSeen":210000,"atomsWritten":210000,"zoningAbsenceRate":1,"wallMs":1146478}
{"event":"breadth.progress","county":"48085","parcelsSeen":212000,"atomsWritten":212000,"zoningAbsenceRate":1,"wallMs":1162472}
{"event":"breadth.progress","county":"48085","parcelsSeen":214000,"atomsWritten":214000,"zoningAbsenceRate":1,"wallMs":1178473}
{"event":"breadth.progress","county":"48085","parcelsSeen":216000,"atomsWritten":216000,"zoningAbsenceRate":1,"wallMs":1194433}
{"event":"breadth.progress","county":"48085","parcelsSeen":218000,"atomsWritten":218000,"zoningAbsenceRate":1,"wallMs":1210636}
{"event":"breadth.progress","county":"48085","parcelsSeen":220000,"atomsWritten":220000,"zoningAbsenceRate":1,"wallMs":1226971}
{"event":"breadth.progress","county":"48085","parcelsSeen":222000,"atomsWritten":222000,"zoningAbsenceRate":1,"wallMs":1243064}
{"event":"breadth.progress","county":"48085","parcelsSeen":224000,"atomsWritten":224000,"zoningAbsenceRate":1,"wallMs":1262043}
{"event":"breadth.progress","county":"48085","parcelsSeen":226000,"atomsWritten":226000,"zoningAbsenceRate":1,"wallMs":1278339}
{"event":"breadth.progress","county":"48085","parcelsSeen":228000,"atomsWritten":228000,"zoningAbsenceRate":1,"wallMs":1297336}
{"event":"breadth.progress","county":"48085","parcelsSeen":230000,"atomsWritten":230000,"zoningAbsenceRate":1,"wallMs":1313731}
{"event":"breadth.progress","county":"48085","parcelsSeen":232000,"atomsWritten":232000,"zoningAbsenceRate":1,"wallMs":1330260}
{"event":"breadth.progress","county":"48085","parcelsSeen":234000,"atomsWritten":234000,"zoningAbsenceRate":1,"wallMs":1346755}
{"event":"breadth.progress","county":"48085","parcelsSeen":236000,"atomsWritten":236000,"zoningAbsenceRate":1,"wallMs":1363725}
{"event":"breadth.progress","county":"48085","parcelsSeen":238000,"atomsWritten":238000,"zoningAbsenceRate":1,"wallMs":1380731}
{"event":"breadth.progress","county":"48085","parcelsSeen":240000,"atomsWritten":240000,"zoningAbsenceRate":1,"wallMs":1397660}
{"event":"breadth.progress","county":"48085","parcelsSeen":242000,"atomsWritten":242000,"zoningAbsenceRate":1,"wallMs":1414576}
{"event":"breadth.progress","county":"48085","parcelsSeen":244000,"atomsWritten":244000,"zoningAbsenceRate":1,"wallMs":1431719}
{"event":"breadth.progress","county":"48085","parcelsSeen":246000,"atomsWritten":246000,"zoningAbsenceRate":1,"wallMs":1449419}
{"event":"breadth.progress","county":"48085","parcelsSeen":248000,"atomsWritten":248000,"zoningAbsenceRate":1,"wallMs":1467038}
{"event":"breadth.progress","county":"48085","parcelsSeen":250000,"atomsWritten":250000,"zoningAbsenceRate":1,"wallMs":1484995}
{"event":"breadth.progress","county":"48085","parcelsSeen":252000,"atomsWritten":252000,"zoningAbsenceRate":1,"wallMs":1503385}
{"event":"breadth.progress","county":"48085","parcelsSeen":254000,"atomsWritten":254000,"zoningAbsenceRate":1,"wallMs":1521871}
{"event":"breadth.progress","county":"48085","parcelsSeen":256000,"atomsWritten":256000,"zoningAbsenceRate":1,"wallMs":1539716}
{"event":"breadth.progress","county":"48085","parcelsSeen":258000,"atomsWritten":258000,"zoningAbsenceRate":1,"wallMs":1557497}
{"event":"breadth.progress","county":"48085","parcelsSeen":260000,"atomsWritten":260000,"zoningAbsenceRate":1,"wallMs":1575562}
{"event":"breadth.progress","county":"48085","parcelsSeen":262000,"atomsWritten":262000,"zoningAbsenceRate":1,"wallMs":1593674}
{"event":"breadth.progress","county":"48085","parcelsSeen":264000,"atomsWritten":264000,"zoningAbsenceRate":1,"wallMs":1611854}
{"event":"breadth.progress","county":"48085","parcelsSeen":266000,"atomsWritten":266000,"zoningAbsenceRate":1,"wallMs":1630070}
{"event":"breadth.progress","county":"48085","parcelsSeen":268000,"atomsWritten":268000,"zoningAbsenceRate":1,"wallMs":1648598}
{"event":"breadth.progress","county":"48085","parcelsSeen":270000,"atomsWritten":270000,"zoningAbsenceRate":1,"wallMs":1667574}
{"event":"breadth.progress","county":"48085","parcelsSeen":272000,"atomsWritten":272000,"zoningAbsenceRate":1,"wallMs":1685867}
{"event":"breadth.progress","county":"48085","parcelsSeen":274000,"atomsWritten":274000,"zoningAbsenceRate":1,"wallMs":1704233}
{"event":"breadth.progress","county":"48085","parcelsSeen":276000,"atomsWritten":276000,"zoningAbsenceRate":1,"wallMs":1723276}
{"event":"breadth.progress","county":"48085","parcelsSeen":278000,"atomsWritten":278000,"zoningAbsenceRate":1,"wallMs":1741837}
{"event":"breadth.progress","county":"48085","parcelsSeen":280000,"atomsWritten":280000,"zoningAbsenceRate":1,"wallMs":1761159}
{"event":"breadth.progress","county":"48085","parcelsSeen":282000,"atomsWritten":282000,"zoningAbsenceRate":1,"wallMs":1780383}
{"event":"breadth.progress","county":"48085","parcelsSeen":284000,"atomsWritten":284000,"zoningAbsenceRate":1,"wallMs":1799518}
{"event":"breadth.progress","county":"48085","parcelsSeen":286000,"atomsWritten":286000,"zoningAbsenceRate":1,"wallMs":1818574}
{"event":"breadth.progress","county":"48085","parcelsSeen":288000,"atomsWritten":288000,"zoningAbsenceRate":1,"wallMs":1837591}
{"event":"breadth.progress","county":"48085","parcelsSeen":290000,"atomsWritten":290000,"zoningAbsenceRate":1,"wallMs":1856793}
{"event":"breadth.progress","county":"48085","parcelsSeen":292000,"atomsWritten":292000,"zoningAbsenceRate":1,"wallMs":1876424}
{"event":"breadth.progress","county":"48085","parcelsSeen":294000,"atomsWritten":294000,"zoningAbsenceRate":1,"wallMs":1896094}
{"event":"breadth.progress","county":"48085","parcelsSeen":296000,"atomsWritten":296000,"zoningAbsenceRate":1,"wallMs":1915551}
{"event":"breadth.progress","county":"48085","parcelsSeen":298000,"atomsWritten":298000,"zoningAbsenceRate":1,"wallMs":1935748}
{"event":"breadth.progress","county":"48085","parcelsSeen":300000,"atomsWritten":300000,"zoningAbsenceRate":1,"wallMs":1955023}
{"event":"breadth.progress","county":"48085","parcelsSeen":302000,"atomsWritten":302000,"zoningAbsenceRate":1,"wallMs":1974679}
{"event":"breadth.progress","county":"48085","parcelsSeen":304000,"atomsWritten":304000,"zoningAbsenceRate":1,"wallMs":1994244}
{"event":"breadth.progress","county":"48085","parcelsSeen":306000,"atomsWritten":306000,"zoningAbsenceRate":1,"wallMs":2014003}
{"event":"breadth.progress","county":"48085","parcelsSeen":308000,"atomsWritten":308000,"zoningAbsenceRate":1,"wallMs":2033706}
{"event":"breadth.progress","county":"48085","parcelsSeen":310000,"atomsWritten":310000,"zoningAbsenceRate":1,"wallMs":2053781}
{"event":"breadth.progress","county":"48085","parcelsSeen":312000,"atomsWritten":312000,"zoningAbsenceRate":1,"wallMs":2073600}
{"event":"breadth.progress","county":"48085","parcelsSeen":314000,"atomsWritten":314000,"zoningAbsenceRate":1,"wallMs":2093795}
{"event":"breadth.progress","county":"48085","parcelsSeen":316000,"atomsWritten":316000,"zoningAbsenceRate":1,"wallMs":2113713}
{"event":"breadth.progress","county":"48085","parcelsSeen":318000,"atomsWritten":318000,"zoningAbsenceRate":1,"wallMs":2133478}
{"event":"breadth.progress","county":"48085","parcelsSeen":320000,"atomsWritten":320000,"zoningAbsenceRate":1,"wallMs":2153279}
{"event":"breadth.progress","county":"48085","parcelsSeen":322000,"atomsWritten":322000,"zoningAbsenceRate":1,"wallMs":2173545}
{"event":"breadth.progress","county":"48085","parcelsSeen":324000,"atomsWritten":324000,"zoningAbsenceRate":1,"wallMs":2193758}
{"event":"breadth.progress","county":"48085","parcelsSeen":326000,"atomsWritten":326000,"zoningAbsenceRate":1,"wallMs":2214096}
{"event":"breadth.progress","county":"48085","parcelsSeen":328000,"atomsWritten":328000,"zoningAbsenceRate":1,"wallMs":2234522}
{"event":"breadth.progress","county":"48085","parcelsSeen":330000,"atomsWritten":330000,"zoningAbsenceRate":1,"wallMs":2254707}
{"event":"breadth.progress","county":"48085","parcelsSeen":332000,"atomsWritten":332000,"zoningAbsenceRate":1,"wallMs":2275211}
{"event":"breadth.progress","county":"48085","parcelsSeen":334000,"atomsWritten":334000,"zoningAbsenceRate":1,"wallMs":2297342}
{"event":"breadth.progress","county":"48085","parcelsSeen":336000,"atomsWritten":336000,"zoningAbsenceRate":1,"wallMs":2319234}
{"event":"breadth.progress","county":"48085","parcelsSeen":338000,"atomsWritten":338000,"zoningAbsenceRate":1,"wallMs":2339967}
{"event":"breadth.progress","county":"48085","parcelsSeen":340000,"atomsWritten":340000,"zoningAbsenceRate":1,"wallMs":2362819}
{"event":"breadth.progress","county":"48085","parcelsSeen":342000,"atomsWritten":342000,"zoningAbsenceRate":1,"wallMs":2383831}
{"event":"breadth.progress","county":"48085","parcelsSeen":344000,"atomsWritten":344000,"zoningAbsenceRate":1,"wallMs":2405459}
{"event":"breadth.progress","county":"48085","parcelsSeen":346000,"atomsWritten":346000,"zoningAbsenceRate":1,"wallMs":2426305}
{"event":"breadth.progress","county":"48085","parcelsSeen":348000,"atomsWritten":348000,"zoningAbsenceRate":1,"wallMs":2448833}
{"event":"breadth.progress","county":"48085","parcelsSeen":350000,"atomsWritten":350000,"zoningAbsenceRate":1,"wallMs":2469848}
{"event":"breadth.progress","county":"48085","parcelsSeen":352000,"atomsWritten":352000,"zoningAbsenceRate":1,"wallMs":2490910}
{"event":"breadth.progress","county":"48085","parcelsSeen":354000,"atomsWritten":354000,"zoningAbsenceRate":1,"wallMs":2512002}
{"event":"breadth.progress","county":"48085","parcelsSeen":356000,"atomsWritten":356000,"zoningAbsenceRate":1,"wallMs":2533390}
{"event":"breadth.progress","county":"48085","parcelsSeen":358000,"atomsWritten":358000,"zoningAbsenceRate":1,"wallMs":2555884}
{"event":"breadth.progress","county":"48085","parcelsSeen":360000,"atomsWritten":360000,"zoningAbsenceRate":1,"wallMs":2577097}
{"event":"breadth.progress","county":"48085","parcelsSeen":362000,"atomsWritten":362000,"zoningAbsenceRate":1,"wallMs":2598300}
{"event":"breadth.progress","county":"48085","parcelsSeen":364000,"atomsWritten":364000,"zoningAbsenceRate":1,"wallMs":2619832}
{"event":"breadth.progress","county":"48085","parcelsSeen":366000,"atomsWritten":366000,"zoningAbsenceRate":1,"wallMs":2642596}
{"event":"breadth.progress","county":"48085","parcelsSeen":368000,"atomsWritten":368000,"zoningAbsenceRate":1,"wallMs":2665127}
{"event":"breadth.progress","county":"48085","parcelsSeen":370000,"atomsWritten":370000,"zoningAbsenceRate":1,"wallMs":2687292}
{"event":"breadth.progress","county":"48085","parcelsSeen":372000,"atomsWritten":372000,"zoningAbsenceRate":1,"wallMs":2709565}
{"event":"breadth.progress","county":"48085","parcelsSeen":374000,"atomsWritten":374000,"zoningAbsenceRate":1,"wallMs":2731327}
{"event":"breadth.progress","county":"48085","parcelsSeen":376000,"atomsWritten":376000,"zoningAbsenceRate":1,"wallMs":2753286}
{"event":"breadth.progress","county":"48085","parcelsSeen":378000,"atomsWritten":378000,"zoningAbsenceRate":1,"wallMs":2775491}
{"event":"breadth.progress","county":"48085","parcelsSeen":380000,"atomsWritten":380000,"zoningAbsenceRate":1,"wallMs":2797454}
{"event":"breadth.progress","county":"48085","parcelsSeen":382000,"atomsWritten":382000,"zoningAbsenceRate":1,"wallMs":2819627}
{"event":"breadth.progress","county":"48085","parcelsSeen":384000,"atomsWritten":384000,"zoningAbsenceRate":1,"wallMs":2841994}
{"event":"breadth.progress","county":"48085","parcelsSeen":386000,"atomsWritten":386000,"zoningAbsenceRate":1,"wallMs":2864380}
{"event":"breadth-county-bake.done","ledgerPath":"P:\\tmp\\engine-dfw-bake\\packages\\engine-core\\src\\property-reasoning\\fixtures\\breadth-ledgers\\48085.json","status":"completed","totals":{"parcelsSeen":387334,"parcelsEmitted":387334,"atomsWritten":387334,"zoningPresent":0,"zoningAbsence":387334,"setbackPresent":0,"envelopePresent":0,"emitErrors":0},"honestAbsenceRate":{"zoning":1,"note":"zoningAbsence / parcelsSeen — spike monitor vs baseline window"},"bakedPct":{"ofTier1Denominator":1,"zoningPresentOfSeen":0,"setbackOfSeen":0,"envelopeOfSeen":0},"compute":{"units":389271,"wallMs":2879776,"approxUsdNote":"wall=2879776ms units=389271; approx $0.8067 (0.25 CU × $0.16/hr + $0.000002/atom write heuristic)","costGateUsd":200,"flaggedOverCost":false,"approxUsd":0.8067},"spikeFlags":[]}

---
exit_code: 0
elapsed_ms: 2881882
ended_at: 2026-08-05T01:24:08.917Z
---
