[warden-sweep] sweepId=warden-48491-Williamson_County_(unincorporated)-1785976750272 rowId=Williamson County (unincorporated) fips=48491 checks=neighborConsistency,servePathTruth,crossStoreConsistency,certFreshness,envelopeSanity sample=10
[warden-sweep] cohort size=290344 sample size=10
[warden-sweep] neighborConsistency: 0 finding(s)
[warden-sweep] servePathTruth: 0 finding(s)
[warden-sweep] crossStoreConsistency: 0 finding(s)
[warden-sweep] certFreshness: 0 finding(s)
[warden-sweep] envelopeSanity: 0 finding(s)
[warden-sweep] artifact written: P:\doc_repo\_inbox\2026-08-05_williamson_warden.json
[warden-sweep] ledger post: {"posted":true,"httpStatus":200}
{
  "sweepId": "warden-48491-Williamson_County_(unincorporated)-1785976750272",
  "rowId": "Williamson County (unincorporated)",
  "fips": "48491",
  "clean": true,
  "findingCount": 1,
  "checksRun": [
    "neighborConsistency",
    "servePathTruth",
    "crossStoreConsistency",
    "certFreshness",
    "envelopeSanity"
  ]
}
