
> @workspace/cad-ingest@0.0.0 txgio-ingest P:\legacy-design-tools-wave0\lib\cad-ingest
> tsx src/txgio/cli.ts "--" "--county=48153"

[txgio-ingest] downloading https://data.geographic.texas.gov/0fa04328-872e-481c-b453-126a74777593/resources/stratmap25-landparcels_48153_lp.zip
[txgio-ingest] saved C:\Users\cente\AppData\Local\Temp\txgio-ingest-F1IsH7\stratmap25-landparcels_48153_lp.zip
[txgio-ingest] extracting shp/stratmap25-landparcels_48153_floyd_202507.dbf (28364836 bytes)
[txgio-ingest] extracting shp/stratmap25-landparcels_48153_floyd_202507.prj (145 bytes)
[txgio-ingest] extracting shp/stratmap25-landparcels_48153_floyd_202507.shp (2317076 bytes)
[txgio-ingest] projection: GCS_WGS_1984 geographic (stratmap25-landparcels_48153_floyd_202507.prj)
[txgio-ingest] county=48153 (Floyd) source=https://data.geographic.texas.gov/0fa04328-872e-481c-b453-126a74777593/resources/stratmap25-landparcels_48153_lp.zip
[txgio-ingest] shapefile: C:\Users\cente\AppData\Local\Temp\txgio-ingest-F1IsH7\stratmap25-landparcels_48153_floyd_202507.shp
[txgio-ingest] vintage=stratmap25-landparcels_48153_floyd_202507
[txgio-ingest] replacing existing 48153 rows (17253 present) — delete + load run in ONE transaction
[txgio-ingest] ---- ingest summary ----
[txgio-ingest] county:           48153 (Floyd)
[txgio-ingest] loaded before:    yes
[txgio-ingest] source file:      stratmap25-landparcels_48153_lp.zip
[txgio-ingest] source vintage:   stratmap25-landparcels_48153_floyd_202507
[txgio-ingest] source CRS:       wgs84-geographic
[txgio-ingest] features read:    13217
[txgio-ingest] features parsed:  13217
[txgio-ingest] features load: 13217
[txgio-ingest] rows delete:  17253
[txgio-ingest] rows insert:  17253 (one per intersecting grid cell)
[txgio-ingest] features skipped: 0 (no polygon geometry)
[txgio-ingest] duration:         20.4s

(node:116280) Warning: SECURITY WARNING: The SSL modes 'prefer', 'require', and 'verify-ca' are treated as aliases for 'verify-full'.
In the next major version (pg-connection-string v3.0.0 and pg v9.0.0), these modes will adopt standard libpq semantics, which have weaker security guarantees.

To prepare for this change:
- If you want the current behavior, explicitly use 'sslmode=verify-full'
- If you want libpq compatibility now, use 'uselibpqcompat=true&sslmode=require'

See https://www.postgresql.org/docs/current/libpq-ssl.html for libpq SSL mode definitions.
(Use `node --trace-warnings ...` to show where the warning was created)
