
> @workspace/cad-ingest@0.0.0 txgio-ingest P:\legacy-design-tools-wave0\lib\cad-ingest
> tsx src/txgio/cli.ts "--" "--county=48321"

[txgio-ingest] downloading https://data.geographic.texas.gov/0fa04328-872e-481c-b453-126a74777593/resources/stratmap25-landparcels_48321_lp.zip
[txgio-ingest] saved C:\Users\cente\AppData\Local\Temp\txgio-ingest-3neWGn\stratmap25-landparcels_48321_lp.zip
[txgio-ingest] extracting shp/stratmap25-landparcels_48321_matagorda_202507.dbf (79864544 bytes)
[txgio-ingest] extracting shp/stratmap25-landparcels_48321_matagorda_202507.prj (145 bytes)
[txgio-ingest] extracting shp/stratmap25-landparcels_48321_matagorda_202507.shp (13167400 bytes)
[txgio-ingest] projection: GCS_WGS_1984 geographic (stratmap25-landparcels_48321_matagorda_202507.prj)
[txgio-ingest] county=48321 (Matagorda) source=https://data.geographic.texas.gov/0fa04328-872e-481c-b453-126a74777593/resources/stratmap25-landparcels_48321_lp.zip
[txgio-ingest] shapefile: C:\Users\cente\AppData\Local\Temp\txgio-ingest-3neWGn\stratmap25-landparcels_48321_matagorda_202507.shp
[txgio-ingest] vintage=stratmap25-landparcels_48321_matagorda_202507
[txgio-ingest] replacing existing 48321 rows (44706 present) — delete + load run in ONE transaction
[txgio-ingest] inserted 25000 rows...
[txgio-ingest] ---- ingest summary ----
[txgio-ingest] county:           48321 (Matagorda)
[txgio-ingest] loaded before:    yes
[txgio-ingest] source file:      stratmap25-landparcels_48321_lp.zip
[txgio-ingest] source vintage:   stratmap25-landparcels_48321_matagorda_202507
[txgio-ingest] source CRS:       wgs84-geographic
[txgio-ingest] features read:    37215
[txgio-ingest] features parsed:  37211
[txgio-ingest] features load: 37211
[txgio-ingest] rows delete:  44706
[txgio-ingest] rows insert:  44706 (one per intersecting grid cell)
[txgio-ingest] features skipped: 4 (no polygon geometry)
[txgio-ingest] duration:         125.3s
[txgio-ingest] skip samples:     feature 3694: empty geometry | feature 15010: empty geometry | feature 15011: empty geometry | feature 16988: empty geometry

(node:107904) Warning: SECURITY WARNING: The SSL modes 'prefer', 'require', and 'verify-ca' are treated as aliases for 'verify-full'.
In the next major version (pg-connection-string v3.0.0 and pg v9.0.0), these modes will adopt standard libpq semantics, which have weaker security guarantees.

To prepare for this change:
- If you want the current behavior, explicitly use 'sslmode=verify-full'
- If you want libpq compatibility now, use 'uselibpqcompat=true&sslmode=require'

See https://www.postgresql.org/docs/current/libpq-ssl.html for libpq SSL mode definitions.
(Use `node --trace-warnings ...` to show where the warning was created)
