---
pid: 72876
cwd: "P:\\tmp\\ldt-dfw-ingest\\artifacts\\api-server"
command: "$env:NODE_OPTIONS=\"--use-system-ca\"; $env:PROPERTY_ATOM_PATH=\"1\"; $env:DATABASE_URL=$env:ENGINE_DATABASE_URL_VAL; $env:CORTEX_DATABASE_URL=$env:ENGINE_CORTEX_DATABASE_URL_VAL; cd p:\\tmp\\engine-dfw-bake\\packages\\engine-core; pnpm run bake-property-atom-county -- --county=48367 2>&1 | Tee-Object -FilePath p:\\doc_repo\\_inbox\\2026-08-04_parker_breadth_bake_apply.log"
title: "Apply bake-property-atom-county for Parker county 48367"
status: succeeded
started_at: 2026-08-04T23:17:33.466Z
running_for_ms: 352803   
---

> @hauska-engine/engine-core@0.1.0 bake-property-atom-county P:\tmp\engine-dfw-bake\packages\engine-core
> tsx scripts/bake-property-atom-county.mjs "--county=48367"

{"event":"breadth-county-bake.start","county":"48367","name":"Parker","denominator":92583,"offset":0,"limit":"all","dryRun":false}
{"event":"breadth.progress","county":"48367","parcelsSeen":2000,"atomsWritten":2000,"zoningAbsenceRate":1,"wallMs":8319}
{"event":"breadth.progress","county":"48367","parcelsSeen":4000,"atomsWritten":4000,"zoningAbsenceRate":1,"wallMs":14628}
{"event":"breadth.progress","county":"48367","parcelsSeen":6000,"atomsWritten":6000,"zoningAbsenceRate":1,"wallMs":21353}
{"event":"breadth.progress","county":"48367","parcelsSeen":8000,"atomsWritten":8000,"zoningAbsenceRate":1,"wallMs":28037}
{"event":"breadth.progress","county":"48367","parcelsSeen":10000,"atomsWritten":10000,"zoningAbsenceRate":1,"wallMs":34688}
{"event":"breadth.progress","county":"48367","parcelsSeen":12000,"atomsWritten":12000,"zoningAbsenceRate":1,"wallMs":41105}
{"event":"breadth.progress","county":"48367","parcelsSeen":14000,"atomsWritten":14000,"zoningAbsenceRate":1,"wallMs":47785}
{"event":"breadth.progress","county":"48367","parcelsSeen":16000,"atomsWritten":16000,"zoningAbsenceRate":1,"wallMs":54661}
{"event":"breadth.progress","county":"48367","parcelsSeen":18000,"atomsWritten":18000,"zoningAbsenceRate":1,"wallMs":61683}
{"event":"breadth.progress","county":"48367","parcelsSeen":20000,"atomsWritten":20000,"zoningAbsenceRate":1,"wallMs":69071}
{"event":"breadth.progress","county":"48367","parcelsSeen":22000,"atomsWritten":22000,"zoningAbsenceRate":1,"wallMs":76551}
{"event":"breadth.progress","county":"48367","parcelsSeen":24000,"atomsWritten":24000,"zoningAbsenceRate":1,"wallMs":84042}
{"event":"breadth.progress","county":"48367","parcelsSeen":26000,"atomsWritten":26000,"zoningAbsenceRate":1,"wallMs":91467}
{"event":"breadth.progress","county":"48367","parcelsSeen":28000,"atomsWritten":28000,"zoningAbsenceRate":1,"wallMs":99026}
{"event":"breadth.progress","county":"48367","parcelsSeen":30000,"atomsWritten":30000,"zoningAbsenceRate":1,"wallMs":107520}
{"event":"breadth.progress","county":"48367","parcelsSeen":32000,"atomsWritten":32000,"zoningAbsenceRate":1,"wallMs":115917}
{"event":"breadth.progress","county":"48367","parcelsSeen":34000,"atomsWritten":34000,"zoningAbsenceRate":1,"wallMs":123859}
{"event":"breadth.progress","county":"48367","parcelsSeen":36000,"atomsWritten":36000,"zoningAbsenceRate":1,"wallMs":131911}
{"event":"breadth.progress","county":"48367","parcelsSeen":38000,"atomsWritten":38000,"zoningAbsenceRate":1,"wallMs":139743}
{"event":"breadth.progress","county":"48367","parcelsSeen":40000,"atomsWritten":40000,"zoningAbsenceRate":1,"wallMs":148013}
{"event":"breadth.progress","county":"48367","parcelsSeen":42000,"atomsWritten":42000,"zoningAbsenceRate":1,"wallMs":155753}
{"event":"breadth.progress","county":"48367","parcelsSeen":44000,"atomsWritten":44000,"zoningAbsenceRate":1,"wallMs":163952}
{"event":"breadth.progress","county":"48367","parcelsSeen":46000,"atomsWritten":46000,"zoningAbsenceRate":1,"wallMs":171824}
{"event":"breadth.progress","county":"48367","parcelsSeen":48000,"atomsWritten":48000,"zoningAbsenceRate":1,"wallMs":179917}
{"event":"breadth.progress","county":"48367","parcelsSeen":50000,"atomsWritten":50000,"zoningAbsenceRate":1,"wallMs":187676}
{"event":"breadth.progress","county":"48367","parcelsSeen":52000,"atomsWritten":52000,"zoningAbsenceRate":1,"wallMs":195908}
{"event":"breadth.progress","county":"48367","parcelsSeen":54000,"atomsWritten":54000,"zoningAbsenceRate":1,"wallMs":204291}
{"event":"breadth.progress","county":"48367","parcelsSeen":56000,"atomsWritten":56000,"zoningAbsenceRate":1,"wallMs":212757}
{"event":"breadth.progress","county":"48367","parcelsSeen":58000,"atomsWritten":58000,"zoningAbsenceRate":1,"wallMs":221170}
{"event":"breadth.progress","county":"48367","parcelsSeen":60000,"atomsWritten":60000,"zoningAbsenceRate":1,"wallMs":229364}
{"event":"breadth.progress","county":"48367","parcelsSeen":62000,"atomsWritten":62000,"zoningAbsenceRate":1,"wallMs":236900}
{"event":"breadth.progress","county":"48367","parcelsSeen":64000,"atomsWritten":64000,"zoningAbsenceRate":1,"wallMs":245144}
{"event":"breadth.progress","county":"48367","parcelsSeen":66000,"atomsWritten":66000,"zoningAbsenceRate":1,"wallMs":252649}
{"event":"breadth.progress","county":"48367","parcelsSeen":68000,"atomsWritten":68000,"zoningAbsenceRate":1,"wallMs":260495}
{"event":"breadth.progress","county":"48367","parcelsSeen":70000,"atomsWritten":70000,"zoningAbsenceRate":1,"wallMs":268077}
{"event":"breadth.progress","county":"48367","parcelsSeen":72000,"atomsWritten":72000,"zoningAbsenceRate":1,"wallMs":274839}
{"event":"breadth.progress","county":"48367","parcelsSeen":74000,"atomsWritten":74000,"zoningAbsenceRate":1,"wallMs":282050}
{"event":"breadth.progress","county":"48367","parcelsSeen":76000,"atomsWritten":76000,"zoningAbsenceRate":1,"wallMs":289757}
{"event":"breadth.progress","county":"48367","parcelsSeen":78000,"atomsWritten":78000,"zoningAbsenceRate":1,"wallMs":297346}
{"event":"breadth.progress","county":"48367","parcelsSeen":80000,"atomsWritten":80000,"zoningAbsenceRate":1,"wallMs":305074}
{"event":"breadth.progress","county":"48367","parcelsSeen":82000,"atomsWritten":82000,"zoningAbsenceRate":1,"wallMs":313206}
{"event":"breadth.progress","county":"48367","parcelsSeen":84000,"atomsWritten":84000,"zoningAbsenceRate":1,"wallMs":320330}
{"event":"breadth.progress","county":"48367","parcelsSeen":86000,"atomsWritten":86000,"zoningAbsenceRate":1,"wallMs":327455}
{"event":"breadth.progress","county":"48367","parcelsSeen":88000,"atomsWritten":88000,"zoningAbsenceRate":1,"wallMs":334156}
{"event":"breadth.progress","county":"48367","parcelsSeen":90000,"atomsWritten":90000,"zoningAbsenceRate":1,"wallMs":341601}
{"event":"breadth.progress","county":"48367","parcelsSeen":92000,"atomsWritten":92000,"zoningAbsenceRate":1,"wallMs":348828}
{"event":"breadth-county-bake.done","ledgerPath":"P:\\tmp\\engine-dfw-bake\\packages\\engine-core\\src\\property-reasoning\\fixtures\\breadth-ledgers\\48367.json","status":"completed","totals":{"parcelsSeen":92583,"parcelsEmitted":92583,"atomsWritten":92583,"zoningPresent":0,"zoningAbsence":92583,"setbackPresent":0,"envelopePresent":0,"emitErrors":0},"honestAbsenceRate":{"zoning":1,"note":"zoningAbsence / parcelsSeen — spike monitor vs baseline window"},"bakedPct":{"ofTier1Denominator":1,"zoningPresentOfSeen":0,"setbackOfSeen":0,"envelopeOfSeen":0},"compute":{"units":93046,"wallMs":351012,"approxUsdNote":"wall=351012ms units=93046; approx $0.1891 (0.25 CU × $0.16/hr + $0.000002/atom write heuristic)","costGateUsd":200,"flaggedOverCost":false,"approxUsd":0.1891},"spikeFlags":[]}

---
exit_code: 0
elapsed_ms: 352803
ended_at: 2026-08-04T23:23:26.269Z
---
