
> @workspace/cad-ingest@0.0.0 test P:\tmp\p259b-interim-and-accounts\lib\cad-ingest
> vitest run


 RUN  v3.2.4 P:/tmp/p259b-interim-and-accounts/lib/cad-ingest

 Γ£ô src/__tests__/shapefileDiscover.test.ts (7 tests) 14ms
 Γ£ô src/__tests__/vintage.test.ts (12 tests) 5ms
 Γ£ô src/__tests__/rollMembership.test.ts (6 tests) 5ms
 Γ£ô src/__tests__/tadPropertydata.test.ts (2 tests) 35ms
 Γ£ô src/__tests__/dcadCertified.test.ts (2 tests) 46ms
 Γ£ô src/__tests__/orion.test.ts (10 tests) 67ms
 Γ£ô src/__tests__/p78-merge.test.ts (19 tests) 7ms
 Γ£ô src/__tests__/publishedIdentifierBackfill.test.ts (48 tests) 75ms
 Γ£ô src/pacs/__tests__/improvementVocabulary.test.ts (5 tests) 18ms
 Γ£ô src/__tests__/address.test.ts (11 tests) 11ms
 Γ£ô src/__tests__/pacs.test.ts (3 tests) 33ms
 Γ£ô src/__tests__/etj.test.ts (28 tests) 8ms
 Γ£ô src/__tests__/jurisdictions.test.ts (23 tests) 10ms
 Γ£ô src/__tests__/permitsNormalize.test.ts (14 tests) 6ms
 Γ£ô src/__tests__/sources.test.ts (12 tests) 5ms
 Γ£ô src/__tests__/targetEnv.test.ts (4 tests) 3ms
 Γ£ô src/__tests__/routing.test.ts (6 tests) 4ms
 Γ£ô src/__tests__/zipPacsFilter.test.ts (3 tests) 3ms
 Γåô src/__tests__/publishedIdentifierBackfill.integration.test.ts (4 tests | 4 skipped)
 Γåô src/__tests__/ingest.integration.test.ts (2 tests | 2 skipped)
 Γåô src/__tests__/txgioIngest.integration.test.ts (9 tests | 9 skipped)
 Γ£ô src/__tests__/williamsonAgValuation.test.ts (16 tests | 3 skipped) 58ms
 Γ£ô src/__tests__/boundary.test.ts (10 tests) 114ms
 Γ¥» src/__tests__/zoningBaseCode.test.ts (43 tests | 13 failed) 931ms
   Γ£ô the fixture is provenance, not decoration > carries the live fetch time, the query that produced it and the layer's own identity 15ms
   Γ£ô the fixture is provenance, not decoration > samples at least 20 real values (the dispatch's floor) and names its sampling rule 1ms
   Γ£ô the fixture is provenance, not decoration > names every compound code A-164 names, and each one appears in the fixture vocabulary 1ms
   Γ£ô the fixture is provenance, not decoration > covers the whole published vocabulary with polygon counts that sum to the layer's feature count 15ms
   Γ£ô the vocabulary cannot drift from the setback table it must hit > equals austin-tx.json's district-code set exactly, normalized the way the router normalizes 1ms
   Γ£ô the vocabulary cannot drift from the setback table it must hit > has no vocabulary entry that is a prefix of another WITHOUT the longer one winning (CS vs CS-1) 0ms
   Γ£ô the vocabulary cannot drift from the setback table it must hit > normalizes each vocabulary member to itself (the parser's own output re-parses unchanged) 15ms
   Γ£ô FALSIFIER 1: CS-1-MU-V-NCCD-ETOD-DBETOD-NP parses to CS-1, never CS > yields CS-1 with the combining districts and overlays carried separately 1ms
   Γ£ô FALSIFIER 1: CS-1-MU-V-NCCD-ETOD-DBETOD-NP parses to CS-1, never CS > shows what the truncated reading would have produced: CS, a DIFFERENT row that also resolves 45ms
   Γ£ô FALSIFIER 1: CS-1-MU-V-NCCD-ETOD-DBETOD-NP parses to CS-1, never CS > parses the other two A-164 compounds the same way 1ms
   ├ù FALSIFIER 1: CS-1-MU-V-NCCD-ETOD-DBETOD-NP parses to CS-1, never CS > parses every value in the live top-24 sample to the district it publishes 81ms
     ΓåÆ I-SF-2: expected 'unrecognised' to be 'base' // Object.is equality
   Γ£ô FALSIFIER 2: an unmatched prefix returns unrecognised, never a shorter match > does not drop a leading token to reach a real district when NO qualifier is declared 1ms
   Γ£ô FALSIFIER 2: an unmatched prefix returns unrecognised, never a shorter match > does not truncate a suffix to reach a shorter district (SF-4A is not SF-4, and SF-4 is not a row) 1ms
   Γ£ô FALSIFIER 2: an unmatched prefix returns unrecognised, never a shorter match > returns unrecognised for an empty value rather than an empty-string district 0ms
   Γ£ô FALSIFIER 2: an unmatched prefix returns unrecognised, never a shorter match > keeps the separator rule that makes truncation impossible: '.' and '&' are not boundaries 1ms
   ├ù FALSIFIER 4: removing the longest-match rule fails fixtures > produces ZERO fixture failures under the shipped rule 23ms
     ΓåÆ expected [ 'I-SF-2', 'I-RR', 'I-SF-4A' ] to deeply equal []
   ├ù FALSIFIER 4: removing the longest-match rule fails fixtures > inverting the preference to shortest-match fails the CS-1 fixture (and only the CS-1 case) 25ms
     ΓåÆ expected [ ΓÇª(4) ] to deeply equal [ 'CS-1-MU-V-NCCD-ETOD-DBETOD-NP' ]
   Γ£ô FALSIFIER 4: removing the longest-match rule fails fixtures > splitting on '-' and taking the first token fails many fixtures (A-164's naive reading) 1ms
   Γ£ô the whole live vocabulary, parsed > resolves all 557 named values into exactly one class each, and the classes sum to the layer  388ms
   ├ù the whole live vocabulary, parsed > lists every unrecognised family by name, with its polygon count (the worklist) 17ms
     ΓåÆ expected true to be false // Object.is equality
   ├ù the whole live vocabulary, parsed > reads the whole interim family as its base: 14 values, 1,229 polygons, every one disclosed 17ms
     ΓåÆ expected [] to deeply equal [ 'I-AV', 'I-GR', 'I-LA', ΓÇª(11) ]
   ├ù the whole live vocabulary, parsed > FALSIFIER 3: with the qualifier rule removed, these fixtures fail (paired control) 31ms
     ΓåÆ expected +0 to be 14 // Object.is equality
   ├ù the whole live vocabulary, parsed > an empty or unmatched remainder stays unrecognised and never becomes the qualifier 1ms
     ΓåÆ I: expected false to be true // Object.is equality
   Γ£ô the whole live vocabulary, parsed > only strips a DECLARED qualifier, and only at a separator boundary 17ms
   ├ù the whole live vocabulary, parsed > agrees with P-255's census formula on planned development except for I-PUD, and names that divergence 14ms
     ΓåÆ expected [] to deeply equal [ 'I-PUD' ]
   Γ£ô the whole live vocabulary, parsed > carries the multi-district '/' values as additionalBases instead of discarding them 1ms
   Γ£ô the whole live vocabulary, parsed > handles the layer's one whitespace-broken value (LR -NP) as LR + NP 0ms
   ├ù the registry wiring this parser depends on > wires all three Austin county entries to the public PLANNINGCADASTRE layer, sharing one cityKey 21ms
     ΓåÆ expected [] to deeply equal [ 'I' ]
   ├ù the registry wiring this parser depends on > declares the interim qualifier for Austin and for NO other city 28ms
     ΓåÆ expected [] to deeply equal [ 'I' ]
   Γ£ô the registry wiring this parser depends on > no longer reads the superseded Austin layer or its collapsed BASE_ZONE field 18ms
   Γ£ô the registry wiring this parser depends on > makes Austin a wired jurisdiction in all three of its counties 1ms
   Γ£ô the registry wiring this parser depends on > only Austin carries a base-code parse (the other 30 entries are untouched by P-259) 0ms
   Γ£ô the registry wiring this parser depends on > no registry entry ever ships a non-default match mode 0ms
   Γ£ô the parse survives the layer fetch, the index and the audit > reduces a compound ZONING_ZTYPE to its base and carries the full parse 31ms
   Γ£ô the parse survives the layer fetch, the index and the audit > stamps an UNRECOGNISED value verbatim, and planned development raw 0ms
   ├ù the parse survives the layer fetch, the index and the audit > reads an interim value as its base and discloses it ΓÇö and, with the qualifier undeclared, still refuses to guess 37ms
     ΓåÆ expected 'unrecognised' to be 'base' // Object.is equality
   Γ£ô the parse survives the layer fetch, the index and the audit > leaves every NON-parse layer on the old contract (published value IS the district) 0ms
   Γ£ô the parse survives the layer fetch, the index and the audit > drops a polygon that publishes no code rather than inventing one 17ms
   Γ£ô the parse survives the layer fetch, the index and the audit > PASSES the frame check on a WGS84 page and FAILS it on the state-plane page the layer stores 8ms
   Γ£ô the parse survives the layer fetch, the index and the audit > reads the layer's OWN projection and vintage from ?f=json, never assumes them 20ms
   Γ£ô the parse survives the layer fetch, the index and the audit > carries the parse through the PIP index, so the stamped code is the resolved base 16ms
   ├ù the parse survives the layer fetch, the index and the audit > audits the page: every feature lands in a bucket, and the buckets sum to the page 16ms
     ΓåÆ expected 3 to be 5 // Object.is equality
   ├ù the parse survives the layer fetch, the index and the audit > audits an interim I-PUD page as planned development AND interim, counted once 1ms
     ΓåÆ expected 1 to be 2 // Object.is equality
 Γ£ô src/__tests__/txgio.test.ts (96 tests) 766ms
 Γ£ô src/__tests__/nfhl.test.ts (9 tests) 1377ms
   Γ£ô streamGeoJsonSeqWithBackpressure > keeps queue depth near highWaterMark under a slow consumer  1254ms
 Γ¥» src/__tests__/zoningStamp.test.ts (62 tests | 2 failed) 1275ms
   Γ£ô buildZoningIndex > keeps well-formed features and drops code-less / geometry-less ones 28ms
   Γ£ô representativePoint > returns the area-centroid of a square (its center) 1ms
   Γ£ô representativePoint > returns null for a non-polygon geometry 6ms
   Γ£ô representativePoint > stays inside the parcel's own polygon for a real small irregular Bastrop ring (regression: was ~21m outside) 13ms
   Γ£ô representativePoint > gives the same centroid regardless of coordinate magnitude (translation-invariance proof) 0ms
   Γ£ô zoningCodeAtPoint > finds the containing polygon's code 0ms
   Γ£ô zoningCodeAtPoint > returns null when the point is in no polygon 0ms
   Γ£ô stampParcelZoning (the load-bearing fix) > stamps a single-family parcel 'RS' (not the MF-2 conservative fallback) 0ms
   Γ£ô stampParcelZoning (the load-bearing fix) > stamps a parcel in the MF-2 block 'MF-2' 19ms
   Γ£ô stampParcelZoning (the load-bearing fix) > leaves a parcel outside every zoning polygon unstamped (null) 0ms
   Γ£ô reduceZoningFeature (ZONE/FULLZONE field mapping) > pulls the configured code + description fields off a GeoJSON feature 0ms
   Γ£ô reduceZoningFeature (ZONE/FULLZONE field mapping) > yields a null code for a blank ZONE (never a fabricated district) 0ms
   Γ£ô reduceZoningFeature (ZONE/FULLZONE field mapping) > accepts ArcGIS f=json features (attributes + rings) 29ms
   Γ£ô reduceZoningFeature (codeExtractRegex ΓÇö Hutto parenthesized code) > extracts the parenthesized token as the code 37ms
   Γ£ô reduceZoningFeature (codeExtractRegex ΓÇö Hutto parenthesized code) > extracts from other parenthesized values (B-2, OT-3) 1ms
   Γ£ô reduceZoningFeature (codeExtractRegex ΓÇö Hutto parenthesized code) > yields NULL when the value has no parens (honest, never guessed) 0ms
   Γ£ô reduceZoningFeature (codeExtractRegex ΓÇö Hutto parenthesized code) > WITHOUT a regex returns the raw value unchanged (Georgetown path unaffected) 0ms
   Γ£ô reduceZoningFeature (codeDomainMap ΓÇö Bastrop ZoneTypeClass) > decodes LIVE prop_id 105054 ZoneTypeClass=3 to string SF-1 0ms
   Γ£ô reduceZoningFeature (codeDomainMap ΓÇö Bastrop ZoneTypeClass) > leaves unmapped domain ints null (never stamps bare 99) 0ms
   Γ£ô reduceZoningFeature (codeDomainMap ΓÇö Bastrop ZoneTypeClass) > without a domain map, integer fields coerce to string (no silent drop) 0ms
   Γ£ô resolveZoningLayer (the 5 newly registered cities) > resolves round-rock-tx to Round Rock (county 48491, codeField BASE_ZONIN) 0ms
   Γ£ô resolveZoningLayer (the 5 newly registered cities) > resolves leander-tx to Leander (county 48491, codeField Use_) 0ms
   Γ£ô resolveZoningLayer (the 5 newly registered cities) > resolves new-braunfels-tx to New Braunfels (county 48091, codeField District) 16ms
   Γ£ô resolveZoningLayer (the 5 newly registered cities) > resolves dripping-springs-tx to Dripping Springs (county 48209, codeField Zoning_Abbreviation) 7ms
   Γ£ô resolveZoningLayer (the 5 newly registered cities) > resolves hutto-tx to Hutto (county 48491, codeField ZONING) 0ms
   Γ£ô resolveZoningLayer (the 5 newly registered cities) > uses the official San Marcos, Texas zoning service and its published fields 2ms
   Γ£ô resolveZoningLayer (the 5 newly registered cities) > wires codeExtractRegex ONLY on Hutto (Leander base code Use_, not Comp_Use) 0ms
   Γ£ô resolveZoningLayer (the 5 newly registered cities) > wires bastrop-city-tx to Zoned_Parcels/83 ZoneTypeClass + BDC domain map (WDLL 6) 0ms
   Γ£ô resolveZoningLayer (the 5 newly registered cities) > wires elgin-tx to Elgin_Zoning/0 Zone_Code + CITY_LIMIT filter (2026-08-03 onboarding, Bastrop-county side only) 19ms
   Γ£ô resolveZoningLayer (the 5 newly registered cities) > wires elgin-tx-travis to Elgin_Zoning/1 for county 48453, same cityKey as the Bastrop-side entry (CTX-ELGIN, P-124, 2026-09-08) 0ms
   Γ£ô resolveZoningLayer (the 5 newly registered cities) > elgin-tx codeDomainMap: identity for 7 districts, A -> R-4 for the sole GIS/ordinance-naming divergence 0ms
   Γ£ô chunkPairs > splits into fixed-size chunks with a short final chunk 0ms
   Γ£ô chunkPairs > returns a single chunk when under the cap and none when empty 0ms
   Γ£ô chunkPairs > rejects a non-positive size 15ms
   Γ£ô chunkPairs > keeps the batch cap under pg's bound-param ceiling 0ms
   Γ£ô stampCountyZoning (batched write) > stamps the right code per feature_index and rowsUpdated sums per-cell dupes 50ms
   Γ£ô stampCountyZoning (batched write) > dryRun writes nothing (no execute, all rows stay NULL) 14ms
   Γ£ô stampCountyZoning (batched write) > re-run overwrites in place (idempotent + additive) 1ms
   Γ£ô stampCountyZoning (batched write) > limit bounds parcelsRead (and only reads within the bound) 15ms
   Γ£ô stampCountyZoning (batched write) > batches the write, splitting at the cap (multiple execute calls)  663ms
   Γ£ô parsePropIdsFile > parses one raw prop id per line, dedupes, ignores blank lines and comments 1ms
   Γ£ô parsePropIdsFile > accepts a full parcelNodeId and strips the county-fips prefix 0ms
   Γ£ô parsePropIdsFile > normalizes leading zeros the same as normalizeCadPropId 0ms
   Γ£ô parsePropIdsFile > fails loud on an empty file (no usable lines) 1ms
   Γ£ô parsePropIdsFile > fails loud on an unparseable (non-numeric) line 8ms
   Γ£ô parsePropIdsFile > fails loud on a line that is only a colon (empty id after strip) 0ms
   Γ£ô normalizePropId > strips leading zeros from an all-digit id 0ms
   Γ£ô normalizePropId > leaves a non-numeric id untouched 0ms
   Γ£ô normalizePropId > trims whitespace 0ms
   Γ£ô stampCountyZoning (propIds scoped mode) > restricts the read to exactly the requested prop ids (SQL carries prop_id IN (...)) 8ms
   Γ£ô stampCountyZoning (propIds scoped mode) > stamps only the 3 requested parcels, leaving the non-target row in the same county untouched 1ms
   Γ£ô stampCountyZoning (propIds scoped mode) > reports notFoundInParcelStore for requested ids absent from the store 0ms
   Γ£ô stampCountyZoning (propIds scoped mode) > dry-run scoped mode: PIP computed, per-parcel table populated, zero writes 16ms
   Γ£ô stampCountyZoning (propIds scoped mode) > UNSCOPED mode (no propIds) omits every scoped-mode field (whole-county path unaffected) 0ms
   Γ£ô noAccountReason (the account gate's classifier) > classifies the three no-account shapes the ruling names 0ms
   Γ£ô noAccountReason (the account gate's classifier) > treats every other value as a real account (never over-excludes) 0ms
   Γ£ô stampCountyZoning (no CAD account ΓåÆ no row, P-259b) > a prop_id '0' / blank / null feature writes nothing and is counted by reason; a real account still writes 14ms
   Γ£ô stampCountyZoning (no CAD account ΓåÆ no row, P-259b) > keeps the five-way invariant account for account (nothing silently dropped) 1ms
   Γ£ô stampCountyZoning (no CAD account ΓåÆ no row, P-259b) > counts DISTINCT accounts, not features (per-cell dupes share one account) 0ms
   Γ£ô stampCountyZoning (no CAD account ΓåÆ no row, P-259b) > scoped mode reports a no-account request by name, not as a resolved or missing id 1ms
   ├ù stampCountyZoning (interim disclosure through the write, P-259b) > stamps I-SF-2-NP as SF-2 with interim true, and writes the disclosure on every stamped row 113ms
     ΓåÆ expected 'I-SF-2-NP' to be 'SF-2' // Object.is equality
   ├ù stampCountyZoning (interim disclosure through the write, P-259b) > dry-run still discloses the interim fact in the per-parcel table, with zero writes 122ms
     ΓåÆ expected { propId: '50050', ΓÇª(5) } to match object { Object (district, kind, ...) }
(2 matching properties omitted from actual)
node.exe : 
At C:\Users\cente\AppData\Roaming\npm\pnpm.ps1:24 char:5
+     & "node$exe"  "$basedir/node_modules/pnpm/bin/pnpm.cjs" $args
+     ~~~~~~~~~~~~~~~~~~~~~~~~~~~~~~~~~~~~~~~~~~~~~~~~~~~~~~~~~~~~~
    + CategoryInfo          : NotSpecified: (:String) [], RemoteException
    + FullyQualifiedErrorId : NativeCommandError
 
ΓÄ»ΓÄ»ΓÄ»ΓÄ»ΓÄ»ΓÄ» Failed Tests 15 ΓÄ»ΓÄ»ΓÄ»ΓÄ»ΓÄ»ΓÄ»ΓÄ»

 FAIL  src/__tests__/zoningBaseCode.test.ts > FALSIFIER 1: CS-1-MU-V-NCCD-ETOD-DBETOD-NP parses to CS-1, never CS > 
parses every value in the live top-24 sample to the district it publishes
AssertionError: I-SF-2: expected 'unrecognised' to be 'base' // Object.is equality

Expected: "base"
Received: "unrecognised"

 Γ¥» src/__tests__/zoningBaseCode.test.ts:275:33
    273|       expect(expected, `unexpected sample value ${value}`).toBeDefinedΓÇª
    274|       const parse = parseBaseCode(value, AUSTIN);
    275|       expect(parse.kind, value).toBe(expected!.kind);
       |                                 ^
    276|       expect(parse.base, value).toBe(expected!.base);
    277|       if (expected!.overlays) expect(parse.overlays, value).toEqual(exΓÇª

ΓÄ»ΓÄ»ΓÄ»ΓÄ»ΓÄ»ΓÄ»ΓÄ»ΓÄ»ΓÄ»ΓÄ»ΓÄ»ΓÄ»ΓÄ»ΓÄ»ΓÄ»ΓÄ»ΓÄ»ΓÄ»ΓÄ»ΓÄ»ΓÄ»ΓÄ»ΓÄ»[1/15]ΓÄ»

 FAIL  src/__tests__/zoningBaseCode.test.ts > FALSIFIER 4: removing the longest-match rule fails fixtures > produces 
ZERO fixture failures under the shipped rule
AssertionError: expected [ 'I-SF-2', 'I-RR', 'I-SF-4A' ] to deeply equal []

- Expected
+ Received

- []
+ [
+   "I-SF-2",
+   "I-RR",
+   "I-SF-4A",
+ ]

 Γ¥» src/__tests__/zoningBaseCode.test.ts:351:44
    349| 
    350|   it("produces ZERO fixture failures under the shipped rule", () => {
    351|     expect(failuresUnder("longest-match")).toEqual([]);
       |                                            ^
    352|     // 3 A-164 compounds + 20 live sample values with a base district ΓÇª
    353|     // P-259b; the three live interim sample values I-SF-2 / I-RR / I-ΓÇª

ΓÄ»ΓÄ»ΓÄ»ΓÄ»ΓÄ»ΓÄ»ΓÄ»ΓÄ»ΓÄ»ΓÄ»ΓÄ»ΓÄ»ΓÄ»ΓÄ»ΓÄ»ΓÄ»ΓÄ»ΓÄ»ΓÄ»ΓÄ»ΓÄ»ΓÄ»ΓÄ»[2/15]ΓÄ»

 FAIL  src/__tests__/zoningBaseCode.test.ts > FALSIFIER 4: removing the longest-match rule fails fixtures > inverting 
the preference to shortest-match fails the CS-1 fixture (and only the CS-1 case)
AssertionError: expected [ ΓÇª(4) ] to deeply equal [ 'CS-1-MU-V-NCCD-ETOD-DBETOD-NP' ]

- Expected
+ Received

  [
    "CS-1-MU-V-NCCD-ETOD-DBETOD-NP",
+   "I-SF-2",
+   "I-RR",
+   "I-SF-4A",
  ]

 Γ¥» src/__tests__/zoningBaseCode.test.ts:369:20
    367|     // the values where a SHORTER base is also a boundary prefix. ThatΓÇª
    368|     // CS-1 in this vocabulary.
    369|     expect(failed).toEqual(["CS-1-MU-V-NCCD-ETOD-DBETOD-NP"]);
       |                    ^
    370|   });
    371| 

ΓÄ»ΓÄ»ΓÄ»ΓÄ»ΓÄ»ΓÄ»ΓÄ»ΓÄ»ΓÄ»ΓÄ»ΓÄ»ΓÄ»ΓÄ»ΓÄ»ΓÄ»ΓÄ»ΓÄ»ΓÄ»ΓÄ»ΓÄ»ΓÄ»ΓÄ»ΓÄ»[3/15]ΓÄ»

 FAIL  src/__tests__/zoningBaseCode.test.ts > the whole live vocabulary, parsed > lists every unrecognised family by 
name, with its polygon count (the worklist)
AssertionError: expected true to be false // Object.is equality

- Expected
+ Received

- false
+ true

 Γ¥» src/__tests__/zoningBaseCode.test.ts:430:31
    428|     // of them: P-259b reads it as its base (it was 14 values / 1,229 ΓÇª
    429|     // of this bucket before the rule, and the bucket fell by exactly ΓÇª
    430|     expect(byFamily.has("I")).toBe(false);
       |                               ^
    431|     for (const row of unrec) expect(row.value.startsWith("I-")).toBe(fΓÇª
    432|     expect(byFamily.get("TOD")).toEqual({ values: 7, polygons: 138 });

ΓÄ»ΓÄ»ΓÄ»ΓÄ»ΓÄ»ΓÄ»ΓÄ»ΓÄ»ΓÄ»ΓÄ»ΓÄ»ΓÄ»ΓÄ»ΓÄ»ΓÄ»ΓÄ»ΓÄ»ΓÄ»ΓÄ»ΓÄ»ΓÄ»ΓÄ»ΓÄ»[4/15]ΓÄ»

 FAIL  src/__tests__/zoningBaseCode.test.ts > the whole live vocabulary, parsed > reads the whole interim family as 
its base: 14 values, 1,229 polygons, every one disclosed
AssertionError: expected [] to deeply equal [ 'I-AV', 'I-GR', 'I-LA', ΓÇª(11) ]

- Expected
+ Received

- [
-   "I-AV",
-   "I-GR",
-   "I-LA",
-   "I-MF-2",
-   "I-MF-3",
-   "I-PUD",
-   "I-RR",
-   "I-RR-NP",
-   "I-SF-1",
-   "I-SF-2",
-   "I-SF-2-NP",
-   "I-SF-3",
-   "I-SF-4A",
-   "I-SF-6",
- ]
+ []

 Γ¥» src/__tests__/zoningBaseCode.test.ts:453:20
    451|     const interim = ALL_PARSED.filter((v) => v.parse.interim);
    452|     const values = interim.map((v) => v.value).sort();
    453|     expect(values).toEqual([
       |                    ^
    454|       "I-AV",
    455|       "I-GR",

ΓÄ»ΓÄ»ΓÄ»ΓÄ»ΓÄ»ΓÄ»ΓÄ»ΓÄ»ΓÄ»ΓÄ»ΓÄ»ΓÄ»ΓÄ»ΓÄ»ΓÄ»ΓÄ»ΓÄ»ΓÄ»ΓÄ»ΓÄ»ΓÄ»ΓÄ»ΓÄ»[5/15]ΓÄ»

 FAIL  src/__tests__/zoningBaseCode.test.ts > the whole live vocabulary, parsed > FALSIFIER 3: with the qualifier rule 
removed, these fixtures fail (paired control)
AssertionError: expected +0 to be 14 // Object.is equality

- Expected
+ Received

- 14
+ 0

 Γ¥» src/__tests__/zoningBaseCode.test.ts:517:34
    515|     const removed: BaseCodeParseConfig = { ...AUSTIN, interimQualifierΓÇª
    516|     const interimValues = ALL_PARSED.filter((v) => v.parse.interim).maΓÇª
    517|     expect(interimValues.length).toBe(14);
       |                                  ^
    518| 
    519|     const failing = interimValues.filter(

ΓÄ»ΓÄ»ΓÄ»ΓÄ»ΓÄ»ΓÄ»ΓÄ»ΓÄ»ΓÄ»ΓÄ»ΓÄ»ΓÄ»ΓÄ»ΓÄ»ΓÄ»ΓÄ»ΓÄ»ΓÄ»ΓÄ»ΓÄ»ΓÄ»ΓÄ»ΓÄ»[6/15]ΓÄ»

 FAIL  src/__tests__/zoningBaseCode.test.ts > the whole live vocabulary, parsed > an empty or unmatched remainder 
stays unrecognised and never becomes the qualifier
AssertionError: I: expected false to be true // Object.is equality

- Expected
+ Received

- true
+ false

 Γ¥» src/__tests__/zoningBaseCode.test.ts:543:36
    541|       expect(parse.kind, value).toBe("unrecognised");
    542|       expect(parse.base, value).toBeNull();
    543|       expect(parse.interim, value).toBe(true);
       |                                    ^
    544|       expect(parse.reason, value).toContain("interim");
    545|     }

ΓÄ»ΓÄ»ΓÄ»ΓÄ»ΓÄ»ΓÄ»ΓÄ»ΓÄ»ΓÄ»ΓÄ»ΓÄ»ΓÄ»ΓÄ»ΓÄ»ΓÄ»ΓÄ»ΓÄ»ΓÄ»ΓÄ»ΓÄ»ΓÄ»ΓÄ»ΓÄ»[7/15]ΓÄ»

 FAIL  src/__tests__/zoningBaseCode.test.ts > the whole live vocabulary, parsed > agrees with P-255's census formula 
on planned development except for I-PUD, and names that divergence
AssertionError: expected [] to deeply equal [ 'I-PUD' ]

- Expected
+ Received

- [
-   "I-PUD",
- ]
+ []

 Γ¥» src/__tests__/zoningBaseCode.test.ts:608:47
    606|     // show ΓÇö not a parser defect, and NOT a reason to widen the censuΓÇª
    607|     // in this lane.
    608|     expect(disagreements.map((v) => v.value)).toEqual(["I-PUD"]);
       |                                               ^
    609|     expect(disagreements.reduce((s, v) => s + v.polygons, 0)).toBe(1);
    610| 

ΓÄ»ΓÄ»ΓÄ»ΓÄ»ΓÄ»ΓÄ»ΓÄ»ΓÄ»ΓÄ»ΓÄ»ΓÄ»ΓÄ»ΓÄ»ΓÄ»ΓÄ»ΓÄ»ΓÄ»ΓÄ»ΓÄ»ΓÄ»ΓÄ»ΓÄ»ΓÄ»[8/15]ΓÄ»

 FAIL  src/__tests__/zoningBaseCode.test.ts > the registry wiring this parser depends on > wires all three Austin 
county entries to the public PLANNINGCADASTRE layer, sharing one cityKey
AssertionError: expected [] to deeply equal [ 'I' ]

- Expected
+ Received

- [
-   "I",
- ]
+ []

 Γ¥» src/__tests__/zoningBaseCode.test.ts:655:50
    653|       expect(c.baseCodeParse?.matchMode).toBeUndefined();
    654|       // P-259b: all three Austin county entries declare the interim qΓÇª
    655|       expect(c.baseCodeParse?.interimQualifiers).toEqual(["I"]);
       |                                                  ^
    656|       expect(c.baseCodeParse?.interimQualifiers).toEqual(AUSTIN_INTERIΓÇª
    657|     }


ΓÄ»ΓÄ»ΓÄ»ΓÄ»ΓÄ»ΓÄ»ΓÄ»ΓÄ»ΓÄ»ΓÄ»ΓÄ»ΓÄ»ΓÄ»ΓÄ»ΓÄ»ΓÄ»ΓÄ»ΓÄ»ΓÄ»ΓÄ»ΓÄ»ΓÄ»ΓÄ»[9/15]ΓÄ»

 FAIL  src/__tests__/zoningBaseCode.test.ts > the registry wiring this parser depends on > declares the interim 
qualifier for Austin and for NO other city
AssertionError: expected [] to deeply equal [ 'I' ]

- Expected
+ Received

- [
-   "I",
- ]
+ []

 Γ¥» src/__tests__/zoningBaseCode.test.ts:674:50
    672|     // stray entry here would silently widen the strip for every AustiΓÇª
    673|     for (const c of withInterim) {
    674|       expect(c.baseCodeParse!.interimQualifiers).toEqual(["I"]);
       |                                                  ^
    675|     }
    676|   });

ΓÄ»ΓÄ»ΓÄ»ΓÄ»ΓÄ»ΓÄ»ΓÄ»ΓÄ»ΓÄ»ΓÄ»ΓÄ»ΓÄ»ΓÄ»ΓÄ»ΓÄ»ΓÄ»ΓÄ»ΓÄ»ΓÄ»ΓÄ»ΓÄ»ΓÄ»[10/15]ΓÄ»

 FAIL  src/__tests__/zoningBaseCode.test.ts > the parse survives the layer fetch, the index and the audit > reads an 
interim value as its base and discloses it ΓÇö and, with the qualifier undeclared, still refuses to guess
AssertionError: expected 'unrecognised' to be 'base' // Object.is equality

Expected: "base"
Received: "unrecognised"

 Γ¥» src/__tests__/zoningBaseCode.test.ts:785:33
    783|     // not a row in this vocabulary at all.
    784|     const interim = reduceZoningFeature(page("I-SF-2", wgs84Square, 2)ΓÇª
    785|     expect(interim.parse?.kind).toBe("base");
       |                                 ^
    786|     expect(interim.parse?.base).toBe("SF-2");
    787|     expect(interim.parse?.interim).toBe(true);

ΓÄ»ΓÄ»ΓÄ»ΓÄ»ΓÄ»ΓÄ»ΓÄ»ΓÄ»ΓÄ»ΓÄ»ΓÄ»ΓÄ»ΓÄ»ΓÄ»ΓÄ»ΓÄ»ΓÄ»ΓÄ»ΓÄ»ΓÄ»ΓÄ»ΓÄ»[11/15]ΓÄ»

 FAIL  src/__tests__/zoningBaseCode.test.ts > the parse survives the layer fetch, the index and the audit > audits the 
page: every feature lands in a bucket, and the buckets sum to the page
AssertionError: expected 3 to be 5 // Object.is equality

- Expected
+ Received

- 5
+ 3

 Γ¥» src/__tests__/zoningBaseCode.test.ts:887:24
    885|     // The two interim pages resolve to SF-2, so they are BASE featureΓÇª
    886|     // and the interim disclosure counts them as a SUBSET of that buckΓÇª
    887|     expect(audit.base).toBe(5);
       |                        ^
    888|     expect(audit.plannedDevelopment).toBe(1);
    889|     expect(audit.unrecognised).toBe(0);

ΓÄ»ΓÄ»ΓÄ»ΓÄ»ΓÄ»ΓÄ»ΓÄ»ΓÄ»ΓÄ»ΓÄ»ΓÄ»ΓÄ»ΓÄ»ΓÄ»ΓÄ»ΓÄ»ΓÄ»ΓÄ»ΓÄ»ΓÄ»ΓÄ»ΓÄ»[12/15]ΓÄ»

 FAIL  src/__tests__/zoningBaseCode.test.ts > the parse survives the layer fetch, the index and the audit > audits an 
interim I-PUD page as planned development AND interim, counted once
AssertionError: expected 1 to be 2 // Object.is equality

- Expected
+ Received

- 2
+ 1

 Γ¥» src/__tests__/zoningBaseCode.test.ts:922:38
    920|     ];
    921|     const audit = layerParseAudit(features);
    922|     expect(audit.plannedDevelopment).toBe(2);
       |                                      ^
    923|     expect(audit.interimPlannedDevelopment).toBe(1);
    924|     expect(audit.interimBase).toBe(0);

ΓÄ»ΓÄ»ΓÄ»ΓÄ»ΓÄ»ΓÄ»ΓÄ»ΓÄ»ΓÄ»ΓÄ»ΓÄ»ΓÄ»ΓÄ»ΓÄ»ΓÄ»ΓÄ»ΓÄ»ΓÄ»ΓÄ»ΓÄ»ΓÄ»ΓÄ»[13/15]ΓÄ»

 FAIL  src/__tests__/zoningStamp.test.ts > stampCountyZoning (interim disclosure through the write, P-259b) > stamps 
I-SF-2-NP as SF-2 with interim true, and writes the disclosure on every stamped row
AssertionError: expected 'I-SF-2-NP' to be 'SF-2' // Object.is equality

Expected: "SF-2"
Received: "I-SF-2-NP"

 Γ¥» src/__tests__/zoningStamp.test.ts:1348:39
    1346|     // The row: base district + the interim fact.
    1347|     const interimRow = fake.rows.find((r) => r.featureIndex === 50)!;
    1348|     expect(interimRow.zoningDistrict).toBe("SF-2");
       |                                       ^
    1349|     expect(interimRow.zoningDistrictInterim).toBe(true);
    1350| 

ΓÄ»ΓÄ»ΓÄ»ΓÄ»ΓÄ»ΓÄ»ΓÄ»ΓÄ»ΓÄ»ΓÄ»ΓÄ»ΓÄ»ΓÄ»ΓÄ»ΓÄ»ΓÄ»ΓÄ»ΓÄ»ΓÄ»ΓÄ»ΓÄ»ΓÄ»[14/15]ΓÄ»

 FAIL  src/__tests__/zoningStamp.test.ts > stampCountyZoning (interim disclosure through the write, P-259b) > dry-run 
still discloses the interim fact in the per-parcel table, with zero writes
AssertionError: expected { propId: '50050', ΓÇª(5) } to match object { Object (district, kind, ...) }
(2 matching properties omitted from actual)

- Expected
+ Received

  {
-   "district": "SF-2",
-   "interim": true,
-   "kind": "base",
+   "district": "I-SF-2-NP",
+   "interim": false,
+   "kind": "unrecognised",
    "publishedCode": "I-SF-2-NP",
  }

 Γ¥» src/__tests__/zoningStamp.test.ts:1394:33
    1392|     expect(fake.executeCalls).toBe(0);
    1393|     const byProp = new Map(summary.perParcel!.map((r) => [r.propId, r]ΓÇª
    1394|     expect(byProp.get("50050")).toMatchObject({
       |                                 ^
    1395|       district: "SF-2",
    1396|       kind: "base",

ΓÄ»ΓÄ»ΓÄ»ΓÄ»ΓÄ»ΓÄ»ΓÄ»ΓÄ»ΓÄ»ΓÄ»ΓÄ»ΓÄ»ΓÄ»ΓÄ»ΓÄ»ΓÄ»ΓÄ»ΓÄ»ΓÄ»ΓÄ»ΓÄ»ΓÄ»[15/15]ΓÄ»

 Test Files  2 failed | 22 passed | 3 skipped (27)
      Tests  15 failed | 433 passed | 18 skipped (466)
   Start at  07:54:39
   Duration  11.15s (transform 13.99s, setup 0ms, collect 77.13s, tests 4.88s, environment 4ms, prepare 3.69s)

P:\tmp\p259b-interim-and-accounts\lib\cad-ingest:
ΓÇëERR_PNPM_RECURSIVE_RUN_FIRST_FAILΓÇë @workspace/cad-ingest@0.0.0 test: `vitest run`
Exit status 1
