
> @workspace/cad-ingest@0.0.0 txgio-ingest P:\legacy-design-tools-wave0\lib\cad-ingest
> tsx src/txgio/cli.ts "--" "--county=48361"

[txgio-ingest] downloading https://data.geographic.texas.gov/0fa04328-872e-481c-b453-126a74777593/resources/stratmap25-landparcels_48361_lp.zip
[txgio-ingest] saved C:\Users\cente\AppData\Local\Temp\txgio-ingest-9x5jte\stratmap25-landparcels_48361_lp.zip
[txgio-ingest] extracting shp/stratmap25-landparcels_48361_orange_202503.dbf (107923746 bytes)
[txgio-ingest] extracting shp/stratmap25-landparcels_48361_orange_202503.prj (145 bytes)
[txgio-ingest] extracting shp/stratmap25-landparcels_48361_orange_202503.shp (12875884 bytes)
[txgio-ingest] projection: GCS_WGS_1984 geographic (stratmap25-landparcels_48361_orange_202503.prj)
[txgio-ingest] county=48361 (Orange) source=https://data.geographic.texas.gov/0fa04328-872e-481c-b453-126a74777593/resources/stratmap25-landparcels_48361_lp.zip
[txgio-ingest] shapefile: C:\Users\cente\AppData\Local\Temp\txgio-ingest-9x5jte\stratmap25-landparcels_48361_orange_202503.shp
[txgio-ingest] vintage=stratmap25-landparcels_48361_orange_202503
[txgio-ingest] replacing existing 48361 rows (0 present) — delete + load run in ONE transaction
[txgio-ingest] inserted 25000 rows...
[txgio-ingest] inserted 50000 rows...
[txgio-ingest] ---- ingest summary ----
[txgio-ingest] county:           48361 (Orange)
[txgio-ingest] loaded before:    no
[txgio-ingest] source file:      stratmap25-landparcels_48361_lp.zip
[txgio-ingest] source vintage:   stratmap25-landparcels_48361_orange_202503
[txgio-ingest] source CRS:       wgs84-geographic
[txgio-ingest] features read:    50337
[txgio-ingest] features parsed:  50337
[txgio-ingest] features load: 50337
[txgio-ingest] rows delete:  0
[txgio-ingest] rows insert:  56128 (one per intersecting grid cell)
[txgio-ingest] features skipped: 0 (no polygon geometry)
[txgio-ingest] duration:         150.2s

(node:114040) Warning: SECURITY WARNING: The SSL modes 'prefer', 'require', and 'verify-ca' are treated as aliases for 'verify-full'.
In the next major version (pg-connection-string v3.0.0 and pg v9.0.0), these modes will adopt standard libpq semantics, which have weaker security guarantees.

To prepare for this change:
- If you want the current behavior, explicitly use 'sslmode=verify-full'
- If you want libpq compatibility now, use 'uselibpqcompat=true&sslmode=require'

See https://www.postgresql.org/docs/current/libpq-ssl.html for libpq SSL mode definitions.
(Use `node --trace-warnings ...` to show where the warning was created)
