
> @workspace/cad-ingest@0.0.0 txgio-ingest P:\legacy-design-tools-wave0\lib\cad-ingest
> tsx src/txgio/cli.ts "--" "--county=48499" "--dry-run"

[txgio-ingest] downloading https://data.geographic.texas.gov/0fa04328-872e-481c-b453-126a74777593/resources/stratmap25-landparcels_48499_lp.zip
[txgio-ingest] saved C:\Users\cente\AppData\Local\Temp\txgio-ingest-F8dfaZ\stratmap25-landparcels_48499_lp.zip
[txgio-ingest] extracting shp/stratmap25-landparcels_48499_wood_202503.dbf (95572162 bytes)
[txgio-ingest] extracting shp/stratmap25-landparcels_48499_wood_202503.prj (145 bytes)
[txgio-ingest] extracting shp/stratmap25-landparcels_48499_wood_202503.shp (12384296 bytes)
[txgio-ingest] projection: GCS_WGS_1984 geographic (stratmap25-landparcels_48499_wood_202503.prj)
[txgio-ingest] county=48499 (Wood) source=https://data.geographic.texas.gov/0fa04328-872e-481c-b453-126a74777593/resources/stratmap25-landparcels_48499_lp.zip
[txgio-ingest] shapefile: C:\Users\cente\AppData\Local\Temp\txgio-ingest-F8dfaZ\stratmap25-landparcels_48499_wood_202503.shp
[txgio-ingest] vintage=stratmap25-landparcels_48499_wood_202503
P:\legacy-design-tools-wave0\lib\cad-ingest:
 ERR_PNPM_RECURSIVE_RUN_FIRST_FAIL  @workspace/cad-ingest@0.0.0 txgio-ingest: `tsx src/txgio/cli.ts "--" "--county=48499" "--dry-run"`
Exit status 1

(node:96316) Warning: SECURITY WARNING: The SSL modes 'prefer', 'require', and 'verify-ca' are treated as aliases for 'verify-full'.
In the next major version (pg-connection-string v3.0.0 and pg v9.0.0), these modes will adopt standard libpq semantics, which have weaker security guarantees.

To prepare for this change:
- If you want the current behavior, explicitly use 'sslmode=verify-full'
- If you want libpq compatibility now, use 'uselibpqcompat=true&sslmode=require'

See https://www.postgresql.org/docs/current/libpq-ssl.html for libpq SSL mode definitions.
(Use `node --trace-warnings ...` to show where the warning was created)
[txgio-ingest] FATAL: TxgioProjectionError: county 48499 feature 43504: bbox [-96.11974769799997, 13.919695862000026, -96.11837544999997, 13.923654807000048] falls outside the plausible Texas WGS84 envelope [-107.5, 25, -93, 37] — coordinates are not WGS84 degrees (projected meters? swapped axes?). Refusing to ingest.
    at assertTexasWgs84Bbox (P:\legacy-design-tools-wave0\lib\cad-ingest\src\txgio\parse.ts:186:11)
    at normalizeTxgioFeature (P:\legacy-design-tools-wave0\lib\cad-ingest\src\txgio\parse.ts:280:3)
    at readTxgioFeatures (P:\legacy-design-tools-wave0\lib\cad-ingest\src\txgio\cli.ts:164:20)
    at process.processTicksAndRejections (node:internal/process/task_queues:103:5)
    at async main (P:\legacy-design-tools-wave0\lib\cad-ingest\src\txgio\cli.ts:444:24) {
  bbox: {
    westLng: -96.11974769799997,
    southLat: 13.919695862000026,
    eastLng: -96.11837544999997,
    northLat: 13.923654807000048
  }
}
