---
pid: 65692
cwd: "P:\\tmp\\ldt-dfw-ingest\\artifacts\\api-server"
command: "$env:NODE_OPTIONS=\"--use-system-ca\"; $env:DATABASE_URL=$env:DEPLOYMENT_DATABASE_URL_VAL; cd p:\\tmp\\ldt-dfw-ingest\\artifacts\\api-server; .\\node_modules\\.bin\\tsx.cmd src\\nodeFacetBakeTier1Cli.ts --county=48367 2>&1 | Tee-Object -FilePath p:\\doc_repo\\_inbox\\2026-08-04_parker_tier1_apply.log"
title: "Apply node-facet-bake-tier1 for Parker county 48367"
status: succeeded
started_at: 2026-08-04T23:12:51.856Z
running_for_ms: 104417   
---
.\node_modules\.bin\tsx.cmd : (node:62272) Warning: SECURITY WARNING: The SSL modes 'prefer', 'require', and 
'verify-ca' are treated as aliases for 'verify-full'.
At C:\Users\cente\AppData\Local\Temp\ps-script-f0365efd-7e6b-4373-be95-c324bbcf6082.ps1:95 char:137
+ ... api-server; .\node_modules\.bin\tsx.cmd src\nodeFacetBakeTier1Cli.ts  ...
+                 ~~~~~~~~~~~~~~~~~~~~~~~~~~~~~~~~~~~~~~~~~~~~~~~~~~~~~~~~~
    + CategoryInfo          : NotSpecified: ((node:62272) Wa... 'verify-full'.:String) [], RemoteException
    + FullyQualifiedErrorId : NativeCommandError
 
In the next major version (pg-connection-string v3.0.0 and pg v9.0.0), these modes will adopt standard libpq 
semantics, which have weaker security guarantees.
To prepare for this change:
- If you want the current behavior, explicitly use 'sslmode=verify-full'
- If you want libpq compatibility now, use 'uselibpqcompat=true&sslmode=require'
See https://www.postgresql.org/docs/current/libpq-ssl.html for libpq SSL mode definitions.
(Use `node --trace-warnings ...` to show where the warning was created)
[node-facet-bake-t1] baking Tier-1 node facets for 48367/48367 from txgio_parcel (100548 parcels), adapter_key=node-facets:tier1
[node-facet-bake-t1] CAD land-use rows for 48367: 0
[node-facet-bake-t1] ---- Tier-1 bake summary ----
[node-facet-bake-t1] county:              48367/48367
[node-facet-bake-t1] mode:                WRITE
[node-facet-bake-t1] adapter_key:         node-facets:tier1
[node-facet-bake-t1] parcels seen:        100548
[node-facet-bake-t1]   skipped (no id):   1021
[node-facet-bake-t1]   skipped (no geom): 0 (baked id-only, envelope/acreage absent)
[node-facet-bake-t1] bakeable nodes:      99527
[node-facet-bake-t1]   promoted (new):    92583
[node-facet-bake-t1]   promoted (upgrade):6944
[node-facet-bake-t1]   kept prior (mono): 0
[node-facet-bake-t1]   fabrication fixed: 0 (gate-blocked land-use stripped from prior snapshot)
[node-facet-bake-t1] facet coverage (of bakeable):
[node-facet-bake-t1]   land-use:          0 (0.0%)
[node-facet-bake-t1]     via address-join:0 (owner-gated situs-address recovery)
[node-facet-bake-t1]   acreage:           99527 (100.0%)
[node-facet-bake-t1]   zoning:            0 (0.0%)
[node-facet-bake-t1]   envelope derived:  0 (0.0%)
[node-facet-bake-t1]   envelope ok:       0 (0.0%)
[node-facet-bake-t1] duration:            103.3s
[node-facet-bake-t1] ---- sample owner-free payloads (3) ----
{
  "facetSchemaVersion": "node-facets-tier1-v1",
  "tier": 1,
  "parcelNodeId": "48367:65338",
  "countyFips": "48367",
  "countyName": "48367",
  "baseFacts": {
    "apn": "65338",
    "situsAddress": "472 ROCKY RIDGE LN , , TX 000000",
    "situsCity": null,
    "situsState": "TX",
    "landUse": null,
    "acreage": {
      "value": 3.6793,
      "sqft": 160271,
      "method": "shoelace-wgs84"
    }
  },
  "zoning": null,
  "envelope": {
    "provisional": true,
    "roadsPending": true,
    "confidence": null,
    "approximate": true,
    "status": "declined",
    "declineReason": "no-zoning-stamp",
    "disclosure": "No zoning stamp on this parcel - honest absence; envelope via atom path when present.",
    "jurisdictionKey": null
  },
  "facetCoverage": {
    "baseFacts": true,
    "landUse": false,
    "acreage": true,
    "zoning": false,
    "envelope": false
  },
  "provenance": {
    "parcelSource": "txgio",
    "parcelVintage": "stratmap25-landparcels_48367_parker_202507",
    "landUseSource": null,
    "landUseAddressRecovered": false,
    "roadsPending": true,
    "tierNote": "Tier 1 (deterministic). Buildable envelope product path retired (anti-zombie / atom_path_pending) — read envelope from property atom chain. Tier 2 may still carry flood overlay.",
    "landUseGateBlocked": false,
    "zoningSource": null
  },
  "bakedAt": "2026-08-04T23:12:54.102Z"
}
{
  "facetSchemaVersion": "node-facets-tier1-v1",
  "tier": 1,
  "parcelNodeId": "48367:20045",
  "countyFips": "48367",
  "countyName": "48367",
  "baseFacts": {
    "apn": "20045",
    "situsAddress": "2718 SONORA CANYON RD , , TX 000000",
    "situsCity": null,
    "situsState": "TX",
    "landUse": null,
    "acreage": {
      "value": 7.1901,
      "sqft": 313203,
      "method": "shoelace-wgs84"
    }
  },
  "zoning": null,
  "envelope": {
    "provisional": true,
    "roadsPending": true,
    "confidence": null,
    "approximate": true,
    "status": "declined",
    "declineReason": "no-zoning-stamp",
    "disclosure": "No zoning stamp on this parcel - honest absence; envelope via atom path when present.",
    "jurisdictionKey": null
  },
  "facetCoverage": {
    "baseFacts": true,
    "landUse": false,
    "acreage": true,
    "zoning": false,
    "envelope": false
  },
  "provenance": {
    "parcelSource": "txgio",
    "parcelVintage": "stratmap25-landparcels_48367_parker_202507",
    "landUseSource": null,
    "landUseAddressRecovered": false,
    "roadsPending": true,
    "tierNote": "Tier 1 (deterministic). Buildable envelope product path retired (anti-zombie / atom_path_pending) — read envelope from property atom chain. Tier 2 may still carry flood overlay.",
    "landUseGateBlocked": false,
    "zoningSource": null
  },
  "bakedAt": "2026-08-04T23:12:54.102Z"
}
{
  "facetSchemaVersion": "node-facets-tier1-v1",
  "tier": 1,
  "parcelNodeId": "48367:51943",
  "countyFips": "48367",
  "countyName": "48367",
  "baseFacts": {
    "apn": "51943",
    "situsAddress": "1140 HARRIS RD SP, , TX 000000",
    "situsCity": null,
    "situsState": "TX",
    "landUse": null,
    "acreage": {
      "value": 0.7072,
      "sqft": 30807,
      "method": "shoelace-wgs84"
    }
  },
  "zoning": null,
  "envelope": {
    "provisional": true,
    "roadsPending": true,
    "confidence": null,
    "approximate": true,
    "status": "declined",
    "declineReason": "no-zoning-stamp",
    "disclosure": "No zoning stamp on this parcel - honest absence; envelope via atom path when present.",
    "jurisdictionKey": null
  },
  "facetCoverage": {
    "baseFacts": true,
    "landUse": false,
    "acreage": true,
    "zoning": false,
    "envelope": false
  },
  "provenance": {
    "parcelSource": "txgio",
    "parcelVintage": "stratmap25-landparcels_48367_parker_202507",
    "landUseSource": null,
    "landUseAddressRecovered": false,
    "roadsPending": true,
    "tierNote": "Tier 1 (deterministic). Buildable envelope product path retired (anti-zombie / atom_path_pending) — read envelope from property atom chain. Tier 2 may still carry flood overlay.",
    "landUseGateBlocked": false,
    "zoningSource": null
  },
  "bakedAt": "2026-08-04T23:12:54.102Z"
}

---
exit_code: 0
elapsed_ms: 104417
ended_at: 2026-08-04T23:14:36.273Z
---
