---
pid: 67028
cwd: "P:\\tmp\\engine-dfw-bake\\packages\\engine-core"
command: "Set-Location p:\\tmp\\engine-dfw-bake\\packages\\engine-core\n$env:PROPERTY_ATOM_PATH = '1'\nnpx tsx scripts/bake-property-atom-county.mjs --county=48085 --dry-run 2>&1 | Tee-Object -FilePath p:\\doc_repo\\_inbox\\2026-08-04_collin_property_atom_dryrun.log"
title: "Dry-run bake-property-atom-county with PROPERTY_ATOM_PATH set"
status: succeeded
started_at: 2026-08-04T23:53:25.336Z
running_for_ms: 2513788  
---
{"event":"breadth-county-bake.start","county":"48085","name":"Collin","denominator":387334,"offset":0,"limit":"all","dryRun":true}
{"event":"breadth.progress","county":"48085","parcelsSeen":2000,"atomsWritten":2000,"zoningAbsenceRate":1,"wallMs":2956}
{"event":"breadth.progress","county":"48085","parcelsSeen":4000,"atomsWritten":4000,"zoningAbsenceRate":1,"wallMs":4340}
{"event":"breadth.progress","county":"48085","parcelsSeen":6000,"atomsWritten":6000,"zoningAbsenceRate":1,"wallMs":5838}
{"event":"breadth.progress","county":"48085","parcelsSeen":8000,"atomsWritten":8000,"zoningAbsenceRate":1,"wallMs":7439}
{"event":"breadth.progress","county":"48085","parcelsSeen":10000,"atomsWritten":10000,"zoningAbsenceRate":1,"wallMs":9085}
{"event":"breadth.progress","county":"48085","parcelsSeen":12000,"atomsWritten":12000,"zoningAbsenceRate":1,"wallMs":11413}
{"event":"breadth.progress","county":"48085","parcelsSeen":14000,"atomsWritten":14000,"zoningAbsenceRate":1,"wallMs":14450}
{"event":"breadth.progress","county":"48085","parcelsSeen":16000,"atomsWritten":16000,"zoningAbsenceRate":1,"wallMs":16553}
{"event":"breadth.progress","county":"48085","parcelsSeen":18000,"atomsWritten":18000,"zoningAbsenceRate":1,"wallMs":18897}
{"event":"breadth.progress","county":"48085","parcelsSeen":20000,"atomsWritten":20000,"zoningAbsenceRate":1,"wallMs":21784}
{"event":"breadth.progress","county":"48085","parcelsSeen":22000,"atomsWritten":22000,"zoningAbsenceRate":1,"wallMs":31007}
{"event":"breadth.progress","county":"48085","parcelsSeen":24000,"atomsWritten":24000,"zoningAbsenceRate":1,"wallMs":34739}
{"event":"breadth.progress","county":"48085","parcelsSeen":26000,"atomsWritten":26000,"zoningAbsenceRate":1,"wallMs":38452}
{"event":"breadth.progress","county":"48085","parcelsSeen":28000,"atomsWritten":28000,"zoningAbsenceRate":1,"wallMs":42466}
{"event":"breadth.progress","county":"48085","parcelsSeen":30000,"atomsWritten":30000,"zoningAbsenceRate":1,"wallMs":46304}
{"event":"breadth.progress","county":"48085","parcelsSeen":32000,"atomsWritten":32000,"zoningAbsenceRate":1,"wallMs":50217}
{"event":"breadth.progress","county":"48085","parcelsSeen":34000,"atomsWritten":34000,"zoningAbsenceRate":1,"wallMs":54053}
{"event":"breadth.progress","county":"48085","parcelsSeen":36000,"atomsWritten":36000,"zoningAbsenceRate":1,"wallMs":58059}
{"event":"breadth.progress","county":"48085","parcelsSeen":38000,"atomsWritten":38000,"zoningAbsenceRate":1,"wallMs":62157}
{"event":"breadth.progress","county":"48085","parcelsSeen":40000,"atomsWritten":40000,"zoningAbsenceRate":1,"wallMs":66303}
{"event":"breadth.progress","county":"48085","parcelsSeen":42000,"atomsWritten":42000,"zoningAbsenceRate":1,"wallMs":70578}
{"event":"breadth.progress","county":"48085","parcelsSeen":44000,"atomsWritten":44000,"zoningAbsenceRate":1,"wallMs":75155}
{"event":"breadth.progress","county":"48085","parcelsSeen":46000,"atomsWritten":46000,"zoningAbsenceRate":1,"wallMs":79745}
{"event":"breadth.progress","county":"48085","parcelsSeen":48000,"atomsWritten":48000,"zoningAbsenceRate":1,"wallMs":84233}
{"event":"breadth.progress","county":"48085","parcelsSeen":50000,"atomsWritten":50000,"zoningAbsenceRate":1,"wallMs":89406}
{"event":"breadth.progress","county":"48085","parcelsSeen":52000,"atomsWritten":52000,"zoningAbsenceRate":1,"wallMs":94525}
{"event":"breadth.progress","county":"48085","parcelsSeen":54000,"atomsWritten":54000,"zoningAbsenceRate":1,"wallMs":99759}
{"event":"breadth.progress","county":"48085","parcelsSeen":56000,"atomsWritten":56000,"zoningAbsenceRate":1,"wallMs":105239}
{"event":"breadth.progress","county":"48085","parcelsSeen":58000,"atomsWritten":58000,"zoningAbsenceRate":1,"wallMs":111088}
{"event":"breadth.progress","county":"48085","parcelsSeen":60000,"atomsWritten":60000,"zoningAbsenceRate":1,"wallMs":117394}
{"event":"breadth.progress","county":"48085","parcelsSeen":62000,"atomsWritten":62000,"zoningAbsenceRate":1,"wallMs":123520}
{"event":"breadth.progress","county":"48085","parcelsSeen":64000,"atomsWritten":64000,"zoningAbsenceRate":1,"wallMs":129594}
{"event":"breadth.progress","county":"48085","parcelsSeen":66000,"atomsWritten":66000,"zoningAbsenceRate":1,"wallMs":135717}
{"event":"breadth.progress","county":"48085","parcelsSeen":68000,"atomsWritten":68000,"zoningAbsenceRate":1,"wallMs":142024}
{"event":"breadth.progress","county":"48085","parcelsSeen":70000,"atomsWritten":70000,"zoningAbsenceRate":1,"wallMs":148935}
{"event":"breadth.progress","county":"48085","parcelsSeen":72000,"atomsWritten":72000,"zoningAbsenceRate":1,"wallMs":155606}
{"event":"breadth.progress","county":"48085","parcelsSeen":74000,"atomsWritten":74000,"zoningAbsenceRate":1,"wallMs":162822}
{"event":"breadth.progress","county":"48085","parcelsSeen":76000,"atomsWritten":76000,"zoningAbsenceRate":1,"wallMs":169753}
{"event":"breadth.progress","county":"48085","parcelsSeen":78000,"atomsWritten":78000,"zoningAbsenceRate":1,"wallMs":176718}
{"event":"breadth.progress","county":"48085","parcelsSeen":80000,"atomsWritten":80000,"zoningAbsenceRate":1,"wallMs":184211}
{"event":"breadth.progress","county":"48085","parcelsSeen":82000,"atomsWritten":82000,"zoningAbsenceRate":1,"wallMs":191611}
{"event":"breadth.progress","county":"48085","parcelsSeen":84000,"atomsWritten":84000,"zoningAbsenceRate":1,"wallMs":199018}
{"event":"breadth.progress","county":"48085","parcelsSeen":86000,"atomsWritten":86000,"zoningAbsenceRate":1,"wallMs":206774}
{"event":"breadth.progress","county":"48085","parcelsSeen":88000,"atomsWritten":88000,"zoningAbsenceRate":1,"wallMs":214921}
{"event":"breadth.progress","county":"48085","parcelsSeen":90000,"atomsWritten":90000,"zoningAbsenceRate":1,"wallMs":222730}
{"event":"breadth.progress","county":"48085","parcelsSeen":92000,"atomsWritten":92000,"zoningAbsenceRate":1,"wallMs":230864}
{"event":"breadth.progress","county":"48085","parcelsSeen":94000,"atomsWritten":94000,"zoningAbsenceRate":1,"wallMs":238796}
{"event":"breadth.progress","county":"48085","parcelsSeen":96000,"atomsWritten":96000,"zoningAbsenceRate":1,"wallMs":247097}
{"event":"breadth.progress","county":"48085","parcelsSeen":98000,"atomsWritten":98000,"zoningAbsenceRate":1,"wallMs":255826}
{"event":"breadth.progress","county":"48085","parcelsSeen":100000,"atomsWritten":100000,"zoningAbsenceRate":1,"wallMs":264140}
{"event":"breadth.progress","county":"48085","parcelsSeen":102000,"atomsWritten":102000,"zoningAbsenceRate":1,"wallMs":272536}
{"event":"breadth.progress","county":"48085","parcelsSeen":104000,"atomsWritten":104000,"zoningAbsenceRate":1,"wallMs":281683}
{"event":"breadth.progress","county":"48085","parcelsSeen":106000,"atomsWritten":106000,"zoningAbsenceRate":1,"wallMs":290599}
{"event":"breadth.progress","county":"48085","parcelsSeen":108000,"atomsWritten":108000,"zoningAbsenceRate":1,"wallMs":299796}
{"event":"breadth.progress","county":"48085","parcelsSeen":110000,"atomsWritten":110000,"zoningAbsenceRate":1,"wallMs":309315}
{"event":"breadth.progress","county":"48085","parcelsSeen":112000,"atomsWritten":112000,"zoningAbsenceRate":1,"wallMs":319191}
{"event":"breadth.progress","county":"48085","parcelsSeen":114000,"atomsWritten":114000,"zoningAbsenceRate":1,"wallMs":328197}
{"event":"breadth.progress","county":"48085","parcelsSeen":116000,"atomsWritten":116000,"zoningAbsenceRate":1,"wallMs":337566}
{"event":"breadth.progress","county":"48085","parcelsSeen":118000,"atomsWritten":118000,"zoningAbsenceRate":1,"wallMs":346369}
{"event":"breadth.progress","county":"48085","parcelsSeen":120000,"atomsWritten":120000,"zoningAbsenceRate":1,"wallMs":355235}
{"event":"breadth.progress","county":"48085","parcelsSeen":122000,"atomsWritten":122000,"zoningAbsenceRate":1,"wallMs":364157}
{"event":"breadth.progress","county":"48085","parcelsSeen":124000,"atomsWritten":124000,"zoningAbsenceRate":1,"wallMs":373800}
{"event":"breadth.progress","county":"48085","parcelsSeen":126000,"atomsWritten":126000,"zoningAbsenceRate":1,"wallMs":383399}
{"event":"breadth.progress","county":"48085","parcelsSeen":128000,"atomsWritten":128000,"zoningAbsenceRate":1,"wallMs":392966}
{"event":"breadth.progress","county":"48085","parcelsSeen":130000,"atomsWritten":130000,"zoningAbsenceRate":1,"wallMs":402812}
{"event":"breadth.progress","county":"48085","parcelsSeen":132000,"atomsWritten":132000,"zoningAbsenceRate":1,"wallMs":412930}
{"event":"breadth.progress","county":"48085","parcelsSeen":134000,"atomsWritten":134000,"zoningAbsenceRate":1,"wallMs":423050}
{"event":"breadth.progress","county":"48085","parcelsSeen":136000,"atomsWritten":136000,"zoningAbsenceRate":1,"wallMs":433148}
{"event":"breadth.progress","county":"48085","parcelsSeen":138000,"atomsWritten":138000,"zoningAbsenceRate":1,"wallMs":445318}
{"event":"breadth.progress","county":"48085","parcelsSeen":140000,"atomsWritten":140000,"zoningAbsenceRate":1,"wallMs":456229}
{"event":"breadth.progress","county":"48085","parcelsSeen":142000,"atomsWritten":142000,"zoningAbsenceRate":1,"wallMs":467343}
{"event":"breadth.progress","county":"48085","parcelsSeen":144000,"atomsWritten":144000,"zoningAbsenceRate":1,"wallMs":478144}
{"event":"breadth.progress","county":"48085","parcelsSeen":146000,"atomsWritten":146000,"zoningAbsenceRate":1,"wallMs":488981}
{"event":"breadth.progress","county":"48085","parcelsSeen":148000,"atomsWritten":148000,"zoningAbsenceRate":1,"wallMs":500300}
{"event":"breadth.progress","county":"48085","parcelsSeen":150000,"atomsWritten":150000,"zoningAbsenceRate":1,"wallMs":511374}
{"event":"breadth.progress","county":"48085","parcelsSeen":152000,"atomsWritten":152000,"zoningAbsenceRate":1,"wallMs":522710}
{"event":"breadth.progress","county":"48085","parcelsSeen":154000,"atomsWritten":154000,"zoningAbsenceRate":1,"wallMs":534176}
{"event":"breadth.progress","county":"48085","parcelsSeen":156000,"atomsWritten":156000,"zoningAbsenceRate":1,"wallMs":545659}
{"event":"breadth.progress","county":"48085","parcelsSeen":158000,"atomsWritten":158000,"zoningAbsenceRate":1,"wallMs":557080}
{"event":"breadth.progress","county":"48085","parcelsSeen":160000,"atomsWritten":160000,"zoningAbsenceRate":1,"wallMs":568856}
{"event":"breadth.progress","county":"48085","parcelsSeen":162000,"atomsWritten":162000,"zoningAbsenceRate":1,"wallMs":580550}
{"event":"breadth.progress","county":"48085","parcelsSeen":164000,"atomsWritten":164000,"zoningAbsenceRate":1,"wallMs":592829}
{"event":"breadth.progress","county":"48085","parcelsSeen":166000,"atomsWritten":166000,"zoningAbsenceRate":1,"wallMs":605054}
{"event":"breadth.progress","county":"48085","parcelsSeen":168000,"atomsWritten":168000,"zoningAbsenceRate":1,"wallMs":617572}
{"event":"breadth.progress","county":"48085","parcelsSeen":170000,"atomsWritten":170000,"zoningAbsenceRate":1,"wallMs":630472}
{"event":"breadth.progress","county":"48085","parcelsSeen":172000,"atomsWritten":172000,"zoningAbsenceRate":1,"wallMs":643078}
{"event":"breadth.progress","county":"48085","parcelsSeen":174000,"atomsWritten":174000,"zoningAbsenceRate":1,"wallMs":656390}
{"event":"breadth.progress","county":"48085","parcelsSeen":176000,"atomsWritten":176000,"zoningAbsenceRate":1,"wallMs":671687}
{"event":"breadth.progress","county":"48085","parcelsSeen":178000,"atomsWritten":178000,"zoningAbsenceRate":1,"wallMs":687200}
{"event":"breadth.progress","county":"48085","parcelsSeen":180000,"atomsWritten":180000,"zoningAbsenceRate":1,"wallMs":702178}
{"event":"breadth.progress","county":"48085","parcelsSeen":182000,"atomsWritten":182000,"zoningAbsenceRate":1,"wallMs":717694}
{"event":"breadth.progress","county":"48085","parcelsSeen":184000,"atomsWritten":184000,"zoningAbsenceRate":1,"wallMs":734373}
{"event":"breadth.progress","county":"48085","parcelsSeen":186000,"atomsWritten":186000,"zoningAbsenceRate":1,"wallMs":752095}
{"event":"breadth.progress","county":"48085","parcelsSeen":188000,"atomsWritten":188000,"zoningAbsenceRate":1,"wallMs":766461}
{"event":"breadth.progress","county":"48085","parcelsSeen":190000,"atomsWritten":190000,"zoningAbsenceRate":1,"wallMs":777489}
{"event":"breadth.progress","county":"48085","parcelsSeen":192000,"atomsWritten":192000,"zoningAbsenceRate":1,"wallMs":788265}
{"event":"breadth.progress","county":"48085","parcelsSeen":194000,"atomsWritten":194000,"zoningAbsenceRate":1,"wallMs":800315}
{"event":"breadth.progress","county":"48085","parcelsSeen":196000,"atomsWritten":196000,"zoningAbsenceRate":1,"wallMs":812226}
{"event":"breadth.progress","county":"48085","parcelsSeen":198000,"atomsWritten":198000,"zoningAbsenceRate":1,"wallMs":824228}
{"event":"breadth.progress","county":"48085","parcelsSeen":200000,"atomsWritten":200000,"zoningAbsenceRate":1,"wallMs":836659}
{"event":"breadth.progress","county":"48085","parcelsSeen":202000,"atomsWritten":202000,"zoningAbsenceRate":1,"wallMs":849303}
{"event":"breadth.progress","county":"48085","parcelsSeen":204000,"atomsWritten":204000,"zoningAbsenceRate":1,"wallMs":862390}
{"event":"breadth.progress","county":"48085","parcelsSeen":206000,"atomsWritten":206000,"zoningAbsenceRate":1,"wallMs":875504}
{"event":"breadth.progress","county":"48085","parcelsSeen":208000,"atomsWritten":208000,"zoningAbsenceRate":1,"wallMs":889941}
{"event":"breadth.progress","county":"48085","parcelsSeen":210000,"atomsWritten":210000,"zoningAbsenceRate":1,"wallMs":907478}
{"event":"breadth.progress","county":"48085","parcelsSeen":212000,"atomsWritten":212000,"zoningAbsenceRate":1,"wallMs":921188}
{"event":"breadth.progress","county":"48085","parcelsSeen":214000,"atomsWritten":214000,"zoningAbsenceRate":1,"wallMs":934296}
{"event":"breadth.progress","county":"48085","parcelsSeen":216000,"atomsWritten":216000,"zoningAbsenceRate":1,"wallMs":947669}
{"event":"breadth.progress","county":"48085","parcelsSeen":218000,"atomsWritten":218000,"zoningAbsenceRate":1,"wallMs":961471}
{"event":"breadth.progress","county":"48085","parcelsSeen":220000,"atomsWritten":220000,"zoningAbsenceRate":1,"wallMs":975241}
{"event":"breadth.progress","county":"48085","parcelsSeen":222000,"atomsWritten":222000,"zoningAbsenceRate":1,"wallMs":989755}
{"event":"breadth.progress","county":"48085","parcelsSeen":224000,"atomsWritten":224000,"zoningAbsenceRate":1,"wallMs":1004557}
{"event":"breadth.progress","county":"48085","parcelsSeen":226000,"atomsWritten":226000,"zoningAbsenceRate":1,"wallMs":1019501}
{"event":"breadth.progress","county":"48085","parcelsSeen":228000,"atomsWritten":228000,"zoningAbsenceRate":1,"wallMs":1034128}
{"event":"breadth.progress","county":"48085","parcelsSeen":230000,"atomsWritten":230000,"zoningAbsenceRate":1,"wallMs":1049620}
{"event":"breadth.progress","county":"48085","parcelsSeen":232000,"atomsWritten":232000,"zoningAbsenceRate":1,"wallMs":1064603}
{"event":"breadth.progress","county":"48085","parcelsSeen":234000,"atomsWritten":234000,"zoningAbsenceRate":1,"wallMs":1079566}
{"event":"breadth.progress","county":"48085","parcelsSeen":236000,"atomsWritten":236000,"zoningAbsenceRate":1,"wallMs":1094169}
{"event":"breadth.progress","county":"48085","parcelsSeen":238000,"atomsWritten":238000,"zoningAbsenceRate":1,"wallMs":1108967}
{"event":"breadth.progress","county":"48085","parcelsSeen":240000,"atomsWritten":240000,"zoningAbsenceRate":1,"wallMs":1123968}
{"event":"breadth.progress","county":"48085","parcelsSeen":242000,"atomsWritten":242000,"zoningAbsenceRate":1,"wallMs":1139284}
{"event":"breadth.progress","county":"48085","parcelsSeen":244000,"atomsWritten":244000,"zoningAbsenceRate":1,"wallMs":1154182}
{"event":"breadth.progress","county":"48085","parcelsSeen":246000,"atomsWritten":246000,"zoningAbsenceRate":1,"wallMs":1169184}
{"event":"breadth.progress","county":"48085","parcelsSeen":248000,"atomsWritten":248000,"zoningAbsenceRate":1,"wallMs":1184574}
{"event":"breadth.progress","county":"48085","parcelsSeen":250000,"atomsWritten":250000,"zoningAbsenceRate":1,"wallMs":1199909}
{"event":"breadth.progress","county":"48085","parcelsSeen":252000,"atomsWritten":252000,"zoningAbsenceRate":1,"wallMs":1215702}
{"event":"breadth.progress","county":"48085","parcelsSeen":254000,"atomsWritten":254000,"zoningAbsenceRate":1,"wallMs":1233244}
{"event":"breadth.progress","county":"48085","parcelsSeen":256000,"atomsWritten":256000,"zoningAbsenceRate":1,"wallMs":1250702}
{"event":"breadth.progress","county":"48085","parcelsSeen":258000,"atomsWritten":258000,"zoningAbsenceRate":1,"wallMs":1267423}
{"event":"breadth.progress","county":"48085","parcelsSeen":260000,"atomsWritten":260000,"zoningAbsenceRate":1,"wallMs":1284253}
{"event":"breadth.progress","county":"48085","parcelsSeen":262000,"atomsWritten":262000,"zoningAbsenceRate":1,"wallMs":1300993}
{"event":"breadth.progress","county":"48085","parcelsSeen":264000,"atomsWritten":264000,"zoningAbsenceRate":1,"wallMs":1318159}
{"event":"breadth.progress","county":"48085","parcelsSeen":266000,"atomsWritten":266000,"zoningAbsenceRate":1,"wallMs":1335106}
{"event":"breadth.progress","county":"48085","parcelsSeen":268000,"atomsWritten":268000,"zoningAbsenceRate":1,"wallMs":1352234}
{"event":"breadth.progress","county":"48085","parcelsSeen":270000,"atomsWritten":270000,"zoningAbsenceRate":1,"wallMs":1369582}
{"event":"breadth.progress","county":"48085","parcelsSeen":272000,"atomsWritten":272000,"zoningAbsenceRate":1,"wallMs":1387500}
{"event":"breadth.progress","county":"48085","parcelsSeen":274000,"atomsWritten":274000,"zoningAbsenceRate":1,"wallMs":1405216}
{"event":"breadth.progress","county":"48085","parcelsSeen":276000,"atomsWritten":276000,"zoningAbsenceRate":1,"wallMs":1423351}
{"event":"breadth.progress","county":"48085","parcelsSeen":278000,"atomsWritten":278000,"zoningAbsenceRate":1,"wallMs":1440849}
{"event":"breadth.progress","county":"48085","parcelsSeen":280000,"atomsWritten":280000,"zoningAbsenceRate":1,"wallMs":1458717}
{"event":"breadth.progress","county":"48085","parcelsSeen":282000,"atomsWritten":282000,"zoningAbsenceRate":1,"wallMs":1476003}
{"event":"breadth.progress","county":"48085","parcelsSeen":284000,"atomsWritten":284000,"zoningAbsenceRate":1,"wallMs":1493730}
{"event":"breadth.progress","county":"48085","parcelsSeen":286000,"atomsWritten":286000,"zoningAbsenceRate":1,"wallMs":1511598}
{"event":"breadth.progress","county":"48085","parcelsSeen":288000,"atomsWritten":288000,"zoningAbsenceRate":1,"wallMs":1530255}
{"event":"breadth.progress","county":"48085","parcelsSeen":290000,"atomsWritten":290000,"zoningAbsenceRate":1,"wallMs":1548433}
{"event":"breadth.progress","county":"48085","parcelsSeen":292000,"atomsWritten":292000,"zoningAbsenceRate":1,"wallMs":1567401}
{"event":"breadth.progress","county":"48085","parcelsSeen":294000,"atomsWritten":294000,"zoningAbsenceRate":1,"wallMs":1586047}
{"event":"breadth.progress","county":"48085","parcelsSeen":296000,"atomsWritten":296000,"zoningAbsenceRate":1,"wallMs":1603624}
{"event":"breadth.progress","county":"48085","parcelsSeen":298000,"atomsWritten":298000,"zoningAbsenceRate":1,"wallMs":1621788}
{"event":"breadth.progress","county":"48085","parcelsSeen":300000,"atomsWritten":300000,"zoningAbsenceRate":1,"wallMs":1639596}
{"event":"breadth.progress","county":"48085","parcelsSeen":302000,"atomsWritten":302000,"zoningAbsenceRate":1,"wallMs":1657581}
{"event":"breadth.progress","county":"48085","parcelsSeen":304000,"atomsWritten":304000,"zoningAbsenceRate":1,"wallMs":1675705}
{"event":"breadth.progress","county":"48085","parcelsSeen":306000,"atomsWritten":306000,"zoningAbsenceRate":1,"wallMs":1693964}
{"event":"breadth.progress","county":"48085","parcelsSeen":308000,"atomsWritten":308000,"zoningAbsenceRate":1,"wallMs":1712131}
{"event":"breadth.progress","county":"48085","parcelsSeen":310000,"atomsWritten":310000,"zoningAbsenceRate":1,"wallMs":1730434}
{"event":"breadth.progress","county":"48085","parcelsSeen":312000,"atomsWritten":312000,"zoningAbsenceRate":1,"wallMs":1749053}
{"event":"breadth.progress","county":"48085","parcelsSeen":314000,"atomsWritten":314000,"zoningAbsenceRate":1,"wallMs":1767699}
{"event":"breadth.progress","county":"48085","parcelsSeen":316000,"atomsWritten":316000,"zoningAbsenceRate":1,"wallMs":1786317}
{"event":"breadth.progress","county":"48085","parcelsSeen":318000,"atomsWritten":318000,"zoningAbsenceRate":1,"wallMs":1804946}
{"event":"breadth.progress","county":"48085","parcelsSeen":320000,"atomsWritten":320000,"zoningAbsenceRate":1,"wallMs":1823327}
{"event":"breadth.progress","county":"48085","parcelsSeen":322000,"atomsWritten":322000,"zoningAbsenceRate":1,"wallMs":1842211}
{"event":"breadth.progress","county":"48085","parcelsSeen":324000,"atomsWritten":324000,"zoningAbsenceRate":1,"wallMs":1860666}
{"event":"breadth.progress","county":"48085","parcelsSeen":326000,"atomsWritten":326000,"zoningAbsenceRate":1,"wallMs":1879871}
{"event":"breadth.progress","county":"48085","parcelsSeen":328000,"atomsWritten":328000,"zoningAbsenceRate":1,"wallMs":1898808}
{"event":"breadth.progress","county":"48085","parcelsSeen":330000,"atomsWritten":330000,"zoningAbsenceRate":1,"wallMs":1918328}
{"event":"breadth.progress","county":"48085","parcelsSeen":332000,"atomsWritten":332000,"zoningAbsenceRate":1,"wallMs":1937454}
{"event":"breadth.progress","county":"48085","parcelsSeen":334000,"atomsWritten":334000,"zoningAbsenceRate":1,"wallMs":1957074}
{"event":"breadth.progress","county":"48085","parcelsSeen":336000,"atomsWritten":336000,"zoningAbsenceRate":1,"wallMs":1978074}
{"event":"breadth.progress","county":"48085","parcelsSeen":338000,"atomsWritten":338000,"zoningAbsenceRate":1,"wallMs":1997849}
{"event":"breadth.progress","county":"48085","parcelsSeen":340000,"atomsWritten":340000,"zoningAbsenceRate":1,"wallMs":2017220}
{"event":"breadth.progress","county":"48085","parcelsSeen":342000,"atomsWritten":342000,"zoningAbsenceRate":1,"wallMs":2036864}
{"event":"breadth.progress","county":"48085","parcelsSeen":344000,"atomsWritten":344000,"zoningAbsenceRate":1,"wallMs":2056561}
{"event":"breadth.progress","county":"48085","parcelsSeen":346000,"atomsWritten":346000,"zoningAbsenceRate":1,"wallMs":2075948}
{"event":"breadth.progress","county":"48085","parcelsSeen":348000,"atomsWritten":348000,"zoningAbsenceRate":1,"wallMs":2097084}
{"event":"breadth.progress","county":"48085","parcelsSeen":350000,"atomsWritten":350000,"zoningAbsenceRate":1,"wallMs":2117145}
{"event":"breadth.progress","county":"48085","parcelsSeen":352000,"atomsWritten":352000,"zoningAbsenceRate":1,"wallMs":2137065}
{"event":"breadth.progress","county":"48085","parcelsSeen":354000,"atomsWritten":354000,"zoningAbsenceRate":1,"wallMs":2157139}
{"event":"breadth.progress","county":"48085","parcelsSeen":356000,"atomsWritten":356000,"zoningAbsenceRate":1,"wallMs":2179634}
{"event":"breadth.progress","county":"48085","parcelsSeen":358000,"atomsWritten":358000,"zoningAbsenceRate":1,"wallMs":2201026}
{"event":"breadth.progress","county":"48085","parcelsSeen":360000,"atomsWritten":360000,"zoningAbsenceRate":1,"wallMs":2220709}
{"event":"breadth.progress","county":"48085","parcelsSeen":362000,"atomsWritten":362000,"zoningAbsenceRate":1,"wallMs":2241042}
{"event":"breadth.progress","county":"48085","parcelsSeen":364000,"atomsWritten":364000,"zoningAbsenceRate":1,"wallMs":2261422}
{"event":"breadth.progress","county":"48085","parcelsSeen":366000,"atomsWritten":366000,"zoningAbsenceRate":1,"wallMs":2282191}
{"event":"breadth.progress","county":"48085","parcelsSeen":368000,"atomsWritten":368000,"zoningAbsenceRate":1,"wallMs":2302642}
{"event":"breadth.progress","county":"48085","parcelsSeen":370000,"atomsWritten":370000,"zoningAbsenceRate":1,"wallMs":2322915}
{"event":"breadth.progress","county":"48085","parcelsSeen":372000,"atomsWritten":372000,"zoningAbsenceRate":1,"wallMs":2343458}
{"event":"breadth.progress","county":"48085","parcelsSeen":374000,"atomsWritten":374000,"zoningAbsenceRate":1,"wallMs":2364574}
{"event":"breadth.progress","county":"48085","parcelsSeen":376000,"atomsWritten":376000,"zoningAbsenceRate":1,"wallMs":2385057}
{"event":"breadth.progress","county":"48085","parcelsSeen":378000,"atomsWritten":378000,"zoningAbsenceRate":1,"wallMs":2405974}
{"event":"breadth.progress","county":"48085","parcelsSeen":380000,"atomsWritten":380000,"zoningAbsenceRate":1,"wallMs":2427334}
{"event":"breadth.progress","county":"48085","parcelsSeen":382000,"atomsWritten":382000,"zoningAbsenceRate":1,"wallMs":2448335}
{"event":"breadth.progress","county":"48085","parcelsSeen":384000,"atomsWritten":384000,"zoningAbsenceRate":1,"wallMs":2470216}
{"event":"breadth.progress","county":"48085","parcelsSeen":386000,"atomsWritten":386000,"zoningAbsenceRate":1,"wallMs":2492028}
{"event":"breadth-county-bake.done","ledgerPath":"P:\\tmp\\engine-dfw-bake\\packages\\engine-core\\src\\property-reasoning\\fixtures\\breadth-ledgers\\48085.json","status":"completed","totals":{"parcelsSeen":387334,"parcelsEmitted":387334,"atomsWritten":387334,"zoningPresent":0,"zoningAbsence":387334,"setbackPresent":0,"envelopePresent":0,"emitErrors":0},"honestAbsenceRate":{"zoning":1,"note":"zoningAbsence / parcelsSeen — spike monitor vs baseline window"},"bakedPct":{"ofTier1Denominator":1,"zoningPresentOfSeen":0,"setbackOfSeen":0,"envelopeOfSeen":0},"compute":{"units":389271,"wallMs":2511744,"approxUsdNote":"wall=2511744ms units=389271; approx $0.8026 (0.25 CU × $0.16/hr + $0.000002/atom write heuristic)","costGateUsd":200,"flaggedOverCost":false,"approxUsd":0.8026},"spikeFlags":[]}

---
exit_code: 0
elapsed_ms: 2513788
ended_at: 2026-08-05T00:35:19.124Z
---
