==============================================================================
REMOVAL PROOF R1  mint-path adoption guard  (the historical-as-of seam)
==============================================================================
-- guard REMOVED   -> pytest exit 1
FAILED tests/test_tw36_venue_seam.py::test_adoption_holds_at_the_historical_asof_that_actually_minted_the_pairs
FAILED tests/test_tw36_venue_seam.py::test_the_eleven_production_pairs_do_not_reappear_in_either_order
FAILED tests/test_tw36_venue_seam.py::test_no_ordering_of_resolves_can_create_a_second_node
3 failed, 8 deselected in 3.65s
-- guard RESTORED  -> pytest exit 0
3 passed, 8 deselected in 33.71s

==============================================================================
REMOVAL PROOF R2  read-path venue ATTACHMENT  (the venue never gets recorded)
==============================================================================
-- guard REMOVED   -> pytest exit 1
FAILED tests/test_tw36_venue_seam.py::test_venue_qualified_resolve_adopts_the_venueless_node
1 failed, 10 deselected in 0.50s
-- guard RESTORED  -> pytest exit 0
1 passed, 10 deselected in 1.36s

==============================================================================
REMOVAL PROOF R3  post-mint reconciliation  (the concurrent race)
==============================================================================
-- guard REMOVED   -> pytest exit 1
FAILED tests/test_tw36_venue_seam.py::test_a_venue_less_and_a_venue_qualified_caller_racing_converge
1 failed, 10 deselected in 0.40s
-- guard RESTORED  -> pytest exit 0
1 passed, 10 deselected in 1.12s

==============================================================================
REMOVAL PROOF R4  ACTIVE-only bound  (delisted symbol reuse)
==============================================================================
-- guard REMOVED   -> pytest exit 1
FAILED tests/test_tw36_venue_seam.py::test_adoption_never_reaches_a_delisted_node
1 failed, 10 deselected in 0.89s
-- guard RESTORED  -> pytest exit 0
1 passed, 10 deselected in 1.39s

==============================================================================
REMOVAL PROOF R5  PROVISIONAL-only bound  (the no-lookahead contract)
==============================================================================
-- guard REMOVED   -> pytest exit 1
FAILED tests/test_tw36_venue_seam.py::test_adoption_never_reaches_a_resolved_node
1 failed, 10 deselected in 1.75s
-- guard RESTORED  -> pytest exit 0
1 passed, 10 deselected in 3.38s

==============================================================================
REMOVAL PROOF R6  different-venue exclusion  (a dual listing must not collapse)
==============================================================================
-- guard REMOVED   -> pytest exit 1
FAILED tests/test_tw36_venue_seam.py::test_adoption_never_crosses_two_different_venues
1 failed, 10 deselected in 1.02s
-- guard RESTORED  -> pytest exit 0
1 passed, 10 deselected in 0.45s

==============================================================================
REMOVAL PROOF R7  taken-index-slot guard  (a retired loser still holds the slot)
==============================================================================
-- guard REMOVED   -> pytest exit 1
FAILED tests/test_tw36_venue_seam.py::test_convergence_does_not_depend_on_winning_the_index_write
1 failed, 10 deselected in 0.87s
-- guard RESTORED  -> pytest exit 0
1 passed, 10 deselected in 0.40s

==============================================================================
REMOVAL PROOF R8  the mint=False gate  (a served read must never write)
==============================================================================
-- guard REMOVED   -> pytest exit 1
FAILED tests/test_tw36_venue_seam.py::test_the_served_read_never_adopts - Ass...
1 failed, 10 deselected in 2.00s
-- guard RESTORED  -> pytest exit 0
1 passed, 10 deselected in 1.07s

file restored byte-for-byte: 86485 chars
VACUOUS OR BROKEN PROOFS: 0
