[warden-sweep] sweepId=warden-48257-Kaufman_County_(unincorporated)-1785950237656 rowId=Kaufman County (unincorporated) fips=48257 checks=neighborConsistency,servePathTruth,crossStoreConsistency,certFreshness sample=10
[warden-sweep] cohort size=97491 sample size=10
[warden-sweep] neighborConsistency: 0 finding(s)
[warden-sweep] servePathTruth: 10 finding(s)
[warden-sweep] crossStoreConsistency: 9 finding(s)
[warden-sweep] certFreshness: 1 finding(s)
[warden-sweep] artifact written: P:\doc_repo\_inbox\2026-08-05_kaufman_warden_sweep.json
[warden-sweep] ledger post: {"posted":true,"httpStatus":200}
{
  "sweepId": "warden-48257-Kaufman_County_(unincorporated)-1785950237656",
  "rowId": "Kaufman County (unincorporated)",
  "fips": "48257",
  "clean": false,
  "findingCount": 20,
  "checksRun": [
    "neighborConsistency",
    "servePathTruth",
    "crossStoreConsistency",
    "certFreshness"
  ]
}
