{
  "when": "2026-08-04T04:02:50.260Z",
  "cert": "BLOCK-13 CERT-RESTORE mechanical grade",
  "rosterFrom": "block13",
  "rosterSource": "BLOCK13 constant",
  "measurer": "R32 index-matched inward-normal (measurePerEdgeInsetForRings)",
  "orientationGate": "fresh labelEdgesFromRoads front-edge road-name token-match (R33 normalization)",
  "roadNodesLoaded": 11631,
  "rosterSize": 7,
  "parcels": {
    "48021:34145": {
      "pass": true,
      "gates": {
        "district": {
          "pass": true,
          "served": "GC",
          "servedSetbackRuleDistrict": "GC",
          "expected": "GC"
        },
        "setbacks": {
          "pass": true,
          "served": {
            "front": 20,
            "rear": 20,
            "side": 5,
            "sideCorner": 5
          },
          "expected": {
            "front": 20,
            "rear": 20,
            "side": 5,
            "sideCorner": null
          },
          "engineVerifyPass": true
        },
        "perEdgeInset": {
          "pass": true
        },
        "frontOrientation": {
          "pass": true,
          "frontStreetResolved": "Pecan Street",
          "answerFrontStreet": "Pecan",
          "facesAnswer": true,
          "engineOrientPass": true,
          "orientationHonestDecline": null
        }
      },
      "edges": [
        {
          "edgeIndex": 0,
          "role": "rear",
          "expectedFt": 20,
          "r32IndexMatched_ft": 20,
          "insetPass": true
        },
        {
          "edgeIndex": 1,
          "role": "side_corner",
          "expectedFt": 5,
          "r32IndexMatched_ft": 5,
          "insetPass": true
        },
        {
          "edgeIndex": 2,
          "role": "front",
          "expectedFt": 20,
          "r32IndexMatched_ft": 20,
          "insetPass": true
        },
        {
          "edgeIndex": 3,
          "role": "side",
          "expectedFt": 5,
          "r32IndexMatched_ft": 5,
          "insetPass": true
        }
      ]
    },
    "48021:34121": {
      "pass": true,
      "gates": {
        "district": {
          "pass": true,
          "served": "GC",
          "servedSetbackRuleDistrict": "GC",
          "expected": "GC"
        },
        "setbacks": {
          "pass": true,
          "served": {
            "front": 20,
            "rear": 20,
            "side": 5,
            "sideCorner": 5
          },
          "expected": {
            "front": 20,
            "rear": 20,
            "side": 5,
            "sideCorner": null
          },
          "engineVerifyPass": true
        },
        "perEdgeInset": {
          "pass": true
        },
        "frontOrientation": {
          "pass": true,
          "frontStreetResolved": "Chestnut Street",
          "answerFrontStreet": "Chestnut",
          "facesAnswer": true,
          "engineOrientPass": true,
          "orientationHonestDecline": null
        }
      },
      "edges": [
        {
          "edgeIndex": 0,
          "role": "front",
          "expectedFt": 20,
          "r32IndexMatched_ft": 20,
          "insetPass": true
        },
        {
          "edgeIndex": 1,
          "role": "side",
          "expectedFt": 5,
          "r32IndexMatched_ft": 5,
          "insetPass": true
        },
        {
          "edgeIndex": 2,
          "role": "side",
          "expectedFt": 5,
          "r32IndexMatched_ft": 5,
          "insetPass": true
        },
        {
          "edgeIndex": 3,
          "role": "side",
          "expectedFt": 5,
          "r32IndexMatched_ft": 5,
          "insetPass": true
        },
        {
          "edgeIndex": 4,
          "role": "rear",
          "expectedFt": 20,
          "r32IndexMatched_ft": 20,
          "insetPass": true
        },
        {
          "edgeIndex": 5,
          "role": "side_corner",
          "expectedFt": 5,
          "r32IndexMatched_ft": 5,
          "insetPass": true
        }
      ]
    },
    "48021:34153": {
      "pass": true,
      "gates": {
        "district": {
          "pass": true,
          "served": "GC",
          "servedSetbackRuleDistrict": "GC",
          "expected": "GC"
        },
        "setbacks": {
          "pass": true,
          "served": {
            "front": 20,
            "rear": 20,
            "side": 5,
            "sideCorner": 5
          },
          "expected": {
            "front": 20,
            "rear": 20,
            "side": 5,
            "sideCorner": null
          },
          "engineVerifyPass": true
        },
        "perEdgeInset": {
          "pass": true
        },
        "frontOrientation": {
          "pass": true,
          "frontStreetResolved": "Chestnut Street",
          "answerFrontStreet": "Chestnut",
          "facesAnswer": true,
          "engineOrientPass": true,
          "orientationHonestDecline": null
        }
      },
      "edges": [
        {
          "edgeIndex": 0,
          "role": "side_corner",
          "expectedFt": 5,
          "r32IndexMatched_ft": 5,
          "insetPass": true
        },
        {
          "edgeIndex": 1,
          "role": "front",
          "expectedFt": 20,
          "r32IndexMatched_ft": 20,
          "insetPass": true
        },
        {
          "edgeIndex": 2,
          "role": "side_corner",
          "expectedFt": 5,
          "r32IndexMatched_ft": 5,
          "insetPass": true
        },
        {
          "edgeIndex": 3,
          "role": "rear",
          "expectedFt": 20,
          "r32IndexMatched_ft": 20,
          "insetPass": true
        }
      ]
    },
    "48021:34137": {
      "pass": true,
      "gates": {
        "district": {
          "pass": true,
          "served": "SF-1",
          "servedSetbackRuleDistrict": "SF-1",
          "expected": "SF-1"
        },
        "setbacks": {
          "pass": true,
          "served": {
            "front": 25,
            "rear": 25,
            "side": 5,
            "sideCorner": 15
          },
          "expected": {
            "front": 25,
            "rear": 25,
            "side": 5,
            "sideCorner": 15
          },
          "engineVerifyPass": true
        },
        "perEdgeInset": {
          "pass": true
        },
        "frontOrientation": {
          "pass": true,
          "frontStreetResolved": "Pine Street",
          "answerFrontStreet": "Pine",
          "facesAnswer": true,
          "engineOrientPass": true,
          "orientationHonestDecline": null
        }
      },
      "edges": [
        {
          "edgeIndex": 0,
          "role": "side_corner",
          "expectedFt": 15,
          "r32IndexMatched_ft": 15,
          "insetPass": true
        },
        {
          "edgeIndex": 1,
          "role": "rear",
          "expectedFt": 25,
          "r32IndexMatched_ft": 25,
          "insetPass": true
        },
        {
          "edgeIndex": 2,
          "role": "side",
          "expectedFt": 5,
          "r32IndexMatched_ft": 5,
          "insetPass": true
        },
        {
          "edgeIndex": 3,
          "role": "front",
          "expectedFt": 25,
          "r32IndexMatched_ft": 25,
          "insetPass": true
        }
      ]
    },
    "48021:34169": {
      "pass": true,
      "gates": {
        "district": {
          "pass": true,
          "served": "SF-1",
          "servedSetbackRuleDistrict": "SF-1",
          "expected": "SF-1"
        },
        "setbacks": {
          "pass": true,
          "served": {
            "front": 25,
            "rear": 25,
            "side": 5,
            "sideCorner": 15
          },
          "expected": {
            "front": 25,
            "rear": 25,
            "side": 5,
            "sideCorner": 15
          },
          "engineVerifyPass": true
        },
        "perEdgeInset": {
          "pass": true
        },
        "frontOrientation": {
          "pass": true,
          "frontStreetResolved": "Pine Street",
          "answerFrontStreet": "Pine",
          "facesAnswer": true,
          "engineOrientPass": true,
          "orientationHonestDecline": null
        }
      },
      "edges": [
        {
          "edgeIndex": 0,
          "role": "side",
          "expectedFt": 5,
          "r32IndexMatched_ft": 5,
          "insetPass": true
        },
        {
          "edgeIndex": 1,
          "role": "rear",
          "expectedFt": 25,
          "r32IndexMatched_ft": 25,
          "insetPass": true
        },
        {
          "edgeIndex": 2,
          "role": "side",
          "expectedFt": 5,
          "r32IndexMatched_ft": 5,
          "insetPass": true
        },
        {
          "edgeIndex": 3,
          "role": "front",
          "expectedFt": 25,
          "r32IndexMatched_ft": 25,
          "insetPass": true
        }
      ]
    },
    "48021:34177": {
      "pass": true,
      "gates": {
        "district": {
          "pass": true,
          "served": "MU",
          "servedSetbackRuleDistrict": "MU",
          "expected": "MU"
        },
        "setbacks": {
          "pass": true,
          "served": {
            "front": 15,
            "rear": 15,
            "side": 5,
            "sideCorner": 5
          },
          "expected": {
            "front": 15,
            "rear": 15,
            "side": 5,
            "sideCorner": null
          },
          "engineVerifyPass": true
        },
        "perEdgeInset": {
          "pass": true
        },
        "frontOrientation": {
          "pass": true,
          "frontStreetResolved": "Pecan Street",
          "answerFrontStreet": "Pecan",
          "facesAnswer": true,
          "engineOrientPass": true,
          "orientationHonestDecline": null
        }
      },
      "edges": [
        {
          "edgeIndex": 0,
          "role": "side",
          "expectedFt": 5,
          "r32IndexMatched_ft": 5,
          "insetPass": true
        },
        {
          "edgeIndex": 1,
          "role": "side",
          "expectedFt": 5,
          "r32IndexMatched_ft": 5,
          "insetPass": true
        },
        {
          "edgeIndex": 2,
          "role": "front",
          "expectedFt": 15,
          "r32IndexMatched_ft": 15,
          "insetPass": true
        },
        {
          "edgeIndex": 3,
          "role": "rear",
          "expectedFt": 15,
          "r32IndexMatched_ft": 15,
          "insetPass": true
        }
      ]
    },
    "48021:34161": {
      "pass": true,
      "gates": {
        "district": {
          "pass": true,
          "served": "MU",
          "servedSetbackRuleDistrict": "MU",
          "expected": "MU"
        },
        "setbacks": {
          "pass": true,
          "served": {
            "front": 15,
            "rear": 15,
            "side": 5,
            "sideCorner": 5
          },
          "expected": {
            "front": 15,
            "rear": 15,
            "side": 5,
            "sideCorner": null
          },
          "engineVerifyPass": true
        },
        "perEdgeInset": {
          "pass": true
        },
        "frontOrientation": {
          "pass": true,
          "frontStreetResolved": "Pecan Street",
          "answerFrontStreet": "Pecan",
          "facesAnswer": true,
          "engineOrientPass": true,
          "orientationHonestDecline": null
        }
      },
      "edges": [
        {
          "edgeIndex": 0,
          "role": "rear",
          "expectedFt": 15,
          "r32IndexMatched_ft": 15,
          "insetPass": true
        },
        {
          "edgeIndex": 1,
          "role": "side",
          "expectedFt": 5,
          "r32IndexMatched_ft": 5,
          "insetPass": true
        },
        {
          "edgeIndex": 2,
          "role": "front",
          "expectedFt": 15,
          "r32IndexMatched_ft": 15,
          "insetPass": true
        },
        {
          "edgeIndex": 3,
          "role": "side",
          "expectedFt": 5,
          "r32IndexMatched_ft": 5,
          "insetPass": true
        }
      ]
    }
  },
  "score": {
    "pass": 7,
    "fail": 0,
    "honestDecline": 0,
    "staleResidue": 0,
    "total": 7,
    "label": "7/7"
  },
  "blockPass": true,
  "certRestore": "7/7 — CERT-RESTORE ELIGIBLE"
}
EXIT:0
