
=== LEG 1 (D-14): v1 platform route existence on walrus-app and the apex ===
 walrus-app
  opengov/budgets (G-159 new route)                    ERR TypeError: fetch failed
  opengov/chart-of-accounts (new)                      ERR TypeError: fetch failed
  finance/permit-revenue/summary (new)                 ERR TypeError: fetch failed
  mygov/permits (EXISTING control)                     ERR TypeError: fetch failed
  xyz-nonexistent (FAKE control)                       ERR TypeError: fetch failed
 smartcityos.io
  opengov/budgets (G-159 new route)                    200 SPA_SHELL_html 3562B
  opengov/chart-of-accounts (new)                      200 SPA_SHELL_html 3562B
  finance/permit-revenue/summary (new)                 200 SPA_SHELL_html 3562B
  mygov/permits (EXISTING control)                     401 JSON_error:platform_internal_required 38B
  xyz-nonexistent (FAKE control)                       200 SPA_SHELL_html 3562B

=== LEG 2 (G-161): dashboards route cells on d12-main-uat ===
 /api/city-domains
  keyless                                              200 JSON 4450B
  bastrop_tx                                           401 JSON_error:unauthorized 24B
  no-such-city                                         404 JSON_error:unknown city pack 29B
  template-city                                        200 JSON 4450B
  whitespace                                           404 JSON_error:unknown city pack 29B
 /api/city-identity
  keyless                                              200 JSON 816B
  bastrop_tx                                           401 JSON_error:unauthorized 24B
  no-such-city                                         404 JSON_error:unknown city pack 29B
  template-city                                        200 JSON 816B
  whitespace                                           404 JSON_error:unknown city pack 29B
 /api/shell
  keyless                                              200 JSON 1465B
  bastrop_tx                                           401 JSON_error:unauthorized 24B
  no-such-city                                         404 JSON_error:unknown city pack 29B
  template-city                                        200 JSON 1465B
  whitespace                                           404 JSON_error:unknown city pack 29B
 /api/lenses/finance/sources
  keyless                                              400 JSON_error:city_key_required 201B
  bastrop_tx                                           401 JSON_error:unauthorized 24B
  no-such-city                                         404 JSON_error:unknown city pack 29B
  template-city                                        200 JSON 5616B
  whitespace                                           400 JSON_error:city_key_required 201B

=== LEG 3 (D-13): dashboards origin tells ===
  app.smartcityos.io /auth/sign-in (GATE B marker)     500 JSON_error:signin_not_configured 103B
  app.smartcityos.io /health                           200 JSON 134B
  app.smartcityos.io finance sources keyless           404 JSON_error:unknown lens 24B
  dolphin-app /health                                  ERR TypeError: fetch failed
  dolphin-app finance sources keyless                  ERR TypeError: terminated
  GCP dashboards /auth/sign-in (control)               404 JSON_error:not found 21B
  GCP dashboards finance sources keyless               404 JSON_error:unknown lens 24B

wrote _inbox/2026-09-18_planner_three_lane_verify.json
