
 RUN  v3.2.4 P:/tmp/p304-legacy-design-tools/artifacts/api-server

node.exe : Sourcemap for "P:/tmp/p304-legacy-design-tools/node_modules/.pnpm/@empressaio+atom-contract@1.36.0_@types+pg
@8.18.0_pg@8.20.0/node_modules/@empressaio/atom-contract/dist/read-contract/index.js" points to missing source files
At line:1 char:1
+ & "C:\Program Files\nodejs/node.exe" "C:\Users\cente\AppData\Roaming\ ...
+ ~~~~~~~~~~~~~~~~~~~~~~~~~~~~~~~~~~~~~~~~~~~~~~~~~~~~~~~~~~~~~~~~~~~~~
    + CategoryInfo          : NotSpecified: (Sourcemap for "...ng source files:String) [], RemoteException
    + FullyQualifiedErrorId : NativeCommandError
 
Sourcemap for "P:/tmp/p304-legacy-design-tools/node_modules/.pnpm/@empressaio+atom-contract@1.36.0_@types+pg@8.18.0_pg@
8.20.0/node_modules/@empressaio/atom-contract/dist/read-contract/common.js" points to missing source files
Sourcemap for "P:/tmp/p304-legacy-design-tools/node_modules/.pnpm/@empressaio+atom-contract@1.36.0_@types+pg@8.18.0_pg@
8.20.0/node_modules/@empressaio/atom-contract/dist/read-contract/consequence.js" points to missing source files
Sourcemap for "P:/tmp/p304-legacy-design-tools/node_modules/.pnpm/@empressaio+atom-contract@1.36.0_@types+pg@8.18.0_pg@
8.20.0/node_modules/@empressaio/atom-contract/dist/read-contract/model-attribution.js" points to missing source files
Sourcemap for "P:/tmp/p304-legacy-design-tools/node_modules/.pnpm/@empressaio+atom-contract@1.36.0_@types+pg@8.18.0_pg@
8.20.0/node_modules/@empressaio/atom-contract/dist/read-contract/read-contract.js" points to missing source files
Sourcemap for "P:/tmp/p304-legacy-design-tools/node_modules/.pnpm/@empressaio+atom-contract@1.36.0_@types+pg@8.18.0_pg@
8.20.0/node_modules/@empressaio/atom-contract/dist/read-contract/reasoning-axes.js" points to missing source files
Sourcemap for "P:/tmp/p304-legacy-design-tools/node_modules/.pnpm/@empressaio+atom-contract@1.36.0_@types+pg@8.18.0_pg@
8.20.0/node_modules/@empressaio/atom-contract/dist/read-contract/fixtures.js" points to missing source files
Sourcemap for "P:/tmp/p304-legacy-design-tools/node_modules/.pnpm/@empressaio+atom-contract@1.36.0_@types+pg@8.18.0_pg@
8.20.0/node_modules/@empressaio/atom-contract/dist/conformance/index.js" points to missing source files
Sourcemap for "P:/tmp/p304-legacy-design-tools/node_modules/.pnpm/@empressaio+atom-contract@1.36.0_@types+pg@8.18.0_pg@
8.20.0/node_modules/@empressaio/atom-contract/dist/conformance/common.js" points to missing source files
Sourcemap for "P:/tmp/p304-legacy-design-tools/node_modules/.pnpm/@empressaio+atom-contract@1.36.0_@types+pg@8.18.0_pg@
8.20.0/node_modules/@empressaio/atom-contract/dist/conformance/verify-chain.js" points to missing source files
Sourcemap for "P:/tmp/p304-legacy-design-tools/node_modules/.pnpm/@empressaio+atom-contract@1.36.0_@types+pg@8.18.0_pg@
8.20.0/node_modules/@empressaio/atom-contract/dist/history.js" points to missing source files
Sourcemap for "P:/tmp/p304-legacy-design-tools/node_modules/.pnpm/@empressaio+atom-contract@1.36.0_@types+pg@8.18.0_pg@
8.20.0/node_modules/@empressaio/atom-contract/dist/conformance/validate.js" points to missing source files
Sourcemap for "P:/tmp/p304-legacy-design-tools/node_modules/.pnpm/@empressaio+atom-contract@1.36.0_@types+pg@8.18.0_pg@
8.20.0/node_modules/@empressaio/atom-contract/dist/conformance/fixtures.js" points to missing source files
Sourcemap for "P:/tmp/p304-legacy-design-tools/node_modules/.pnpm/@empressaio+atom-contract@1.36.0_@types+pg@8.18.0_pg@
8.20.0/node_modules/@empressaio/atom-contract/dist/conformance/track2-node-id.js" points to missing source files
Sourcemap for "P:/tmp/p304-legacy-design-tools/node_modules/.pnpm/@empressaio+atom-contract@1.36.0_@types+pg@8.18.0_pg@
8.20.0/node_modules/@empressaio/atom-contract/dist/identity/node-id.js" points to missing source files
Sourcemap for "P:/tmp/p304-legacy-design-tools/node_modules/.pnpm/@empressaio+atom-contract@1.36.0_@types+pg@8.18.0_pg@
8.20.0/node_modules/@empressaio/atom-contract/dist/conformance/track2-alias.js" points to missing source files
Sourcemap for "P:/tmp/p304-legacy-design-tools/node_modules/.pnpm/@empressaio+atom-contract@1.36.0_@types+pg@8.18.0_pg@
8.20.0/node_modules/@empressaio/atom-contract/dist/identity/alias.js" points to missing source files
Sourcemap for "P:/tmp/p304-legacy-design-tools/node_modules/.pnpm/@empressaio+atom-contract@1.36.0_@types+pg@8.18.0_pg@
8.20.0/node_modules/@empressaio/atom-contract/dist/conformance/track2-provenance.js" points to missing source files
Sourcemap for "P:/tmp/p304-legacy-design-tools/node_modules/.pnpm/@empressaio+atom-contract@1.36.0_@types+pg@8.18.0_pg@
8.20.0/node_modules/@empressaio/atom-contract/dist/provenance/provenance-class.js" points to missing source files
Sourcemap for "P:/tmp/p304-legacy-design-tools/node_modules/.pnpm/@empressaio+atom-contract@1.36.0_@types+pg@8.18.0_pg@
8.20.0/node_modules/@empressaio/atom-contract/dist/absence/absence-verdict.js" points to missing source files
Sourcemap for "P:/tmp/p304-legacy-design-tools/node_modules/.pnpm/@empressaio+atom-contract@1.36.0_@types+pg@8.18.0_pg@
8.20.0/node_modules/@empressaio/atom-contract/dist/derivation/derivation.js" points to missing source files
Sourcemap for "P:/tmp/p304-legacy-design-tools/node_modules/.pnpm/@empressaio+atom-contract@1.36.0_@types+pg@8.18.0_pg@
8.20.0/node_modules/@empressaio/atom-contract/dist/conformance/track2-derivation.js" points to missing source files
Sourcemap for "P:/tmp/p304-legacy-design-tools/node_modules/.pnpm/@empressaio+atom-contract@1.36.0_@types+pg@8.18.0_pg@
8.20.0/node_modules/@empressaio/atom-contract/dist/conformance/track2-absence.js" points to missing source files
Sourcemap for "P:/tmp/p304-legacy-design-tools/node_modules/.pnpm/@empressaio+atom-contract@1.36.0_@types+pg@8.18.0_pg@
8.20.0/node_modules/@empressaio/atom-contract/dist/conformance/track2-supersession.js" points to missing source files
Sourcemap for "P:/tmp/p304-legacy-design-tools/node_modules/.pnpm/@empressaio+atom-contract@1.36.0_@types+pg@8.18.0_pg@
8.20.0/node_modules/@empressaio/atom-contract/dist/lineage/supersession.js" points to missing source files
Sourcemap for "P:/tmp/p304-legacy-design-tools/node_modules/.pnpm/@empressaio+atom-contract@1.36.0_@types+pg@8.18.0_pg@
8.20.0/node_modules/@empressaio/atom-contract/dist/conformance/track2-selector.js" points to missing source files
Sourcemap for "P:/tmp/p304-legacy-design-tools/node_modules/.pnpm/@empressaio+atom-contract@1.36.0_@types+pg@8.18.0_pg@
8.20.0/node_modules/@empressaio/atom-contract/dist/selector/selector-predicate.js" points to missing source files
Sourcemap for "P:/tmp/p304-legacy-design-tools/node_modules/.pnpm/@empressaio+atom-contract@1.36.0_@types+pg@8.18.0_pg@
8.20.0/node_modules/@empressaio/atom-contract/dist/conformance/track2-access.js" points to missing source files
Sourcemap for "P:/tmp/p304-legacy-design-tools/node_modules/.pnpm/@empressaio+atom-contract@1.36.0_@types+pg@8.18.0_pg@
8.20.0/node_modules/@empressaio/atom-contract/dist/access/access-pair.js" points to missing source files
Sourcemap for "P:/tmp/p304-legacy-design-tools/node_modules/.pnpm/@empressaio+atom-contract@1.36.0_@types+pg@8.18.0_pg@
8.20.0/node_modules/@empressaio/atom-contract/dist/index.js" points to missing source files
Sourcemap for "P:/tmp/p304-legacy-design-tools/node_modules/.pnpm/@empressaio+atom-contract@1.36.0_@types+pg@8.18.0_pg@
8.20.0/node_modules/@empressaio/atom-contract/dist/scope.js" points to missing source files
Sourcemap for "P:/tmp/p304-legacy-design-tools/node_modules/.pnpm/@empressaio+atom-contract@1.36.0_@types+pg@8.18.0_pg@
8.20.0/node_modules/@empressaio/atom-contract/dist/context.js" points to missing source files
Sourcemap for "P:/tmp/p304-legacy-design-tools/node_modules/.pnpm/@empressaio+atom-contract@1.36.0_@types+pg@8.18.0_pg@
8.20.0/node_modules/@empressaio/atom-contract/dist/composition.js" points to missing source files
Sourcemap for "P:/tmp/p304-legacy-design-tools/node_modules/.pnpm/@empressaio+atom-contract@1.36.0_@types+pg@8.18.0_pg@
8.20.0/node_modules/@empressaio/atom-contract/dist/render.js" points to missing source files
Sourcemap for "P:/tmp/p304-legacy-design-tools/node_modules/.pnpm/@empressaio+atom-contract@1.36.0_@types+pg@8.18.0_pg@
8.20.0/node_modules/@empressaio/atom-contract/dist/inline-reference.js" points to missing source files
Sourcemap for "P:/tmp/p304-legacy-design-tools/node_modules/.pnpm/@empressaio+atom-contract@1.36.0_@types+pg@8.18.0_pg@
8.20.0/node_modules/@empressaio/atom-contract/dist/vda.js" points to missing source files
Sourcemap for "P:/tmp/p304-legacy-design-tools/node_modules/.pnpm/@empressaio+atom-contract@1.36.0_@types+pg@8.18.0_pg@
8.20.0/node_modules/@empressaio/atom-contract/dist/registry.js" points to missing source files
Sourcemap for "P:/tmp/p304-legacy-design-tools/node_modules/.pnpm/@empressaio+atom-contract@1.36.0_@types+pg@8.18.0_pg@
8.20.0/node_modules/@empressaio/atom-contract/dist/obligation.js" points to missing source files
Sourcemap for "P:/tmp/p304-legacy-design-tools/node_modules/.pnpm/@empressaio+atom-contract@1.36.0_@types+pg@8.18.0_pg@
8.20.0/node_modules/@empressaio/atom-contract/dist/og/common.js" points to missing source files
Sourcemap for "P:/tmp/p304-legacy-design-tools/node_modules/.pnpm/@empressaio+atom-contract@1.36.0_@types+pg@8.18.0_pg@
8.20.0/node_modules/@empressaio/atom-contract/dist/reasoning-chain.js" points to missing source files
Sourcemap for "P:/tmp/p304-legacy-design-tools/node_modules/.pnpm/@empressaio+atom-contract@1.36.0_@types+pg@8.18.0_pg@
8.20.0/node_modules/@empressaio/atom-contract/dist/actor-record.js" points to missing source files
Sourcemap for "P:/tmp/p304-legacy-design-tools/node_modules/.pnpm/@empressaio+atom-contract@1.36.0_@types+pg@8.18.0_pg@
8.20.0/node_modules/@empressaio/atom-contract/dist/encumbrances/index.js" points to missing source files
Sourcemap for "P:/tmp/p304-legacy-design-tools/node_modules/.pnpm/@empressaio+atom-contract@1.36.0_@types+pg@8.18.0_pg@
8.20.0/node_modules/@empressaio/atom-contract/dist/encumbrances/common.js" points to missing source files
Sourcemap for "P:/tmp/p304-legacy-design-tools/node_modules/.pnpm/@empressaio+atom-contract@1.36.0_@types+pg@8.18.0_pg@
8.20.0/node_modules/@empressaio/atom-contract/dist/encumbrances/recorded-instrument.js" points to missing source files
Sourcemap for "P:/tmp/p304-legacy-design-tools/node_modules/.pnpm/@empressaio+atom-contract@1.36.0_@types+pg@8.18.0_pg@
8.20.0/node_modules/@empressaio/atom-contract/dist/encumbrances/restriction-clause.js" points to missing source files
Sourcemap for "P:/tmp/p304-legacy-design-tools/node_modules/.pnpm/@empressaio+atom-contract@1.36.0_@types+pg@8.18.0_pg@
8.20.0/node_modules/@empressaio/atom-contract/dist/encumbrances/restriction-corpus.js" points to missing source files
Sourcemap for "P:/tmp/p304-legacy-design-tools/node_modules/.pnpm/@empressaio+atom-contract@1.36.0_@types+pg@8.18.0_pg@
8.20.0/node_modules/@empressaio/atom-contract/dist/encumbrances/administrative-rule.js" points to missing source files
Sourcemap for "P:/tmp/p304-legacy-design-tools/node_modules/.pnpm/@empressaio+atom-contract@1.36.0_@types+pg@8.18.0_pg@
8.20.0/node_modules/@empressaio/atom-contract/dist/encumbrances/constraint-resolution.js" points to missing source 
files
Sourcemap for "P:/tmp/p304-legacy-design-tools/node_modules/.pnpm/@empressaio+atom-contract@1.36.0_@types+pg@8.18.0_pg@
8.20.0/node_modules/@empressaio/atom-contract/dist/encumbrances/fixtures.js" points to missing source files
Sourcemap for "P:/tmp/p304-legacy-design-tools/node_modules/.pnpm/@empressaio+atom-contract@1.36.0_@types+pg@8.18.0_pg@
8.20.0/node_modules/@empressaio/atom-contract/dist/display/index.js" points to missing source files
Sourcemap for "P:/tmp/p304-legacy-design-tools/node_modules/.pnpm/@empressaio+atom-contract@1.36.0_@types+pg@8.18.0_pg@
8.20.0/node_modules/@empressaio/atom-contract/dist/display/buildable.js" points to missing source files
Sourcemap for "P:/tmp/p304-legacy-design-tools/node_modules/.pnpm/@empressaio+atom-contract@1.36.0_@types+pg@8.18.0_pg@
8.20.0/node_modules/@empressaio/atom-contract/dist/display/wire.js" points to missing source files
Sourcemap for "P:/tmp/p304-legacy-design-tools/node_modules/.pnpm/@empressaio+atom-contract@1.36.0_@types+pg@8.18.0_pg@
8.20.0/node_modules/@empressaio/atom-contract/dist/access/index.js" points to missing source files
 Γ¥» src/__tests__/brokeragePlaceBuildableEnvelope.test.ts (24 tests | 1 failed | 22 skipped) 205038ms
   Γåô POST /place/buildable-envelope > derives geometry for GIS-stamped parcels (unified labelEdges+derive)
   Γåô POST /place/buildable-envelope > honest-declines no-zoning-stamp when zoning is absent
   Γåô POST /place/buildable-envelope > derives from baked SF-1 when GIS zoningCode is null (R0.2)
   Γåô POST /place/buildable-envelope > still resolves a parcel for an unknown jurisdiction (decline, not invent)
   Γåô POST /place/buildable-envelope ΓÇö parcel_node_id schema + city-less situs (WDLL 1-3) > 400 unrecognized_keys when an extra field is present
   Γåô POST /place/buildable-envelope ΓÇö parcel_node_id schema + city-less situs (WDLL 1-3) > accepts parcel_node_id (no longer unrecognized_keys)
   Γåô POST /place/buildable-envelope ΓÇö parcel_node_id schema + city-less situs (WDLL 1-3) > Dashwood city-less situs + node 48453:280210 yields Pflugerville setbacks
   Γåô POST /place/buildable-envelope ΓÇö parcel_node_id schema + city-less situs (WDLL 1-3) > Wainee-class no stamp still honest-declines (node does not invent a district)
   Γåô POST /place/buildable-envelope ΓÇö parcel_node_id (canvas-free map snap) > emits the tile-matching parcel_node_id on the decline path (top-level + payload.parcel)
   Γåô POST /place/buildable-envelope ΓÇö parcel_node_id (canvas-free map snap) > emits null (never fabricates) when the parcel source stamped no node id
   Γåô POST /place/buildable-envelope ΓÇö parcel_node_id (canvas-free map snap) > emits parcel_node_id on derive path so the map still snaps + glows
   Γåô POST /place/buildable-envelope ΓÇö F4d authoritative resolution > HONORS explicit lat/lng and does NOT re-geocode the point (even with an address)
   Γåô POST /place/buildable-envelope ΓÇö F4d authoritative resolution > classifies an empty-coverage throw as an honest 404 no-parcel (NOT a 502)
   Γåô POST /place/buildable-envelope ΓÇö F4d authoritative resolution > still returns a real 502 for a GENUINE provider failure (network/upstream)
   Γåô POST /place/buildable-envelope ΓÇö F4d authoritative resolution > uses the authoritative situs short-circuit for a Hays store-backed county
   Γåô POST /place/buildable-envelope ΓÇö F4d authoritative resolution > declines to resolve from a geocode CENTROID (locality/zip rung) ΓÇö honest 404, no pin-query
   Γåô POST /place/buildable-envelope ΓÇö F4d authoritative resolution > still derives through the point path (no regression)
   Γåô POST /place/buildable-envelope ΓÇö P-151 bounded point-resolution timeout > declares a bounded 503 refusal when a bare {lat,lng} pin-query never settles within the time budget
   Γåô POST /place/buildable-envelope ΓÇö P-151 bounded point-resolution timeout > still resolves normally (no 503, no added latency) for a bare {lat,lng} request that answers promptly
   Γåô POST /place/buildable-envelope ΓÇö P-151 bounded point-resolution timeout > a genuine provider error on the explicit-coordinates branch still 502s (timeout classification does not swallow real errors)
   Γåô POST /place/buildable-envelope ΓÇö atom-chain provenanceRefs (R3) > populates provenanceRefs when the atom-chain wire carries DID fields
   Γåô POST /place/buildable-envelope ΓÇö atom-chain provenanceRefs (R3) > omits provenanceRefs entirely when the wire carries no DID fields (today's baseline)
   ├ù POST /place/buildable-envelope ΓÇö P-304 area figure withholding > (a) anonymous POST to an UNVERIFIED parcel: no area figure, geometry still drawn, disclosure says why 7444ms
     ΓåÆ expected true to be false // Object.is equality
   Γ£ô POST /place/buildable-envelope ΓÇö P-304 area figure withholding > (b) verified-atom fixture: the entitled figure IS served (the change withholds only from the unentitled)  4698ms

ΓÄ»ΓÄ»ΓÄ»ΓÄ»ΓÄ»ΓÄ»ΓÄ» Failed Tests 1 ΓÄ»ΓÄ»ΓÄ»ΓÄ»ΓÄ»ΓÄ»ΓÄ»

 FAIL  src/__tests__/brokeragePlaceBuildableEnvelope.test.ts > POST /place/buildable-envelope ΓÇö P-304 area figure 
withholding > (a) anonymous POST to an UNVERIFIED parcel: no area figure, geometry still drawn, disclosure says why
AssertionError: expected true to be false // Object.is equality

- Expected
+ Received

- false
+ true

 Γ¥» src/__tests__/brokeragePlaceBuildableEnvelope.test.ts:860:38
    858| 
    859|     // THE FINDING, restated at the wire: neither figure reaches the cΓÇª
    860|     expect("buildableAreaSqFt" in p).toBe(false);
       |                                      ^
    861|     expect("buildableAreaPct" in p).toBe(false);
    862|     // ...not as a zero, and not as the atom's own unverified number.

ΓÄ»ΓÄ»ΓÄ»ΓÄ»ΓÄ»ΓÄ»ΓÄ»ΓÄ»ΓÄ»ΓÄ»ΓÄ»ΓÄ»ΓÄ»ΓÄ»ΓÄ»ΓÄ»ΓÄ»ΓÄ»ΓÄ»ΓÄ»ΓÄ»ΓÄ»ΓÄ»ΓÄ»[1/1]ΓÄ»


 Test Files  1 failed (1)
      Tests  1 failed | 1 passed | 22 skipped (24)
   Start at  10:05:20
   Duration  231.78s (transform 67.17s, setup 41ms, collect 25.84s, tests 205.04s, environment 0ms, prepare 99ms)

