Membership: P:/doc_repo/_inbox/2026-08-08_L2_WAVE3_membership_resume2.json resume=true batch=30 bosque=1 solo=5
Baseline distinct county_fips: 159; rows: 9226564

======== batch 1/4: 48493,48203,48299,48451,48361,48349,48053,48221 ========
[48493] START Wilson
[48203] START Harrison
[48451] START Tom Green
[48299] START Llano
[48361] START Orange
[48349] START Navarro
[48053] START Burnet
[48221] START Hood
[48493] DRY
[48053] DRY
[48203] DRY
[48451] DRY
[48361] DRY
[48221] DRY
[48299] DRY
[48349] DRY
[48493] dry f=28827 d=0 i=37604
[48493] APPLY1
[48053] dry f=50138 d=0 i=59785
[48053] APPLY1
[48299] dry f=38879 d=0 i=45860
[48299] APPLY1
[48203] dry f=50995 d=0 i=60341
[48203] APPLY1
[48361] dry f=50337 d=0 i=56128
[48361] APPLY1
[48451] dry f=58686 d=0 i=68571
[48451] APPLY1
[48349] dry f=46167 d=0 i=57926
[48349] APPLY1
[48221] dry f=51275 d=0 i=57169
[48221] APPLY1
[48299] APPLY2
[48361] APPLY2
[48451] APPLY2
[48203] APPLY2
[48053] APPLY2
[48221] APPLY2
[48493] APPLY2
[48361] PASS=true rows=56128 seam=1.115 mp%=0.56 wall=314.2s
[48299] PASS=true rows=45860 seam=1.1796 mp%=0.83 wall=315.3s
[48451] PASS=true rows=68571 seam=1.1684 mp%=0.66 wall=332.1s
[48221] PASS=true rows=57169 seam=1.1149 mp%=0.38 wall=339.4s
[48203] PASS=true rows=60341 seam=1.1833 mp%=1.67 wall=341.3s
[48053] PASS=true rows=59785 seam=1.1924 mp%=1.54 wall=345.8s
[48493] PASS=true rows=37604 seam=1.3045 mp%=0.73 wall=369.6s
[48349] APPLY2
[48349] PASS=true rows=57926 seam=1.2547 mp%=0.52 wall=665.8s
batch 1 SQL verify: {"48053":{"sql_rows":59785,"claimed_rows":59785,"pass_claim":true,"sql_matches_claim":true},"48203":{"sql_rows":60341,"claimed_rows":60341,"pass_claim":true,"sql_matches_claim":true},"48221":{"sql_rows":57169,"claimed_rows":57169,"pass_claim":true,"sql_matches_claim":true},"48299":{"sql_rows":45860,"claimed_rows":45860,"pass_claim":true,"sql_matches_claim":true},"48349":{"sql_rows":57926,"claimed_rows":57926,"pass_claim":true,"sql_matches_claim":true},"48361":{"sql_rows":56128,"claimed_rows":56128,"pass_claim":true,"sql_matches_claim":true},"48451":{"sql_rows":68571,"claimed_rows":68571,"pass_claim":true,"sql_matches_claim":true},"48493":{"sql_rows":37604,"claimed_rows":37604,"pass_claim":true,"sql_matches_claim":true}}

======== batch 2/4: 48471,48485,48329,48373,48005,48135,48041,48231 ========
[48471] START Walker
[48373] START Polk
[48485] START Wichita
[48005] START Angelina
[48135] START Ector
[48329] START Midland
[48231] START Hunt
[48041] START Brazos
[48041] DRY
[48471] DRY
[48373] DRY
[48231] DRY
[48329] DRY
[48135] DRY
[48485] DRY
[48005] DRY
[48471] dry f=35582 d=0 i=42463
[48471] APPLY1
[48373] dry f=60178 d=0 i=69616
[48373] APPLY1
[48041] dry f=74666 d=0 i=82874
[48041] APPLY1
[48485] dry f=58742 d=0 i=65490
[48485] APPLY1
[48005] dry f=60693 d=0 i=70445
[48005] APPLY1
[48231] dry f=69728 d=0 i=79774
[48231] APPLY1
[48329] dry f=75645 d=0 i=83887
[48329] APPLY1
[48135] dry f=75891 d=0 i=83202
[48135] APPLY1
[48471] APPLY2
[48373] APPLY2
[48135] APPLY2
[48041] APPLY2
[48329] APPLY2
[48485] APPLY2
[48231] APPLY2
[48135] PASS=true rows=83202 seam=1.0963 mp%=0.12 wall=395.5s
[48373] PASS=true rows=69616 seam=1.1568 mp%=1.16 wall=405.8s
[48471] PASS=true rows=42463 seam=1.1934 mp%=1.28 wall=407.9s
[48329] PASS=true rows=83887 seam=1.109 mp%=0.11 wall=414.9s
[48231] PASS=true rows=79774 seam=1.1441 mp%=0.24 wall=423.7s
[48041] PASS=true rows=82874 seam=1.1099 mp%=0.67 wall=424.4s
[48485] PASS=true rows=65490 seam=1.1149 mp%=0.51 wall=428.8s
[48005] APPLY2
[48005] PASS=true rows=70445 seam=1.1607 mp%=0 wall=628.8s
batch 2 SQL verify: {"48005":{"sql_rows":70445,"claimed_rows":70445,"pass_claim":true,"sql_matches_claim":true},"48041":{"sql_rows":82874,"claimed_rows":82874,"pass_claim":true,"sql_matches_claim":true},"48135":{"sql_rows":83202,"claimed_rows":83202,"pass_claim":true,"sql_matches_claim":true},"48231":{"sql_rows":79774,"claimed_rows":79774,"pass_claim":true,"sql_matches_claim":true},"48329":{"sql_rows":83887,"claimed_rows":83887,"pass_claim":true,"sql_matches_claim":true},"48373":{"sql_rows":69616,"claimed_rows":69616,"pass_claim":true,"sql_matches_claim":true},"48471":{"sql_rows":42463,"claimed_rows":42463,"pass_claim":true,"sql_matches_claim":true},"48485":{"sql_rows":65490,"claimed_rows":65490,"pass_claim":true,"sql_matches_claim":true}}

======== batch 3/4: 48183,48441,48171,48181,48213,48479,48303,48291 ========
[48183] START Gregg
[48441] START Taylor
[48171] START Gillespie
[48181] START Grayson
[48213] START Henderson
[48479] START Webb
[48303] START Lubbock
[48291] START Liberty
[48171] DRY
[48213] DRY
[48183] DRY
[48441] DRY
[48181] DRY
[48303] DRY
[48479] DRY
[48291] DRY
[48171] dry f=32351 d=0 i=40372
[48171] APPLY1
[48441] dry f=70598 d=0 i=79469
[48441] APPLY1
[48183] dry f=77816 d=0 i=83706
[48183] APPLY1
[48181] dry f=89348 d=0 i=100911
[48181] APPLY1
[48479] dry f=98291 d=0 i=113524
[48479] APPLY1
[48303] dry f=135112 d=0 i=144544
[48303] APPLY1
[48171] APPLY2
[48441] APPLY2
[48183] APPLY2
[48181] APPLY2
[48479] APPLY2
[48303] APPLY2
[48183] PASS=true rows=83706 seam=1.0757 mp%=0.05 wall=322s
[48171] PASS=true rows=40372 seam=1.2479 mp%=0.84 wall=328.6s
[48441] PASS=true rows=79469 seam=1.1257 mp%=0.01 wall=345.7s
[48181] PASS=true rows=100911 seam=1.1294 mp%=0.93 wall=367.1s
[48479] PASS=true rows=113524 seam=1.155 mp%=0.55 wall=437s
[48303] PASS=true rows=144544 seam=1.0698 mp%=0.7 wall=504.8s

*** WAVE HALTED at 48213: dry-run exit 1 ***


*** WAVE HALTED at 48291: dry-run exit 1 ***

batch 3 SQL verify: {"48171":{"sql_rows":40372,"claimed_rows":40372,"pass_claim":true,"sql_matches_claim":true},"48181":{"sql_rows":100911,"claimed_rows":100911,"pass_claim":true,"sql_matches_claim":true},"48183":{"sql_rows":83706,"claimed_rows":83706,"pass_claim":true,"sql_matches_claim":true},"48213":{"sql_rows":0,"claimed_rows":null,"pass_claim":false,"sql_matches_claim":null},"48291":{"sql_rows":0,"claimed_rows":null,"pass_claim":false,"sql_matches_claim":null},"48303":{"sql_rows":144544,"claimed_rows":144544,"pass_claim":true,"sql_matches_claim":true},"48441":{"sql_rows":79469,"claimed_rows":79469,"pass_claim":true,"sql_matches_claim":true},"48479":{"sql_rows":113524,"claimed_rows":113524,"pass_claim":true,"sql_matches_claim":true}}

==== WAVE 3 DONE ====
{
  "halted": true,
  "haltReason": "dry-run exit 1",
  "landed": 22,
  "failed": 2,
  "notStarted": 12,
  "totalRows": 1583661,
  "finalDistinct": 181,
  "results": "P:\\doc_repo\\_inbox\\2026-08-08_L2_WAVE3_results_a2.json",
  "report": "P:\\doc_repo\\_inbox\\2026-08-08_L2_WAVE3_report_a2.md"
}
