---
pid: 62436
cwd: "P:\\tmp\\ldt-dfw-ingest\\artifacts\\api-server"
command: "Set-Location p:\\tmp\\ldt-dfw-ingest\\artifacts\\api-server\nnpx tsx src/nodeFacetBakeTier1Cli.ts --county=48085 2>&1 | Tee-Object -FilePath p:\\doc_repo\\_inbox\\2026-08-04_collin_facet_bake_tier1_apply.log"
title: "Apply node-facet-bake-tier1 for Collin County"
status: succeeded
started_at: 2026-08-04T23:44:05.452Z
running_for_ms: 426095   
---
node.exe : (node:68528) Warning: SECURITY WARNING: The SSL modes 'prefer', 'require', and 'verify-ca' are treated as 
aliases for 'verify-full'.
At line:1 char:1
+ & "C:\Program Files\nodejs/node.exe" "C:\Users\cente\AppData\Roaming\ ...
+ ~~~~~~~~~~~~~~~~~~~~~~~~~~~~~~~~~~~~~~~~~~~~~~~~~~~~~~~~~~~~~~~~~~~~~
    + CategoryInfo          : NotSpecified: ((node:68528) Wa... 'verify-full'.:String) [], RemoteException
    + FullyQualifiedErrorId : NativeCommandError
 
In the next major version (pg-connection-string v3.0.0 and pg v9.0.0), these modes will adopt standard libpq 
semantics, which have weaker security guarantees.
To prepare for this change:
- If you want the current behavior, explicitly use 'sslmode=verify-full'
- If you want libpq compatibility now, use 'uselibpqcompat=true&sslmode=require'
See https://www.postgresql.org/docs/current/libpq-ssl.html for libpq SSL mode definitions.
(Use `node --trace-warnings ...` to show where the warning was created)
[node-facet-bake-t1] baking Tier-1 node facets for 48085/48085 from txgio_parcel (387737 parcels), adapter_key=node-facets:tier1
[node-facet-bake-t1] CAD land-use rows for 48085: 385439
[node-facet-bake-t1] ---- Tier-1 bake summary ----
[node-facet-bake-t1] county:              48085/48085
[node-facet-bake-t1] mode:                WRITE
[node-facet-bake-t1] adapter_key:         node-facets:tier1
[node-facet-bake-t1] parcels seen:        387737
[node-facet-bake-t1]   skipped (no id):   0
[node-facet-bake-t1]   skipped (no geom): 0 (baked id-only, envelope/acreage absent)
[node-facet-bake-t1] bakeable nodes:      387737
[node-facet-bake-t1]   promoted (new):    387334
[node-facet-bake-t1]   promoted (upgrade):403
[node-facet-bake-t1]   kept prior (mono): 0
[node-facet-bake-t1]   fabrication fixed: 0 (gate-blocked land-use stripped from prior snapshot)
[node-facet-bake-t1] facet coverage (of bakeable):
[node-facet-bake-t1]   land-use:          385477 (99.4%)
[node-facet-bake-t1]     via address-join:0 (owner-gated situs-address recovery)
[node-facet-bake-t1]   acreage:           387737 (100.0%)
[node-facet-bake-t1]   zoning:            0 (0.0%)
[node-facet-bake-t1]   envelope derived:  0 (0.0%)
[node-facet-bake-t1]   envelope ok:       0 (0.0%)
[node-facet-bake-t1] duration:            424.1s
[node-facet-bake-t1] ---- sample owner-free payloads (3) ----
{
  "facetSchemaVersion": "node-facets-tier1-v1",
  "tier": 1,
  "parcelNodeId": "48085:2577028",
  "countyFips": "48085",
  "countyName": "48085",
  "baseFacts": {
    "apn": "2577028",
    "situsAddress": "1710 WHITE MOUNTAIN WAY, PRINCETON, TX 75407",
    "situsCity": "PRINCETON",
    "situsState": "TX",
    "landUse": {
      "code": "A1",
      "description": "Single-family residential",
      "source": "cad-roll",
      "vintage": "stratmap25-landparcels_48085_collin_202503"
    },
    "acreage": {
      "value": 0.134,
      "sqft": 5838,
      "method": "shoelace-wgs84"
    }
  },
  "zoning": null,
  "envelope": {
    "provisional": true,
    "roadsPending": true,
    "confidence": null,
    "approximate": true,
    "status": "declined",
    "declineReason": "no-zoning-stamp",
    "disclosure": "No zoning stamp on this parcel - honest absence; envelope via atom path when present.",
    "jurisdictionKey": null
  },
  "facetCoverage": {
    "baseFacts": true,
    "landUse": true,
    "acreage": true,
    "zoning": false,
    "envelope": false
  },
  "provenance": {
    "parcelSource": "txgio",
    "parcelVintage": "stratmap25-landparcels_48085_collin_202503",
    "landUseSource": "cad-roll",
    "landUseAddressRecovered": false,
    "roadsPending": true,
    "tierNote": "Tier 1 (deterministic). Buildable envelope product path retired (anti-zombie / atom_path_pending) — read envelope from property atom chain. Tier 2 may still carry flood overlay.",
    "landUseGateBlocked": false,
    "zoningSource": null
  },
  "bakedAt": "2026-08-04T23:44:11.089Z"
}
{
  "facetSchemaVersion": "node-facets-tier1-v1",
  "tier": 1,
  "parcelNodeId": "48085:2631662",
  "countyFips": "48085",
  "countyName": "48085",
  "baseFacts": {
    "apn": "2631662",
    "situsAddress": "10516 SEXTON DR, MCKINNEY, TX 75072",
    "situsCity": "MCKINNEY",
    "situsState": "TX",
    "landUse": {
      "code": "A1",
      "description": "Single-family residential",
      "source": "cad-roll",
      "vintage": "stratmap25-landparcels_48085_collin_202503"
    },
    "acreage": {
      "value": 0.1374,
      "sqft": 5983,
      "method": "shoelace-wgs84"
    }
  },
  "zoning": null,
  "envelope": {
    "provisional": true,
    "roadsPending": true,
    "confidence": null,
    "approximate": true,
    "status": "declined",
    "declineReason": "no-zoning-stamp",
    "disclosure": "No zoning stamp on this parcel - honest absence; envelope via atom path when present.",
    "jurisdictionKey": null
  },
  "facetCoverage": {
    "baseFacts": true,
    "landUse": true,
    "acreage": true,
    "zoning": false,
    "envelope": false
  },
  "provenance": {
    "parcelSource": "txgio",
    "parcelVintage": "stratmap25-landparcels_48085_collin_202503",
    "landUseSource": "cad-roll",
    "landUseAddressRecovered": false,
    "roadsPending": true,
    "tierNote": "Tier 1 (deterministic). Buildable envelope product path retired (anti-zombie / atom_path_pending) — read envelope from property atom chain. Tier 2 may still carry flood overlay.",
    "landUseGateBlocked": false,
    "zoningSource": null
  },
  "bakedAt": "2026-08-04T23:44:11.089Z"
}
{
  "facetSchemaVersion": "node-facets-tier1-v1",
  "tier": 1,
  "parcelNodeId": "48085:2517074",
  "countyFips": "48085",
  "countyName": "48085",
  "baseFacts": {
    "apn": "2517074",
    "situsAddress": "12309 MURRAY LN, FRISCO, TX 75035",
    "situsCity": "FRISCO",
    "situsState": "TX",
    "landUse": {
      "code": "A1",
      "description": "Single-family residential",
      "source": "cad-roll",
      "vintage": "stratmap25-landparcels_48085_collin_202503"
    },
    "acreage": {
      "value": 0.1721,
      "sqft": 7495,
      "method": "shoelace-wgs84"
    }
  },
  "zoning": null,
  "envelope": {
    "provisional": true,
    "roadsPending": true,
    "confidence": null,
    "approximate": true,
    "status": "declined",
    "declineReason": "no-zoning-stamp",
    "disclosure": "No zoning stamp on this parcel - honest absence; envelope via atom path when present.",
    "jurisdictionKey": null
  },
  "facetCoverage": {
    "baseFacts": true,
    "landUse": true,
    "acreage": true,
    "zoning": false,
    "envelope": false
  },
  "provenance": {
    "parcelSource": "txgio",
    "parcelVintage": "stratmap25-landparcels_48085_collin_202503",
    "landUseSource": "cad-roll",
    "landUseAddressRecovered": false,
    "roadsPending": true,
    "tierNote": "Tier 1 (deterministic). Buildable envelope product path retired (anti-zombie / atom_path_pending) — read envelope from property atom chain. Tier 2 may still carry flood overlay.",
    "landUseGateBlocked": false,
    "zoningSource": null
  },
  "bakedAt": "2026-08-04T23:44:11.089Z"
}

---
exit_code: 0
elapsed_ms: 426094
ended_at: 2026-08-04T23:51:11.546Z
---
