
> @workspace/cad-ingest@0.0.0 txgio-ingest P:\legacy-design-tools-wave0\lib\cad-ingest
> tsx src/txgio/cli.ts "--" "--county=48165" "--dry-run"

[txgio-ingest] downloading https://data.geographic.texas.gov/0fa04328-872e-481c-b453-126a74777593/resources/stratmap25-landparcels_48165_lp.zip
[txgio-ingest] saved C:\Users\cente\AppData\Local\Temp\txgio-ingest-CvCA1F\stratmap25-landparcels_48165_lp.zip
[txgio-ingest] extracting shp/stratmap25-landparcels_48165_gaines_202503.dbf (35548738 bytes)
[txgio-ingest] extracting shp/stratmap25-landparcels_48165_gaines_202503.prj (145 bytes)
[txgio-ingest] extracting shp/stratmap25-landparcels_48165_gaines_202503.shp (3923468 bytes)
[txgio-ingest] projection: GCS_WGS_1984 geographic (stratmap25-landparcels_48165_gaines_202503.prj)
[txgio-ingest] county=48165 (Gaines) source=https://data.geographic.texas.gov/0fa04328-872e-481c-b453-126a74777593/resources/stratmap25-landparcels_48165_lp.zip
[txgio-ingest] shapefile: C:\Users\cente\AppData\Local\Temp\txgio-ingest-CvCA1F\stratmap25-landparcels_48165_gaines_202503.shp
[txgio-ingest] vintage=stratmap25-landparcels_48165_gaines_202503
[txgio-ingest] ---- ingest summary (DRY RUN — nothing written) ----
[txgio-ingest] county:           48165 (Gaines)
[txgio-ingest] loaded before:    no
[txgio-ingest] source file:      stratmap25-landparcels_48165_lp.zip
[txgio-ingest] source vintage:   stratmap25-landparcels_48165_gaines_202503
[txgio-ingest] source CRS:       wgs84-geographic
[txgio-ingest] features read:    16580
[txgio-ingest] features parsed:  16576
[txgio-ingest] features would load: 16576
[txgio-ingest] rows would delete:  0
[txgio-ingest] rows would insert:  22371 (one per intersecting grid cell)
[txgio-ingest] features skipped: 4 (no polygon geometry)
[txgio-ingest] duration:         5.3s
[txgio-ingest] skip samples:     feature 9399: empty geometry | feature 16506: empty geometry | feature 16525: empty geometry | feature 16526: empty geometry

(node:133436) Warning: SECURITY WARNING: The SSL modes 'prefer', 'require', and 'verify-ca' are treated as aliases for 'verify-full'.
In the next major version (pg-connection-string v3.0.0 and pg v9.0.0), these modes will adopt standard libpq semantics, which have weaker security guarantees.

To prepare for this change:
- If you want the current behavior, explicitly use 'sslmode=verify-full'
- If you want libpq compatibility now, use 'uselibpqcompat=true&sslmode=require'

See https://www.postgresql.org/docs/current/libpq-ssl.html for libpq SSL mode definitions.
(Use `node --trace-warnings ...` to show where the warning was created)
